Archive member included to satisfy reference by file (symbol)

Generated_Source\PSoC6\pdl\middleware\ble\lib\cy_ble_stack_gcc_controller_ipc_cm0p.a(CyBleStackMgrIP_Interface.o)
                              .\CortexM0p\ARM_GCC_541\Debug\cy_ble.o (Cy_BLE_EnablePrivacyFeature)
Generated_Source\PSoC6\pdl\middleware\ble\lib\cy_ble_stack_gcc_controller_ipc_cm0p.a(CyBleStackMgr_PSoCHal.o)
                              Generated_Source\PSoC6\pdl\middleware\ble\lib\cy_ble_stack_gcc_controller_ipc_cm0p.a(CyBleStackMgrIP_Interface.o) (bt_config)
Generated_Source\PSoC6\pdl\middleware\ble\lib\cy_ble_stack_gcc_controller_ipc_cm0p.a(CyBleStackMgr_BleSSDriver.o)
                              Generated_Source\PSoC6\pdl\middleware\ble\lib\cy_ble_stack_gcc_controller_ipc_cm0p.a(CyBleStackMgrIP_Interface.o) (CyBleStackMgr_BleSSInit)
Generated_Source\PSoC6\pdl\middleware\ble\lib\cy_ble_stack_gcc_controller_ipc_cm0p.a(CyBleStackMgr_StackTaskHandler.o)
                              Generated_Source\PSoC6\pdl\middleware\ble\lib\cy_ble_stack_gcc_controller_ipc_cm0p.a(CyBleStackMgrIP_Interface.o) (CyBle_CreateBleStackTask)
Generated_Source\PSoC6\pdl\middleware\ble\lib\cy_ble_stack_gcc_controller_ipc_cm0p.a(config_bin.o)
                              Generated_Source\PSoC6\pdl\middleware\ble\lib\cy_ble_stack_gcc_controller_ipc_cm0p.a(CyBleStackMgr_PSoCHal.o) (bt_cfg_pdata)
Generated_Source\PSoC6\pdl\middleware\ble\lib\cy_ble_stack_gcc_controller_ipc_cm0p.a(BT_timer.o)
                              Generated_Source\PSoC6\pdl\middleware\ble\lib\cy_ble_stack_gcc_controller_ipc_cm0p.a(CyBleStackMgr_StackTaskHandler.o) (BT_timer_process_signals)
Generated_Source\PSoC6\pdl\middleware\ble\lib\cy_ble_stack_gcc_controller_ipc_cm0p.a(bt_os_common.o)
                              Generated_Source\PSoC6\pdl\middleware\ble\lib\cy_ble_stack_gcc_controller_ipc_cm0p.a(CyBleStackMgr_StackTaskHandler.o) (BT_ISROSQPost)
Generated_Source\PSoC6\pdl\middleware\ble\lib\cy_ble_stack_gcc_controller_ipc_cm0p.a(CyBleStackMgrIP_Pilo.o)
                              Generated_Source\PSoC6\pdl\middleware\ble\lib\cy_ble_stack_gcc_controller_ipc_cm0p.a(CyBleStackMgrIP_Interface.o) (CyPilo_InitCalibration)
Generated_Source\PSoC6\pdl\middleware\ble\lib\cy_ble_stack_gcc_controller_ipc_cm0p.a(mint_os.o)
                              Generated_Source\PSoC6\pdl\middleware\ble\lib\cy_ble_stack_gcc_controller_ipc_cm0p.a(CyBleStackMgrIP_Interface.o) (OS_init)
Generated_Source\PSoC6\pdl\middleware\ble\lib\cy_ble_stack_gcc_controller_ipc_cm0p.a(mint_os_queue.o)
                              Generated_Source\PSoC6\pdl\middleware\ble\lib\cy_ble_stack_gcc_controller_ipc_cm0p.a(mint_os.o) (OS_TOTAL_QUEUES)
Generated_Source\PSoC6\pdl\middleware\ble\lib\cy_ble_stack_gcc_controller_ipc_cm0p.a(mint_os_task.o)
                              Generated_Source\PSoC6\pdl\middleware\ble\lib\cy_ble_stack_gcc_controller_ipc_cm0p.a(mint_os.o) (idle_func_handler)
Generated_Source\PSoC6\pdl\middleware\ble\lib\cy_ble_stack_gcc_controller_ipc_cm0p.a(mint_buf_mgmt.o)
                              Generated_Source\PSoC6\pdl\middleware\ble\lib\cy_ble_stack_gcc_controller_ipc_cm0p.a(CyBleStackMgrIP_Interface.o) (mint_buf_mgmt_init)
Generated_Source\PSoC6\pdl\middleware\ble\lib\cy_ble_stack_gcc_controller_ipc_cm0p.a(transport_ipc.o)
                              Generated_Source\PSoC6\pdl\middleware\ble\lib\cy_ble_stack_gcc_controller_ipc_cm0p.a(CyBleStackMgr_PSoCHal.o) (CyBleController_HciIpcInit)
Generated_Source\PSoC6\pdl\middleware\ble\lib\cy_ble_stack_gcc_controller_ipc_cm0p.a(CyBleStackMgr_PSoCIPCHal.o)
                              Generated_Source\PSoC6\pdl\middleware\ble\lib\cy_ble_stack_gcc_controller_ipc_cm0p.a(CyBleStackMgrIP_Interface.o) (CyBleController_IPC_HAL_InitWithStaticMem)
Generated_Source\PSoC6\pdl\middleware\ble\lib\cy_ble_stack_gcc_controller_ipc_cm0p.a(CyBleControllerIP_Interface.o)
                              Generated_Source\PSoC6\pdl\middleware\ble\lib\cy_ble_stack_gcc_controller_ipc_cm0p.a(CyBleStackMgrIP_Interface.o) (CyBle_ControllerEnableDleFeature)
Generated_Source\PSoC6\pdl\middleware\ble\lib\cy_ble_stack_gcc_controller_ipc_cm0p.a(ll.o)
                              Generated_Source\PSoC6\pdl\middleware\ble\lib\cy_ble_stack_gcc_controller_ipc_cm0p.a(CyBleControllerIP_Interface.o) (ll_self_device_data)
Generated_Source\PSoC6\pdl\middleware\ble\lib\cy_ble_stack_gcc_controller_ipc_cm0p.a(ll_advertiser.o)
                              Generated_Source\PSoC6\pdl\middleware\ble\lib\cy_ble_stack_gcc_controller_ipc_cm0p.a(ll.o) (ll_adv_is_configured_connection_adv)
Generated_Source\PSoC6\pdl\middleware\ble\lib\cy_ble_stack_gcc_controller_ipc_cm0p.a(ll_connection.o)
                              Generated_Source\PSoC6\pdl\middleware\ble\lib\cy_ble_stack_gcc_controller_ipc_cm0p.a(ll.o) (bleSlDsmFix)
Generated_Source\PSoC6\pdl\middleware\ble\lib\cy_ble_stack_gcc_controller_ipc_cm0p.a(llh_api.o)
[...]
Memory Configuration

Name             Origin             Length             Attributes
ram              0x08000000         0x00024000         xrw
flash            0x10000000         0x00080000         xr
em_eeprom        0x14000000         0x00008000         xr
sflash_user_data 0x16000800         0x00000800         xr
sflash_nar       0x16001a00         0x00000200         xr
sflash_public_key 0x16005a00         0x00000c00         xr
sflash_toc_2     0x16007c00         0x00000200         xr
sflash_rtoc_2    0x16007e00         0x00000200         xr
xip              0x18000000         0x08000000         xr
efuse            0x90700000         0x00100000         r
*default*        0x00000000         0xffffffff

Linker script and memory map

LOAD c:/program files (x86)/cypress/psoc creator/4.4/psoc creator/import/gnu/arm/5.4.1/bin/../lib/gcc/arm-none-eabi/5.4.1/armv6-m/crti.o
LOAD c:/program files (x86)/cypress/psoc creator/4.4/psoc creator/import/gnu/arm/5.4.1/bin/../lib/gcc/arm-none-eabi/5.4.1/armv6-m/crtbegin.o
LOAD c:/program files (x86)/cypress/psoc creator/4.4/psoc creator/import/gnu/arm/5.4.1/bin/../lib/gcc/arm-none-eabi/5.4.1/../../../../arm-none-eabi/lib/armv6-m/crt0.o
START GROUP
LOAD Generated_Source\PSoC6\pdl\middleware\ble\lib\cy_ble_stack_gcc_radio_max_cm0p.a
LOAD Generated_Source\PSoC6\pdl\middleware\ble\lib\cy_ble_stack_gcc_controller_ipc_cm0p.a
LOAD .\CortexM0p\ARM_GCC_541\Debug\startup_psoc6_01_cm0plus.o
LOAD .\CortexM0p\ARM_GCC_541\Debug\main_cm0p.o
LOAD .\CortexM0p\ARM_GCC_541\Debug\system_psoc6_cm0plus.o
LOAD .\CortexM0p\ARM_GCC_541\Debug\stdio_user.o
LOAD .\CortexM0p\ARM_GCC_541\Debug\cyfitter_sysint_cfg.o
LOAD .\CortexM0p\ARM_GCC_541\Debug\cyfitter_cfg.o
LOAD .\CortexM0p\ARM_GCC_541\Debug\cymetadata.o
LOAD .\CortexM0p\ARM_GCC_541\Debug\I2C_1.o
LOAD .\CortexM0p\ARM_GCC_541\Debug\cy_efuse.o
LOAD .\CortexM0p\ARM_GCC_541\Debug\cy_flash.o
LOAD .\CortexM0p\ARM_GCC_541\Debug\cy_gpio.o
LOAD .\CortexM0p\ARM_GCC_541\Debug\cy_ipc_drv.o
LOAD .\CortexM0p\ARM_GCC_541\Debug\cy_ipc_sema.o
LOAD .\CortexM0p\ARM_GCC_541\Debug\cy_ipc_pipe.o
LOAD .\CortexM0p\ARM_GCC_541\Debug\cy_lvd.o
LOAD .\CortexM0p\ARM_GCC_541\Debug\cy_profile.o
LOAD .\CortexM0p\ARM_GCC_541\Debug\cy_prot.o
LOAD .\CortexM0p\ARM_GCC_541\Debug\cy_scb_common.o
LOAD .\CortexM0p\ARM_GCC_541\Debug\cy_scb_i2c.o
LOAD .\CortexM0p\ARM_GCC_541\Debug\cy_scb_ezi2c.o
LOAD .\CortexM0p\ARM_GCC_541\Debug\cy_scb_spi.o
LOAD .\CortexM0p\ARM_GCC_541\Debug\cy_scb_uart.o
LOAD .\CortexM0p\ARM_GCC_541\Debug\cy_sysanalog.o
LOAD .\CortexM0p\ARM_GCC_541\Debug\cy_sysclk.o
LOAD .\CortexM0p\ARM_GCC_541\Debug\cy_sysint.o
LOAD .\CortexM0p\ARM_GCC_541\Debug\cy_syslib.o
LOAD .\CortexM0p\ARM_GCC_541\Debug\cy_syslib_gcc.o
LOAD .\CortexM0p\ARM_GCC_541\Debug\cy_syspm.o
LOAD .\CortexM0p\ARM_GCC_541\Debug\cy_systick.o
LOAD .\CortexM0p\ARM_GCC_541\Debug\cy_trigmux.o
LOAD .\CortexM0p\ARM_GCC_541\Debug\cy_wdt.o
LOAD .\CortexM0p\ARM_GCC_541\Debug\cy_device.o
LOAD .\CortexM0p\ARM_GCC_541\Debug\cy_tcpwm_counter.o
LOAD .\CortexM0p\ARM_GCC_541\Debug\cy_tcpwm_pwm.o
LOAD .\CortexM0p\ARM_GCC_541\Debug\cy_tcpwm_quaddec.o
LOAD .\CortexM0p\ARM_GCC_541\Debug\cy_ble_clk.o
LOAD .\CortexM0p\ARM_GCC_541\Debug\cy_ble.o
LOAD .\CortexM0p\ARM_GCC_541\Debug\cy_ble_hal_int.o
LOAD .\CortexM0p\ARM_GCC_541\Debug\cy_ble_hal_pvt.o
LOAD .\CortexM0p\ARM_GCC_541\Debug\cy_ble_gap.o
LOAD .\CortexM0p\ARM_GCC_541\Debug\cy_ble_gatt.o
LOAD .\CortexM0p\ARM_GCC_541\Debug\cy_ble_event_handler.o
LOAD .\CortexM0p\ARM_GCC_541\Debug\cy_ble_ancs.o
LOAD .\CortexM0p\ARM_GCC_541\Debug\cy_ble_ans.o
LOAD .\CortexM0p\ARM_GCC_541\Debug\cy_ble_aios.o
LOAD .\CortexM0p\ARM_GCC_541\Debug\cy_ble_bas.o
LOAD .\CortexM0p\ARM_GCC_541\Debug\cy_ble_bcs.o
LOAD .\CortexM0p\ARM_GCC_541\Debug\cy_ble_bls.o
LOAD .\CortexM0p\ARM_GCC_541\Debug\cy_ble_bms.o
LOAD .\CortexM0p\ARM_GCC_541\Debug\cy_ble_bts.o
LOAD .\CortexM0p\ARM_GCC_541\Debug\cy_ble_cgms.o
LOAD .\CortexM0p\ARM_GCC_541\Debug\cy_ble_cps.o
LOAD .\CortexM0p\ARM_GCC_541\Debug\cy_ble_cscs.o
LOAD .\CortexM0p\ARM_GCC_541\Debug\cy_ble_cts.o
LOAD .\CortexM0p\ARM_GCC_541\Debug\cy_ble_custom.o
LOAD .\CortexM0p\ARM_GCC_541\Debug\cy_ble_dis.o
LOAD .\CortexM0p\ARM_GCC_541\Debug\cy_ble_ess.o
LOAD .\CortexM0p\ARM_GCC_541\Debug\cy_ble_gls.o
LOAD .\CortexM0p\ARM_GCC_541\Debug\cy_ble_hids.o
LOAD .\CortexM0p\ARM_GCC_541\Debug\cy_ble_hps.o
LOAD .\CortexM0p\ARM_GCC_541\Debug\cy_ble_hrs.o
LOAD .\CortexM0p\ARM_GCC_541\Debug\cy_ble_hts.o
LOAD .\CortexM0p\ARM_GCC_541\Debug\cy_ble_ias.o
LOAD .\CortexM0p\ARM_GCC_541\Debug\cy_ble_ips.o
LOAD .\CortexM0p\ARM_GCC_541\Debug\cy_ble_lls.o
LOAD .\CortexM0p\ARM_GCC_541\Debug\cy_ble_lns.o
LOAD .\CortexM0p\ARM_GCC_541\Debug\cy_ble_ndcs.o
LOAD .\CortexM0p\ARM_GCC_541\Debug\cy_ble_plxs.o
LOAD .\CortexM0p\ARM_GCC_541\Debug\cy_ble_pass.o
LOAD .\CortexM0p\ARM_GCC_541\Debug\cy_ble_rscs.o
LOAD .\CortexM0p\ARM_GCC_541\Debug\cy_ble_rtus.o
LOAD .\CortexM0p\ARM_GCC_541\Debug\cy_ble_scps.o
LOAD .\CortexM0p\ARM_GCC_541\Debug\cy_ble_tps.o
LOAD .\CortexM0p\ARM_GCC_541\Debug\cy_ble_uds.o
LOAD .\CortexM0p\ARM_GCC_541\Debug\cy_ble_wpts.o
LOAD .\CortexM0p\ARM_GCC_541\Debug\cy_ble_wss.o
LOAD .\CortexM0p\ARM_GCC_541\Debug\retarget.o
LOAD .\CortexM0p\ARM_GCC_541\Debug\BLE.o
LOAD .\CortexM0p\ARM_GCC_541\Debug\BLE_config.o
LOAD .\CortexM0p\ARM_GCC_541\Debug\BLE_custom_config.o
LOAD .\CortexM0p\ARM_GCC_541\Debug\UART.o
LOAD .\CortexM0p\ARM_GCC_541\Debug\PWM_AFE.o
LOAD .\CortexM0p\ARM_GCC_541\Debug\PWM.o
LOAD .\CortexM0p\ARM_GCC_541\Debug\I2C_2.o
LOAD .\CortexM0p\ARM_GCC_541\Debug\PWM_CYC.o
LOAD .\CortexM0p\ARM_GCC_541\Debug\PWM_TIM.o
END GROUP
START GROUP
LOAD c:/program files (x86)/cypress/psoc creator/4.4/psoc creator/import/gnu/arm/5.4.1/bin/../lib/gcc/arm-none-eabi/5.4.1/armv6-m\libgcc.a
LOAD c:/program files (x86)/cypress/psoc creator/4.4/psoc creator/import/gnu/arm/5.4.1/bin/../lib/gcc/arm-none-eabi/5.4.1/../../../../arm-none-eabi/lib/armv6-m\libg_nano.a
LOAD c:/program files (x86)/cypress/psoc creator/4.4/psoc creator/import/gnu/arm/5.4.1/bin/../lib/gcc/arm-none-eabi/5.4.1/../../../../arm-none-eabi/lib/armv6-m\libc_nano.a
END GROUP
START GROUP
LOAD c:/program files (x86)/cypress/psoc creator/4.4/psoc creator/import/gnu/arm/5.4.1/bin/../lib/gcc/arm-none-eabi/5.4.1/armv6-m\libgcc.a
LOAD c:/program files (x86)/cypress/psoc creator/4.4/psoc creator/import/gnu/arm/5.4.1/bin/../lib/gcc/arm-none-eabi/5.4.1/../../../../arm-none-eabi/lib/armv6-m\libc_nano.a
END GROUP
LOAD c:/program files (x86)/cypress/psoc creator/4.4/psoc creator/import/gnu/arm/5.4.1/bin/../lib/gcc/arm-none-eabi/5.4.1/armv6-m/crtend.o
LOAD c:/program files (x86)/cypress/psoc creator/4.4/psoc creator/import/gnu/arm/5.4.1/bin/../lib/gcc/arm-none-eabi/5.4.1/armv6-m/crtn.o
START GROUP
LOAD c:/program files (x86)/cypress/psoc creator/4.4/psoc creator/import/gnu/arm/5.4.1/bin/../lib/gcc/arm-none-eabi/5.4.1/armv6-m\libgcc.a
LOAD c:/program files (x86)/cypress/psoc creator/4.4/psoc creator/import/gnu/arm/5.4.1/bin/../lib/gcc/arm-none-eabi/5.4.1/../../../../arm-none-eabi/lib/armv6-m\libc.a
LOAD c:/program files (x86)/cypress/psoc creator/4.4/psoc creator/import/gnu/arm/5.4.1/bin/../lib/gcc/arm-none-eabi/5.4.1/../../../../arm-none-eabi/lib/armv6-m\libnosys.a
END GROUP
START GROUP
LOAD c:/program files (x86)/cypress/psoc creator/4.4/psoc creator/import/gnu/arm/5.4.1/bin/../lib/gcc/arm-none-eabi/5.4.1/armv6-m\libgcc.a
LOAD c:/program files (x86)/cypress/psoc creator/4.4/psoc creator/import/gnu/arm/5.4.1/bin/../lib/gcc/arm-none-eabi/5.4.1/../../../../arm-none-eabi/lib/armv6-m\libc.a
LOAD c:/program files (x86)/cypress/psoc creator/4.4/psoc creator/import/gnu/arm/5.4.1/bin/../lib/gcc/arm-none-eabi/5.4.1/../../../../arm-none-eabi/lib/armv6-m\libm.a
LOAD c:/program files (x86)/cypress/psoc creator/4.4/psoc creator/import/gnu/arm/5.4.1/bin/../lib/gcc/arm-none-eabi/5.4.1/../../../../arm-none-eabi/lib/armv6-m\libnosys.a
END GROUP

.cy_app_header
 *(.cy_app_header)

.text           0x10000000     0x71cc
                0x10000000                . = ALIGN (0x4)
                0x10000000                __Vectors = .
 *(.vectors)
 .vectors       0x10000000       0xc0 .\CortexM0p\ARM_GCC_541\Debug\startup_psoc6_01_cm0plus.o
                0x100000c0                . = ALIGN (0x4)
                0x100000c0                __Vectors_End = .
                0x000000c0                __Vectors_Size = (__Vectors_End - __Vectors)
                0x100000c0                __end__ = .
                0x100000c0                . = ALIGN (0x4)
 *(.text*)
 .text          0x100000c0       0x60 c:/program files (x86)/cypress/psoc creator/4.4/psoc creator/import/gnu/arm/5.4.1/bin/../lib/gcc/arm-none-eabi/5.4.1/armv6-m/crtbegin.o
 .text          0x10000120       0x80 .\CortexM0p\ARM_GCC_541\Debug\startup_psoc6_01_cm0plus.o
                0x10000120                Cy_OnResetUser
                0x10000122                Reset_Handler
                0x10000180                NvicMux10_IRQHandler
                0x10000180                NvicMux26_IRQHandler
                0x10000180                SysTick_Handler
                0x10000180                NvicMux21_IRQHandler
                0x10000180                NMI_Handler
                0x10000180                NvicMux19_IRQHandler
                0x10000180                NvicMux8_IRQHandler
                0x10000180                NvicMux27_IRQHandler
                0x10000180                PendSV_Handler
                0x10000180                NvicMux17_IRQHandler
                0x10000180                NvicMux0_IRQHandler
                0x10000180                NvicMux25_IRQHandler
                0x10000180                NvicMux13_IRQHandler
                0x10000180                NvicMux11_IRQHandler
                0x10000180                NvicMux9_IRQHandler
                0x10000180                NvicMux18_IRQHandler
                0x10000180                NvicMux6_IRQHandler
                0x10000180                NvicMux22_IRQHandler
                0x10000180                NvicMux7_IRQHandler
                0x10000180                NvicMux2_IRQHandler
                0x10000180                NvicMux4_IRQHandler
                0x10000180                Default_Handler
                0x10000180                NvicMux30_IRQHandler
                0x10000180                NvicMux12_IRQHandler
                0x10000180                NvicMux5_IRQHandler
                0x10000180                NvicMux14_IRQHandler
                0x10000180                NvicMux3_IRQHandler
                0x10000180                SVC_Handler
                0x10000180                NvicMux1_IRQHandler
                0x10000180                NvicMux16_IRQHandler
                0x10000180                NvicMux29_IRQHandler
                0x10000180                NvicMux31_IRQHandler
                0x10000180                NvicMux24_IRQHandler
                0x10000180                NvicMux20_IRQHandler
                0x10000180                NvicMux15_IRQHandler
                0x10000180                NvicMux28_IRQHandler
                0x10000180                NvicMux23_IRQHandler
                0x10000184                HardFault_Handler
 .text.main     0x100001a0       0x1c .\CortexM0p\ARM_GCC_541\Debug\main_cm0p.o
                0x100001a0                main
 .text.Cy_SysIpcPipeIsrCm0
                0x100001bc        0xc .\CortexM0p\ARM_GCC_541\Debug\system_psoc6_cm0plus.o
                0x100001bc                Cy_SysIpcPipeIsrCm0
 .text.SystemCoreClockUpdate
                0x100001c8      0x1b0 .\CortexM0p\ARM_GCC_541\Debug\system_psoc6_cm0plus.o
                0x100001c8                SystemCoreClockUpdate
 .text.SystemInit
                0x10000378       0xc8 .\CortexM0p\ARM_GCC_541\Debug\system_psoc6_cm0plus.o
                0x10000378                SystemInit
 .text.Cy_SysGetCM4Status
                0x10000440       0x10 .\CortexM0p\ARM_GCC_541\Debug\system_psoc6_cm0plus.o
                0x10000440                Cy_SysGetCM4Status
 .text.Cy_SysResetCM4
                0x10000450       0x34 .\CortexM0p\ARM_GCC_541\Debug\system_psoc6_cm0plus.o
                0x10000450                Cy_SysResetCM4
 .text.Cy_SysEnableCM4
                0x10000484       0x5c .\CortexM0p\ARM_GCC_541\Debug\system_psoc6_cm0plus.o
                0x10000484                Cy_SysEnableCM4
 .text.CyClockStartupError
                0x100004e0        0x4 .\CortexM0p\ARM_GCC_541\Debug\cyfitter_cfg.o
 .text.cfg_write_bytes32
                0x100004e4       0x34 .\CortexM0p\ARM_GCC_541\Debug\cyfitter_cfg.o
 .text.AnalogSetDefault
                0x10000518       0x10 .\CortexM0p\ARM_GCC_541\Debug\cyfitter_cfg.o
 .text.CYMEMZERO
                0x10000528        0xc .\CortexM0p\ARM_GCC_541\Debug\cyfitter_cfg.o
 .text.CYCONFIGCPYCODE
                0x10000534        0x8 .\CortexM0p\ARM_GCC_541\Debug\cyfitter_cfg.o
 .text.ClockInit
                0x1000053c      0x474 .\CortexM0p\ARM_GCC_541\Debug\cyfitter_cfg.o
 .text.Cy_SystemInit
                0x100009b0      0x224 .\CortexM0p\ARM_GCC_541\Debug\cyfitter_cfg.o
                0x100009b0                Cy_SystemInit
 .text.Cy_Flash_BoundsCheck
                0x10000bd4        0xc .\CortexM0p\ARM_GCC_541\Debug\cy_flash.o
 .text.Cy_Flash_ProcessOpcode
                0x10000be0       0xbc .\CortexM0p\ARM_GCC_541\Debug\cy_flash.o
 .text.Cy_Flash_OperationStatus
                0x10000c9c       0x5c .\CortexM0p\ARM_GCC_541\Debug\cy_flash.o
 .text.Cy_Flash_InitExt
                0x10000cf8       0x44 .\CortexM0p\ARM_GCC_541\Debug\cy_flash.o
                0x10000cf8                Cy_Flash_InitExt
 .text.Cy_Flash_Init
                0x10000d3c       0x10 .\CortexM0p\ARM_GCC_541\Debug\cy_flash.o
                0x10000d3c                Cy_Flash_Init
 .text.Cy_Flash_WriteRow
                0x10000d4c       0xa0 .\CortexM0p\ARM_GCC_541\Debug\cy_flash.o
                0x10000d4c                Cy_Flash_WriteRow
 .text.Cy_Flash_IsOperationComplete
                0x10000dec        0x8 .\CortexM0p\ARM_GCC_541\Debug\cy_flash.o
                0x10000dec                Cy_Flash_IsOperationComplete
 .text.Cy_Flash_StartErase
                0x10000df4       0xac .\CortexM0p\ARM_GCC_541\Debug\cy_flash.o
                0x10000df4                Cy_Flash_StartErase
 .text.Cy_Flash_StartProgram
                0x10000ea0       0xb4 .\CortexM0p\ARM_GCC_541\Debug\cy_flash.o
                0x10000ea0                Cy_Flash_StartProgram
 .text.Cy_GPIO_Pin_Init
                0x10000f54      0x334 .\CortexM0p\ARM_GCC_541\Debug\cy_gpio.o
                0x10000f54                Cy_GPIO_Pin_Init
 .text.Cy_GPIO_Port_Init
                0x10001288       0xdc .\CortexM0p\ARM_GCC_541\Debug\cy_gpio.o
                0x10001288                Cy_GPIO_Port_Init
 .text.Cy_IPC_Drv_LockRelease
                0x10001364       0x40 .\CortexM0p\ARM_GCC_541\Debug\cy_ipc_drv.o
                0x10001364                Cy_IPC_Drv_LockRelease
 .text.Cy_IPC_Drv_SendMsgWord
                0x100013a4       0x40 .\CortexM0p\ARM_GCC_541\Debug\cy_ipc_drv.o
                0x100013a4                Cy_IPC_Drv_SendMsgWord
 .text.Cy_IPC_Drv_ReadMsgWord
                0x100013e4       0x38 .\CortexM0p\ARM_GCC_541\Debug\cy_ipc_drv.o
                0x100013e4                Cy_IPC_Drv_ReadMsgWord
 .text.Cy_IPC_Sema_InitExt
                0x1000141c       0xac .\CortexM0p\ARM_GCC_541\Debug\cy_ipc_sema.o
                0x1000141c                Cy_IPC_Sema_InitExt
 .text.Cy_IPC_Sema_Init
                0x100014c8       0x68 .\CortexM0p\ARM_GCC_541\Debug\cy_ipc_sema.o
                0x100014c8                Cy_IPC_Sema_Init
 .text.Cy_IPC_Sema_Set
                0x10001530       0x8c .\CortexM0p\ARM_GCC_541\Debug\cy_ipc_sema.o
                0x10001530                Cy_IPC_Sema_Set
 .text.Cy_IPC_Sema_Clear
                0x100015bc       0x8c .\CortexM0p\ARM_GCC_541\Debug\cy_ipc_sema.o
                0x100015bc                Cy_IPC_Sema_Clear
 .text.Cy_IPC_Sema_Status
                0x10001648       0x3c .\CortexM0p\ARM_GCC_541\Debug\cy_ipc_sema.o
                0x10001648                Cy_IPC_Sema_Status
 .text.Cy_IPC_Pipe_Config
                0x10001684       0x14 .\CortexM0p\ARM_GCC_541\Debug\cy_ipc_pipe.o
                0x10001684                Cy_IPC_Pipe_Config
 .text.Cy_IPC_Pipe_EndpointInit
                0x10001698       0xd8 .\CortexM0p\ARM_GCC_541\Debug\cy_ipc_pipe.o
                0x10001698                Cy_IPC_Pipe_EndpointInit
 .text.Cy_IPC_Pipe_Init
                0x10001770       0xbc .\CortexM0p\ARM_GCC_541\Debug\cy_ipc_pipe.o
                0x10001770                Cy_IPC_Pipe_Init
 .text.Cy_IPC_Pipe_SendMessage
                0x1000182c       0xb8 .\CortexM0p\ARM_GCC_541\Debug\cy_ipc_pipe.o
                0x1000182c                Cy_IPC_Pipe_SendMessage
 .text.Cy_IPC_Pipe_RegisterCallback
                0x100018e4       0x54 .\CortexM0p\ARM_GCC_541\Debug\cy_ipc_pipe.o
                0x100018e4                Cy_IPC_Pipe_RegisterCallback
 .text.Cy_IPC_Pipe_RegisterCallbackRel
                0x10001938       0x30 .\CortexM0p\ARM_GCC_541\Debug\cy_ipc_pipe.o
                0x10001938                Cy_IPC_Pipe_RegisterCallbackRel
 .text.Cy_IPC_Pipe_ExecCallback
                0x10001968       0xd0 .\CortexM0p\ARM_GCC_541\Debug\cy_ipc_pipe.o
                0x10001968                Cy_IPC_Pipe_ExecCallback
 .text.Cy_IPC_Pipe_ExecuteCallback
                0x10001a38       0x30 .\CortexM0p\ARM_GCC_541\Debug\cy_ipc_pipe.o
                0x10001a38                Cy_IPC_Pipe_ExecuteCallback
 .text.Cy_IPC_Pipe_EndpointPause
                0x10001a68       0x50 .\CortexM0p\ARM_GCC_541\Debug\cy_ipc_pipe.o
                0x10001a68                Cy_IPC_Pipe_EndpointPause
 .text.Cy_IPC_Pipe_EndpointResume
                0x10001ab8       0x48 .\CortexM0p\ARM_GCC_541\Debug\cy_ipc_pipe.o
                0x10001ab8                Cy_IPC_Pipe_EndpointResume
 .text.Cy_Prot_GetActivePC
                0x10001b00       0x34 .\CortexM0p\ARM_GCC_541\Debug\cy_prot.o
                0x10001b00                Cy_Prot_GetActivePC
 .text.Cy_SysClk_ClkPathSetSource
                0x10001b34       0x5c .\CortexM0p\ARM_GCC_541\Debug\cy_sysclk.o
                0x10001b34                Cy_SysClk_ClkPathSetSource
 .text.Cy_SysClk_ClkPathGetSource
                0x10001b90       0x4c .\CortexM0p\ARM_GCC_541\Debug\cy_sysclk.o
                0x10001b90                Cy_SysClk_ClkPathGetSource
 .text.Cy_SysClk_FllManualConfigure
                0x10001bdc      0x178 .\CortexM0p\ARM_GCC_541\Debug\cy_sysclk.o
                0x10001bdc                Cy_SysClk_FllManualConfigure
 .text.Cy_SysClk_FllEnable
                0x10001d54       0xdc .\CortexM0p\ARM_GCC_541\Debug\cy_sysclk.o
                0x10001d54                Cy_SysClk_FllEnable
 .text.Cy_SysClk_StartClkMeasurementCounters
                0x10001e30      0x19c .\CortexM0p\ARM_GCC_541\Debug\cy_sysclk.o
                0x10001e30                Cy_SysClk_StartClkMeasurementCounters
 .text.Cy_SysClk_ClkMeasurementCountersGetFreq
                0x10001fcc       0xbc .\CortexM0p\ARM_GCC_541\Debug\cy_sysclk.o
                0x10001fcc                Cy_SysClk_ClkMeasurementCountersGetFreq
 .text.Cy_SysInt_SetInterruptSource
                0x10002088       0x78 .\CortexM0p\ARM_GCC_541\Debug\cy_sysint.o
                0x10002088                Cy_SysInt_SetInterruptSource
 .text.Cy_SysInt_SetVector
                0x10002100       0x44 .\CortexM0p\ARM_GCC_541\Debug\cy_sysint.o
                0x10002100                Cy_SysInt_SetVector
 .text.Cy_SysInt_Init
                0x10002144       0xc4 .\CortexM0p\ARM_GCC_541\Debug\cy_sysint.o
                0x10002144                Cy_SysInt_Init
 .text.Cy_SysLib_DelayUs
                0x10002208       0x14 .\CortexM0p\ARM_GCC_541\Debug\cy_syslib.o
                0x10002208                Cy_SysLib_DelayUs
 .text.Cy_SysLib_Halt
                0x1000221c        0x4 .\CortexM0p\ARM_GCC_541\Debug\cy_syslib.o
                0x1000221c                Cy_SysLib_Halt
 .text.Cy_SysLib_AssertFailed
                0x10002220       0x1c .\CortexM0p\ARM_GCC_541\Debug\cy_syslib.o
                0x10002220                Cy_SysLib_AssertFailed
 .text.Cy_SysLib_ClearFlashCacheAndBuffer
                0x1000223c       0x10 .\CortexM0p\ARM_GCC_541\Debug\cy_syslib.o
                0x1000223c                Cy_SysLib_ClearFlashCacheAndBuffer
 .text.Cy_SysLib_ResetBackupDomain
                0x1000224c       0x20 .\CortexM0p\ARM_GCC_541\Debug\cy_syslib.o
                0x1000224c                Cy_SysLib_ResetBackupDomain
 .text.Cy_SysLib_GetResetReason
                0x1000226c       0x1c .\CortexM0p\ARM_GCC_541\Debug\cy_syslib.o
                0x1000226c                Cy_SysLib_GetResetReason
 .text.Cy_SysLib_ProcessingFault
                0x10002288        0x4 .\CortexM0p\ARM_GCC_541\Debug\cy_syslib.o
                0x10002288                Cy_SysLib_ProcessingFault
 .text.Cy_SysLib_FaultHandler
                0x1000228c       0x30 .\CortexM0p\ARM_GCC_541\Debug\cy_syslib.o
                0x1000228c                Cy_SysLib_FaultHandler
 .text.Cy_SysLib_SetWaitStates
                0x100022bc       0xe0 .\CortexM0p\ARM_GCC_541\Debug\cy_syslib.o
                0x100022bc                Cy_SysLib_SetWaitStates
 *fill*         0x1000239c        0x4 
 .text          0x100023a0       0x20 .\CortexM0p\ARM_GCC_541\Debug\cy_syslib_gcc.o
                0x100023a0                Cy_SysLib_DelayCycles
                0x100023b2                Cy_SysLib_EnterCriticalSection
                0x100023ba                Cy_SysLib_ExitCriticalSection
 .text.SetReadMarginTrimUlp
                0x100023c0       0x98 .\CortexM0p\ARM_GCC_541\Debug\cy_syspm.o
 .text.SetReadMarginTrimLp
                0x10002458       0x90 .\CortexM0p\ARM_GCC_541\Debug\cy_syspm.o
 .text.SetWriteAssistTrimUlp
                0x100024e8       0x74 .\CortexM0p\ARM_GCC_541\Debug\cy_syspm.o
 .text.SetWriteAssistTrimLp
                0x1000255c       0x84 .\CortexM0p\ARM_GCC_541\Debug\cy_syspm.o
 .text.IsVoltageChangePossible
                0x100025e0       0x58 .\CortexM0p\ARM_GCC_541\Debug\cy_syspm.o
 .text.Cy_SysPm_BuckIsOutputEnabled
                0x10002638       0x5c .\CortexM0p\ARM_GCC_541\Debug\cy_syspm.o
                0x10002638                Cy_SysPm_BuckIsOutputEnabled
 .text.Cy_SysPm_BuckSetVoltage2
                0x10002694       0x6c .\CortexM0p\ARM_GCC_541\Debug\cy_syspm.o
                0x10002694                Cy_SysPm_BuckSetVoltage2
 .text.Cy_SysPm_RegisterCallback
                0x10002700       0x5c .\CortexM0p\ARM_GCC_541\Debug\cy_syspm.o
                0x10002700                Cy_SysPm_RegisterCallback
 .text.Cy_SysPm_ExecuteCallback
                0x1000275c       0xd4 .\CortexM0p\ARM_GCC_541\Debug\cy_syspm.o
                0x1000275c                Cy_SysPm_ExecuteCallback
 .text.Cy_SysPm_CpuEnterSleep
                0x10002830       0x8c .\CortexM0p\ARM_GCC_541\Debug\cy_syspm.o
                0x10002830                Cy_SysPm_CpuEnterSleep
 .text.Cy_SysPm_IoUnfreeze
                0x100028bc       0x2c .\CortexM0p\ARM_GCC_541\Debug\cy_syspm.o
                0x100028bc                Cy_SysPm_IoUnfreeze
 .text.Cy_SysPm_WriteVoltageBitForFlash
                0x100028e8      0x12c .\CortexM0p\ARM_GCC_541\Debug\cy_syspm.o
                0x100028e8                Cy_SysPm_WriteVoltageBitForFlash
 .text.Cy_SysPm_BuckSetVoltage1
                0x10002a14       0xa0 .\CortexM0p\ARM_GCC_541\Debug\cy_syspm.o
                0x10002a14                Cy_SysPm_BuckSetVoltage1
 .text.Cy_SysPm_LdoSetVoltage
                0x10002ab4       0xd0 .\CortexM0p\ARM_GCC_541\Debug\cy_syspm.o
                0x10002ab4                Cy_SysPm_LdoSetVoltage
 .text.Cy_SysPm_BuckEnable
                0x10002b84      0x11c .\CortexM0p\ARM_GCC_541\Debug\cy_syspm.o
                0x10002b84                Cy_SysPm_BuckEnable
 .text.Cy_SysTick_SetClockSource
                0x10002ca0       0x3c .\CortexM0p\ARM_GCC_541\Debug\cy_systick.o
                0x10002ca0                Cy_SysTick_SetClockSource
 .text.Cy_WDT_Unlock
                0x10002cdc       0x24 .\CortexM0p\ARM_GCC_541\Debug\cy_wdt.o
                0x10002cdc                Cy_WDT_Unlock
 .text.Cy_PDL_Init
                0x10002d00        0xc .\CortexM0p\ARM_GCC_541\Debug\cy_device.o
                0x10002d00                Cy_PDL_Init
 .text.Cy_BLE_HAL_RcbRegRead
                0x10002d0c       0x50 .\CortexM0p\ARM_GCC_541\Debug\cy_ble_clk.o
 .text.Cy_BLE_HAL_RcbRegWrite
                0x10002d5c       0x4c .\CortexM0p\ARM_GCC_541\Debug\cy_ble_clk.o
 .text.Cy_BLE_HAL_MxdRadioEnableClocks
                0x10002da8      0x21c .\CortexM0p\ARM_GCC_541\Debug\cy_ble_clk.o
 .text.Cy_BLE_HAL_EcoSetTrim
                0x10002fc4       0x38 .\CortexM0p\ARM_GCC_541\Debug\cy_ble_clk.o
 .text.Cy_BLE_EcoStop
                0x10002ffc       0x18 .\CortexM0p\ARM_GCC_541\Debug\cy_ble_clk.o
                0x10002ffc                Cy_BLE_EcoStop
 .text.Cy_BLE_HAL_Init
                0x10003014       0x68 .\CortexM0p\ARM_GCC_541\Debug\cy_ble_clk.o
                0x10003014                Cy_BLE_HAL_Init
 .text.Cy_BLE_EcoStart
                0x1000307c      0x254 .\CortexM0p\ARM_GCC_541\Debug\cy_ble_clk.o
                0x1000307c                Cy_BLE_EcoStart
 .text.Cy_BLE_HAL_EcoGetFrequency
                0x100032d0        0xc .\CortexM0p\ARM_GCC_541\Debug\cy_ble_clk.o
                0x100032d0                Cy_BLE_HAL_EcoGetFrequency
 .text.Cy_BLE_HAL_IsEcoCpuClockSrc
                0x100032dc       0x20 .\CortexM0p\ARM_GCC_541\Debug\cy_ble_clk.o
                0x100032dc                Cy_BLE_HAL_IsEcoCpuClockSrc
 .text.Cy_BLE_HAL_IsWcoLfclkSrc
                0x100032fc       0x24 .\CortexM0p\ARM_GCC_541\Debug\cy_ble_clk.o
                0x100032fc                Cy_BLE_HAL_IsWcoLfclkSrc
 .text.Cy_BLE_DeepSleepCallback
                0x10003320       0xb4 .\CortexM0p\ARM_GCC_541\Debug\cy_ble.o
                0x10003320                Cy_BLE_DeepSleepCallback
 .text.Cy_BLE_Init
                0x100033d4       0x18 .\CortexM0p\ARM_GCC_541\Debug\cy_ble.o
                0x100033d4                Cy_BLE_Init
 .text.Cy_BLE_Enable
                0x100033ec       0x80 .\CortexM0p\ARM_GCC_541\Debug\cy_ble.o
                0x100033ec                Cy_BLE_Enable
 .text.Cy_BLE_ConfigureExtPA
                0x1000346c       0x10 .\CortexM0p\ARM_GCC_541\Debug\cy_ble.o
                0x1000346c                Cy_BLE_ConfigureExtPA
 .text.Cy_BLE_BlessInterrupt
                0x1000347c        0x8 .\CortexM0p\ARM_GCC_541\Debug\cy_ble_hal_int.o
                0x1000347c                Cy_BLE_BlessInterrupt
 .text.Cy_BLE_IPC_CtrlMsgFlushRecvCallBack
                0x10003484       0x10 .\CortexM0p\ARM_GCC_541\Debug\cy_ble_hal_pvt.o
 .text.Cy_BLE_HAL_RadioCalibrationRead
                0x10003494       0x2c .\CortexM0p\ARM_GCC_541\Debug\cy_ble_hal_pvt.o
                0x10003494                Cy_BLE_HAL_RadioCalibrationRead
 .text.Cy_BLE_HAL_NvramWrite
                0x100034c0      0x324 .\CortexM0p\ARM_GCC_541\Debug\cy_ble_hal_pvt.o
                0x100034c0                Cy_BLE_HAL_NvramWrite
 .text.Cy_BLE_HAL_RadioCalibrationWrite
                0x100037e4       0x2c .\CortexM0p\ARM_GCC_541\Debug\cy_ble_hal_pvt.o
                0x100037e4                Cy_BLE_HAL_RadioCalibrationWrite
 .text.Cy_BLE_HAL_GetIcPackageType
                0x10003810        0x4 .\CortexM0p\ARM_GCC_541\Debug\cy_ble_hal_pvt.o
                0x10003810                Cy_BLE_HAL_GetIcPackageType
 .text.Cy_BLE_HAL_RadioGetAbsVbat
                0x10003814       0x20 .\CortexM0p\ARM_GCC_541\Debug\cy_ble_hal_pvt.o
                0x10003814                Cy_BLE_HAL_RadioGetAbsVbat
 .text.Cy_BLE_HAL_RadioGetAbsTemp
                0x10003834       0x24 .\CortexM0p\ARM_GCC_541\Debug\cy_ble_hal_pvt.o
                0x10003834                Cy_BLE_HAL_RadioGetAbsTemp
 .text.Cy_BLE_HAL_IsDefinedTx5dbm
                0x10003858        0x4 .\CortexM0p\ARM_GCC_541\Debug\cy_ble_hal_pvt.o
                0x10003858                Cy_BLE_HAL_IsDefinedTx5dbm
 .text.Cy_BLE_HAL_DelayUs
                0x1000385c        0x8 .\CortexM0p\ARM_GCC_541\Debug\cy_ble_hal_pvt.o
                0x1000385c                Cy_BLE_HAL_DelayUs
 .text.Cy_BLE_HAL_EnableBlessInterrupt
                0x10003864       0x24 .\CortexM0p\ARM_GCC_541\Debug\cy_ble_hal_pvt.o
                0x10003864                Cy_BLE_HAL_EnableBlessInterrupt
 .text.Cy_BLE_HAL_DisableBlessInterrupt
                0x10003888       0x30 .\CortexM0p\ARM_GCC_541\Debug\cy_ble_hal_pvt.o
                0x10003888                Cy_BLE_HAL_DisableBlessInterrupt
 .text.Cy_BLE_HAL_LfClkGetSource
                0x100038b8       0x14 .\CortexM0p\ARM_GCC_541\Debug\cy_ble_hal_pvt.o
                0x100038b8                Cy_BLE_HAL_LfClkGetSource
 .text.Cy_BLE_HAL_ClkMeasurementCountersDone
                0x100038cc       0x14 .\CortexM0p\ARM_GCC_541\Debug\cy_ble_hal_pvt.o
                0x100038cc                Cy_BLE_HAL_ClkMeasurementCountersDone
 .text.Cy_BLE_HAL_ClkMeasurementCountersGetFreq
                0x100038e0        0x8 .\CortexM0p\ARM_GCC_541\Debug\cy_ble_hal_pvt.o
                0x100038e0                Cy_BLE_HAL_ClkMeasurementCountersGetFreq
 .text.Cy_BLE_HAL_StartClkMeasurementCounters
                0x100038e8       0x2c .\CortexM0p\ARM_GCC_541\Debug\cy_ble_hal_pvt.o
                0x100038e8                Cy_BLE_HAL_StartClkMeasurementCounters
 .text.Cy_BLE_HAL_TryPiloTrim
                0x10003914       0x78 .\CortexM0p\ARM_GCC_541\Debug\cy_ble_hal_pvt.o
                0x10003914                Cy_BLE_HAL_TryPiloTrim
 .text.Cy_BLE_HAL_PiloTrim
                0x1000398c       0x14 .\CortexM0p\ARM_GCC_541\Debug\cy_ble_hal_pvt.o
                0x1000398c                Cy_BLE_HAL_PiloTrim
 .text.Cy_BLE_HAL_BlessStart
                0x100039a0       0x40 .\CortexM0p\ARM_GCC_541\Debug\cy_ble_hal_pvt.o
                0x100039a0                Cy_BLE_HAL_BlessStart
 .text.Cy_BLE_HAL_GetIpBlockVersion
                0x100039e0        0x4 .\CortexM0p\ARM_GCC_541\Debug\cy_ble_hal_pvt.o
                0x100039e0                Cy_BLE_HAL_GetIpBlockVersion
 .text.Cy_BLE_HAL_EnterCriticalSection
                0x100039e4        0x8 .\CortexM0p\ARM_GCC_541\Debug\cy_ble_hal_pvt.o
                0x100039e4                Cy_BLE_HAL_EnterCriticalSection
 .text.Cy_BLE_HAL_ExitCriticalSection
                0x100039ec        0x8 .\CortexM0p\ARM_GCC_541\Debug\cy_ble_hal_pvt.o
                0x100039ec                Cy_BLE_HAL_ExitCriticalSection
 .text.Cy_BLE_HAL_SysPmSleep
                0x100039f4        0x8 .\CortexM0p\ARM_GCC_541\Debug\cy_ble_hal_pvt.o
                0x100039f4                Cy_BLE_HAL_SysPmSleep
 .text.Cy_BLE_HAL_SimoBuckSetVoltage2
                0x100039fc        0xc .\CortexM0p\ARM_GCC_541\Debug\cy_ble_hal_pvt.o
                0x100039fc                Cy_BLE_HAL_SimoBuckSetVoltage2
 .text.Cy_BLE_HAL_EnableControllerIpcPipeInterrupt
                0x10003a08        0xc .\CortexM0p\ARM_GCC_541\Debug\cy_ble_hal_pvt.o
                0x10003a08                Cy_BLE_HAL_EnableControllerIpcPipeInterrupt
 .text.Cy_BLE_HAL_DisableControllerIpcPipeInterrupt
                0x10003a14        0xc .\CortexM0p\ARM_GCC_541\Debug\cy_ble_hal_pvt.o
                0x10003a14                Cy_BLE_HAL_DisableControllerIpcPipeInterrupt
 .text.Cy_BLE_IPC_ControllerRegisterClientCallbacks
                0x10003a20       0x28 .\CortexM0p\ARM_GCC_541\Debug\cy_ble_hal_pvt.o
                0x10003a20                Cy_BLE_IPC_ControllerRegisterClientCallbacks
 .text.Cy_BLE_IPC_SendMessageToHost
                0x10003a48       0x20 .\CortexM0p\ARM_GCC_541\Debug\cy_ble_hal_pvt.o
                0x10003a48                Cy_BLE_IPC_SendMessageToHost
 .text.Cy_BLE_Start
                0x10003a68       0x2c .\CortexM0p\ARM_GCC_541\Debug\BLE.o
                0x10003a68                Cy_BLE_Start
 .text          0x10003a94      0x114 c:/program files (x86)/cypress/psoc creator/4.4/psoc creator/import/gnu/arm/5.4.1/bin/../lib/gcc/arm-none-eabi/5.4.1/armv6-m\libgcc.a(_udivsi3.o)
                0x10003a94                __aeabi_uidiv
                0x10003a94                __udivsi3
                0x10003ba0                __aeabi_uidivmod
 .text          0x10003ba8      0x1d4 c:/program files (x86)/cypress/psoc creator/4.4/psoc creator/import/gnu/arm/5.4.1/bin/../lib/gcc/arm-none-eabi/5.4.1/armv6-m\libgcc.a(_divsi3.o)
                0x10003ba8                __divsi3
                0x10003ba8                __aeabi_idiv
                0x10003d74                __aeabi_idivmod
 .text          0x10003d7c        0x4 c:/program files (x86)/cypress/psoc creator/4.4/psoc creator/import/gnu/arm/5.4.1/bin/../lib/gcc/arm-none-eabi/5.4.1/armv6-m\libgcc.a(_dvmd_tls.o)
                0x10003d7c                __aeabi_idiv0
                0x10003d7c                __aeabi_ldiv0
 .text          0x10003d80       0x40 c:/program files (x86)/cypress/psoc creator/4.4/psoc creator/import/gnu/arm/5.4.1/bin/../lib/gcc/arm-none-eabi/5.4.1/armv6-m\libgcc.a(_aeabi_uldivmod.o)
                0x10003d80                __aeabi_uldivmod
 .text          0x10003dc0       0x58 c:/program files (x86)/cypress/psoc creator/4.4/psoc creator/import/gnu/arm/5.4.1/bin/../lib/gcc/arm-none-eabi/5.4.1/armv6-m\libgcc.a(_muldi3.o)
                0x10003dc0                __muldi3
                0x10003dc0                __aeabi_lmul
 .text          0x10003e18       0x3c c:/program files (x86)/cypress/psoc creator/4.4/psoc creator/import/gnu/arm/5.4.1/bin/../lib/gcc/arm-none-eabi/5.4.1/armv6-m\libgcc.a(_fixunsdfsi.o)
                0x10003e18                __aeabi_d2uiz
                0x10003e18                __fixunsdfsi
 .text          0x10003e54      0x180 c:/program files (x86)/cypress/psoc creator/4.4/psoc creator/import/gnu/arm/5.4.1/bin/../lib/gcc/arm-none-eabi/5.4.1/armv6-m\libgcc.a(_udivmoddi4.o)
                0x10003e54                __udivmoddi4
 .text          0x10003fd4      0x62c c:/program files (x86)/cypress/psoc creator/4.4/psoc creator/import/gnu/arm/5.4.1/bin/../lib/gcc/arm-none-eabi/5.4.1/armv6-m\libgcc.a(divdf3.o)
                0x10003fd4                __aeabi_ddiv
 .text          0x10004600      0x4f4 c:/program files (x86)/cypress/psoc creator/4.4/psoc creator/import/gnu/arm/5.4.1/bin/../lib/gcc/arm-none-eabi/5.4.1/armv6-m\libgcc.a(muldf3.o)
                0x10004600                __aeabi_dmul
 .text          0x10004af4      0x6a8 c:/program files (x86)/cypress/psoc creator/4.4/psoc creator/import/gnu/arm/5.4.1/bin/../lib/gcc/arm-none-eabi/5.4.1/armv6-m\libgcc.a(subdf3.o)
                0x10004af4                __aeabi_dsub
 .text          0x1000519c       0x6c c:/program files (x86)/cypress/psoc creator/4.4/psoc creator/import/gnu/arm/5.4.1/bin/../lib/gcc/arm-none-eabi/5.4.1/armv6-m\libgcc.a(fixdfsi.o)
                0x1000519c                __aeabi_d2iz
 .text          0x10005208       0x70 c:/program files (x86)/cypress/psoc creator/4.4/psoc creator/import/gnu/arm/5.4.1/bin/../lib/gcc/arm-none-eabi/5.4.1/armv6-m\libgcc.a(floatunsidf.o)
                0x10005208                __aeabi_ui2d
 .text          0x10005278       0x7c c:/program files (x86)/cypress/psoc creator/4.4/psoc creator/import/gnu/arm/5.4.1/bin/../lib/gcc/arm-none-eabi/5.4.1/armv6-m\libgcc.a(_arm_cmpdf2.o)
                0x10005278                __aeabi_cdrcmple
                0x10005288                __aeabi_cdcmple
                0x10005288                __aeabi_cdcmpeq
                0x10005298                __aeabi_dcmpeq
                0x100052a4                __aeabi_dcmplt
                0x100052b8                __aeabi_dcmple
                0x100052cc                __aeabi_dcmpgt
                0x100052e0                __aeabi_dcmpge
 .text          0x100052f4       0x3c c:/program files (x86)/cypress/psoc creator/4.4/psoc creator/import/gnu/arm/5.4.1/bin/../lib/gcc/arm-none-eabi/5.4.1/armv6-m\libgcc.a(_clzsi2.o)
                0x100052f4                __clzsi2
 .text          0x10005330       0x18 c:/program files (x86)/cypress/psoc creator/4.4/psoc creator/import/gnu/arm/5.4.1/bin/../lib/gcc/arm-none-eabi/5.4.1/armv6-m\libgcc.a(_clzdi2.o)
                0x10005330                __clzdi2
 .text          0x10005348       0x80 c:/program files (x86)/cypress/psoc creator/4.4/psoc creator/import/gnu/arm/5.4.1/bin/../lib/gcc/arm-none-eabi/5.4.1/armv6-m\libgcc.a(eqdf2.o)
                0x10005348                __nedf2
                0x10005348                __eqdf2
 .text          0x100053c8       0xc8 c:/program files (x86)/cypress/psoc creator/4.4/psoc creator/import/gnu/arm/5.4.1/bin/../lib/gcc/arm-none-eabi/5.4.1/armv6-m\libgcc.a(gedf2.o)
                0x100053c8                __gedf2
                0x100053c8                __gtdf2
 .text          0x10005490       0xd4 c:/program files (x86)/cypress/psoc creator/4.4/psoc creator/import/gnu/arm/5.4.1/bin/../lib/gcc/arm-none-eabi/5.4.1/armv6-m\libgcc.a(ledf2.o)
                0x10005490                __ledf2
                0x10005490                __ltdf2
 .text.memcmp   0x10005564       0x1e c:/program files (x86)/cypress/psoc creator/4.4/psoc creator/import/gnu/arm/5.4.1/bin/../lib/gcc/arm-none-eabi/5.4.1/../../../../arm-none-eabi/lib/armv6-m\libg_nano.a(lib_a-memcmp.o)
                0x10005564                memcmp
 .text.memcpy   0x10005582       0x12 c:/program files (x86)/cypress/psoc creator/4.4/psoc creator/import/gnu/arm/5.4.1/bin/../lib/gcc/arm-none-eabi/5.4.1/../../../../arm-none-eabi/lib/armv6-m\libg_nano.a(lib_a-memcpy-stub.o)
                0x10005582                memcpy
 .text.memset   0x10005594       0x10 c:/program files (x86)/cypress/psoc creator/4.4/psoc creator/import/gnu/arm/5.4.1/bin/../lib/gcc/arm-none-eabi/5.4.1/../../../../arm-none-eabi/lib/armv6-m\libg_nano.a(lib_a-memset.o)
                0x10005594                memset
 .text.strncpy  0x100055a4       0x26 c:/program files (x86)/cypress/psoc creator/4.4/psoc creator/import/gnu/arm/5.4.1/bin/../lib/gcc/arm-none-eabi/5.4.1/../../../../arm-none-eabi/lib/armv6-m\libg_nano.a(lib_a-strncpy.o)
                0x100055a4                strncpy
 *(.init)
 *fill*         0x100055ca        0x2 
 .init          0x100055cc        0x4 c:/program files (x86)/cypress/psoc creator/4.4/psoc creator/import/gnu/arm/5.4.1/bin/../lib/gcc/arm-none-eabi/5.4.1/armv6-m/crti.o
                0x100055cc                _init
 .init          0x100055d0        0x8 c:/program files (x86)/cypress/psoc creator/4.4/psoc creator/import/gnu/arm/5.4.1/bin/../lib/gcc/arm-none-eabi/5.4.1/armv6-m/crtn.o
 *(.fini)
 .fini          0x100055d8        0x4 c:/program files (x86)/cypress/psoc creator/4.4/psoc creator/import/gnu/arm/5.4.1/bin/../lib/gcc/arm-none-eabi/5.4.1/armv6-m/crti.o
                0x100055d8                _fini
 .fini          0x100055dc        0x8 c:/program files (x86)/cypress/psoc creator/4.4/psoc creator/import/gnu/arm/5.4.1/bin/../lib/gcc/arm-none-eabi/5.4.1/armv6-m/crtn.o
 *fill*         0x100055e4        0x4 
 .fini.__stub   0x100055e8       0x10 linker stubs
 *crtbegin.o(.ctors)
 *crtbegin?.o(.ctors)
 *(EXCLUDE_FILE(*crtend.o *crtend?.o) .ctors)
 *(SORT(.ctors.*))
 *(.ctors)
 *crtbegin.o(.dtors)
 *crtbegin?.o(.dtors)
 *(EXCLUDE_FILE(*crtend.o *crtend?.o) .dtors)
 *(SORT(.dtors.*))
 *(.dtors)
 *(.rodata .rodata.* .constdata .constdata.* .conststring .conststring.*)
 .rodata        0x100055f8       0x34 .\CortexM0p\ARM_GCC_541\Debug\system_psoc6_cm0plus.o
 .rodata.str1.4
                0x1000562c       0x17 .\CortexM0p\ARM_GCC_541\Debug\system_psoc6_cm0plus.o
 *fill*         0x10005643        0x1 
 .rodata        0x10005644        0x8 .\CortexM0p\ARM_GCC_541\Debug\cyfitter_sysint_cfg.o
                0x10005644                BLE_bless_isr_cfg
 .rodata        0x1000564c      0xb20 .\CortexM0p\ARM_GCC_541\Debug\cyfitter_cfg.o
 .rodata.str1.4
                0x1000616c       0x3f .\CortexM0p\ARM_GCC_541\Debug\cy_flash.o
 *fill*         0x100061ab        0x1 
 .rodata.str1.4
                0x100061ac       0x7d .\CortexM0p\ARM_GCC_541\Debug\cy_gpio.o
 *fill*         0x10006229        0x3 
 .rodata.str1.4
                0x1000622c       0x7f .\CortexM0p\ARM_GCC_541\Debug\cy_ipc_drv.o
 .rodata.str1.4
                0x100062ab       0x3f .\CortexM0p\ARM_GCC_541\Debug\cy_ipc_sema.o
 *fill*         0x100062ab        0x1 
 .rodata.str1.4
                0x100062ac       0x40 .\CortexM0p\ARM_GCC_541\Debug\cy_ipc_pipe.o
                                 0x7f (size before relaxing)
 .rodata.str1.4
                0x100062ec       0x3d .\CortexM0p\ARM_GCC_541\Debug\cy_prot.o
 *fill*         0x10006329        0x3 
 .rodata.str1.4
                0x1000632c       0x85 .\CortexM0p\ARM_GCC_541\Debug\cy_sysclk.o
 *fill*         0x100063b1        0x3 
 .rodata.str1.4
                0x100063b4       0x41 .\CortexM0p\ARM_GCC_541\Debug\cy_sysint.o
 *fill*         0x100063f5        0x3 
 .rodata.str1.4
                0x100063f8       0x3f .\CortexM0p\ARM_GCC_541\Debug\cy_syspm.o
                                 0x7f (size before relaxing)
 *fill*         0x10006437        0x1 
 .rodata        0x10006438      0x170 .\CortexM0p\ARM_GCC_541\Debug\cy_device.o
                0x10006438                cy_deviceIpBlockCfgPSoC6_02
                0x100064f0                cy_deviceIpBlockCfgPSoC6_01
 .rodata        0x100065a8       0x6c .\CortexM0p\ARM_GCC_541\Debug\cy_ble_clk.o
 .rodata.str1.4
                0x10006614       0x3c .\CortexM0p\ARM_GCC_541\Debug\cy_ble_hal_pvt.o
                                 0x3b (size before relaxing)
 .constdata     0x10006650       0x4c Generated_Source\PSoC6\pdl\middleware\ble\lib\cy_ble_stack_gcc_controller_ipc_cm0p.a(config_bin.o)
                0x10006650                bt_cfg_pdata
 .constdata     0x1000669c       0x10 Generated_Source\PSoC6\pdl\middleware\ble\lib\cy_ble_stack_gcc_controller_ipc_cm0p.a(ll_connection.o)
                0x1000669c                g_slave_clock_accuracy
 .constdata     0x100066ac      0x102 Generated_Source\PSoC6\pdl\middleware\ble\lib\cy_ble_stack_gcc_controller_ipc_cm0p.a(ll_pdu.o)
                0x100066ac                enc_valid_pdu_list
                0x100066b4                fp_ll_pdu_handlers
                0x10006718                fp_ll_pdu_ack_handlers
                0x1000677c                ll_pdu_valid_length
 *fill*         0x100067ae        0x2 
 .constdata     0x100067b0       0x88 Generated_Source\PSoC6\pdl\middleware\ble\lib\cy_ble_stack_gcc_controller_ipc_cm0p.a(ll_privacy.o)
 .constdata     0x10006838       0x40 Generated_Source\PSoC6\pdl\middleware\ble\lib\cy_ble_stack_gcc_controller_ipc_cm0p.a(ll_dle.o)
 .constdata     0x10006878       0x50 Generated_Source\PSoC6\pdl\middleware\ble\lib\cy_ble_stack_gcc_controller_ipc_cm0p.a(ll_phy_update.o)
 .constdata     0x100068c8       0x84 Generated_Source\PSoC6\pdl\middleware\ble\lib\cy_ble_stack_gcc_controller_ipc_cm0p.a(lec_hci_le_commands.o)
 .constdata     0x1000694c      0x3f6 Generated_Source\PSoC6\pdl\middleware\ble\lib\cy_ble_stack_gcc_controller_ipc_cm0p.a(lec_hci_le_commands.o)
 *fill*         0x10006d42        0x2 
 .constdata     0x10006d44       0x84 Generated_Source\PSoC6\pdl\middleware\ble\lib\cy_ble_stack_gcc_controller_ipc_cm0p.a(lec_hci_le_commands.o)
 .constdata     0x10006dc8       0x84 Generated_Source\PSoC6\pdl\middleware\ble\lib\cy_ble_stack_gcc_controller_ipc_cm0p.a(lec_hci_le_commands.o)
 .constdata     0x10006e4c       0x21 Generated_Source\PSoC6\pdl\middleware\ble\lib\cy_ble_stack_gcc_controller_ipc_cm0p.a(lec_hci_le_commands.o)
 .constdata     0x10006e6d       0x40 Generated_Source\PSoC6\pdl\middleware\ble\lib\cy_ble_stack_gcc_controller_ipc_cm0p.a(lec_hci_le_common_commands.o)
                0x10006e6d                Cu8_hci_le_supported_commands_array
 *fill*         0x10006ead        0x3 
 .constdata     0x10006eb0       0xcc Generated_Source\PSoC6\pdl\middleware\ble\lib\cy_ble_stack_gcc_controller_ipc_cm0p.a(lec_hci_le_privacy.o)
 .constdata     0x10006f7c        0xc Generated_Source\PSoC6\pdl\middleware\ble\lib\cy_ble_stack_gcc_controller_ipc_cm0p.a(lec_hci_le_privacy.o)
 .constdata     0x10006f88       0x60 Generated_Source\PSoC6\pdl\middleware\ble\lib\cy_ble_stack_gcc_controller_ipc_cm0p.a(lec_hci_le_dle.o)
 .constdata     0x10006fe8       0x78 Generated_Source\PSoC6\pdl\middleware\ble\lib\cy_ble_stack_gcc_controller_ipc_cm0p.a(lec_hci_le_phy_update.o)
 .conststring   0x10007060       0x87 Generated_Source\PSoC6\pdl\middleware\ble\lib\cy_ble_stack_gcc_controller_ipc_cm0p.a(drbg.o)
 *fill*         0x100070e7        0x1 
 .constdata     0x100070e8       0x60 Generated_Source\PSoC6\pdl\middleware\ble\lib\cy_ble_stack_gcc_radio_max_cm0p.a(CyBlessVer3.o)
                0x100070e8                rssiMap
 .rodata        0x10007148       0x40 c:/program files (x86)/cypress/psoc creator/4.4/psoc creator/import/gnu/arm/5.4.1/bin/../lib/gcc/arm-none-eabi/5.4.1/armv6-m\libgcc.a(divdf3.o)
 .rodata        0x10007188       0x40 c:/program files (x86)/cypress/psoc creator/4.4/psoc creator/import/gnu/arm/5.4.1/bin/../lib/gcc/arm-none-eabi/5.4.1/armv6-m\libgcc.a(muldf3.o)
 *(.eh_frame*)
 .eh_frame      0x100071c8        0x0 c:/program files (x86)/cypress/psoc creator/4.4/psoc creator/import/gnu/arm/5.4.1/bin/../lib/gcc/arm-none-eabi/5.4.1/armv6-m/crtbegin.o
 .eh_frame      0x100071c8        0x4 c:/program files (x86)/cypress/psoc creator/4.4/psoc creator/import/gnu/arm/5.4.1/bin/../lib/gcc/arm-none-eabi/5.4.1/armv6-m/crtend.o

.glue_7         0x100071cc        0x0
 .glue_7        0x100071cc        0x0 linker stubs

.glue_7t        0x100071cc        0x0
 .glue_7t       0x100071cc        0x0 linker stubs

.vfp11_veneer   0x100071cc        0x0
 .vfp11_veneer  0x100071cc        0x0 linker stubs

.v4_bx          0x100071cc        0x0
 .v4_bx         0x100071cc        0x0 linker stubs

.iplt           0x100071cc        0x0
 .iplt          0x100071cc        0x0 c:/program files (x86)/cypress/psoc creator/4.4/psoc creator/import/gnu/arm/5.4.1/bin/../lib/gcc/arm-none-eabi/5.4.1/armv6-m/crtbegin.o

i.CyBleStackMgr_Init
                0x100071cc       0xf8
 i.CyBleStackMgr_Init
                0x100071cc       0xf8 Generated_Source\PSoC6\pdl\middleware\ble\lib\cy_ble_stack_gcc_controller_ipc_cm0p.a(CyBleStackMgrIP_Interface.o)
                0x100071cc                CyBleStackMgr_Init

i.CyBleStackMgr_ProcessBleEvents
                0x100072c4       0x2c
 i.CyBleStackMgr_ProcessBleEvents
                0x100072c4       0x2c Generated_Source\PSoC6\pdl\middleware\ble\lib\cy_ble_stack_gcc_controller_ipc_cm0p.a(CyBleStackMgrIP_Interface.o)
                0x100072c4                CyBleStackMgr_ProcessBleEvents

i.CyBleStackMgr_Shutdown
                0x100072f0       0x28
 i.CyBleStackMgr_Shutdown
                0x100072f0       0x28 Generated_Source\PSoC6\pdl\middleware\ble\lib\cy_ble_stack_gcc_controller_ipc_cm0p.a(CyBleStackMgrIP_Interface.o)
                0x100072f0                CyBleStackMgr_Shutdown

i.CyBle_GetHeapConfig
                0x10007318        0x8
 i.CyBle_GetHeapConfig
                0x10007318        0x8 Generated_Source\PSoC6\pdl\middleware\ble\lib\cy_ble_stack_gcc_controller_ipc_cm0p.a(CyBleStackMgrIP_Interface.o)
                0x10007318                CyBle_GetHeapConfig

i.CyBle_GetHeapMemory
                0x10007320       0x3c
 i.CyBle_GetHeapMemory
                0x10007320       0x3c Generated_Source\PSoC6\pdl\middleware\ble\lib\cy_ble_stack_gcc_controller_ipc_cm0p.a(CyBleStackMgrIP_Interface.o)
                0x10007320                CyBle_GetHeapMemory

i.CyBle_StackGetConfigPtr
                0x1000735c        0x8
 i.CyBle_StackGetConfigPtr
                0x1000735c        0x8 Generated_Source\PSoC6\pdl\middleware\ble\lib\cy_ble_stack_gcc_controller_ipc_cm0p.a(CyBleStackMgrIP_Interface.o)
                0x1000735c                CyBle_StackGetConfigPtr

i.Cy_BLE_EnablePrivacyFeature
                0x10007364        0x8
 i.Cy_BLE_EnablePrivacyFeature
                0x10007364        0x8 Generated_Source\PSoC6\pdl\middleware\ble\lib\cy_ble_stack_gcc_controller_ipc_cm0p.a(CyBleStackMgrIP_Interface.o)
                0x10007364                Cy_BLE_EnablePrivacyFeature

i.Cy_BLE_GetStackLibraryVersion
                0x1000736c       0x20
 i.Cy_BLE_GetStackLibraryVersion
                0x1000736c       0x20 Generated_Source\PSoC6\pdl\middleware\ble\lib\cy_ble_stack_gcc_controller_ipc_cm0p.a(CyBleStackMgrIP_Interface.o)
                0x1000736c                Cy_BLE_GetStackLibraryVersion

i.Cy_BLE_ProcessEvents
                0x1000738c        0x8
 i.Cy_BLE_ProcessEvents
                0x1000738c        0x8 Generated_Source\PSoC6\pdl\middleware\ble\lib\cy_ble_stack_gcc_controller_ipc_cm0p.a(CyBleStackMgrIP_Interface.o)
                0x1000738c                Cy_BLE_ProcessEvents

i.Cy_BLE_StackEnterLPM
                0x10007394        0x8
 i.Cy_BLE_StackEnterLPM
                0x10007394        0x8 Generated_Source\PSoC6\pdl\middleware\ble\lib\cy_ble_stack_gcc_controller_ipc_cm0p.a(CyBleStackMgrIP_Interface.o)
                0x10007394                Cy_BLE_StackEnterLPM

i.Cy_BLE_StackGetBleSsState
                0x1000739c        0x8
 i.Cy_BLE_StackGetBleSsState
                0x1000739c        0x8 Generated_Source\PSoC6\pdl\middleware\ble\lib\cy_ble_stack_gcc_controller_ipc_cm0p.a(CyBleStackMgrIP_Interface.o)
                0x1000739c                Cy_BLE_StackGetBleSsState

i.Cy_BLE_StackInit
                0x100073a4       0x58
 i.Cy_BLE_StackInit
                0x100073a4       0x58 Generated_Source\PSoC6\pdl\middleware\ble\lib\cy_ble_stack_gcc_controller_ipc_cm0p.a(CyBleStackMgrIP_Interface.o)
                0x100073a4                Cy_BLE_StackInit

i.Cy_BLE_StackSetFeatureConfig
                0x100073fc       0x54
 i.Cy_BLE_StackSetFeatureConfig
                0x100073fc       0x54 Generated_Source\PSoC6\pdl\middleware\ble\lib\cy_ble_stack_gcc_controller_ipc_cm0p.a(CyBleStackMgrIP_Interface.o)
                0x100073fc                Cy_BLE_StackSetFeatureConfig

i.ble_stack_idle_task_callback
                0x10007450        0x2
 i.ble_stack_idle_task_callback
                0x10007450        0x2 Generated_Source\PSoC6\pdl\middleware\ble\lib\cy_ble_stack_gcc_controller_ipc_cm0p.a(CyBleStackMgrIP_Interface.o)
                0x10007450                ble_stack_idle_task_callback

i.CyBleStackMgr_GetTime
                0x10007454       0x28
 i.CyBleStackMgr_GetTime
                0x10007454       0x28 Generated_Source\PSoC6\pdl\middleware\ble\lib\cy_ble_stack_gcc_controller_ipc_cm0p.a(CyBleStackMgr_PSoCHal.o)
                0x10007454                CyBleStackMgr_GetTime

i.CyBleStackMgr_HalInit
                0x1000747c       0x1c
 i.CyBleStackMgr_HalInit
                0x1000747c       0x1c Generated_Source\PSoC6\pdl\middleware\ble\lib\cy_ble_stack_gcc_controller_ipc_cm0p.a(CyBleStackMgr_PSoCHal.o)
                0x1000747c                CyBleStackMgr_HalInit

i.CyBleStackMgr_HalIntrEnable
                0x10007498        0xc
 i.CyBleStackMgr_HalIntrEnable
                0x10007498        0xc Generated_Source\PSoC6\pdl\middleware\ble\lib\cy_ble_stack_gcc_controller_ipc_cm0p.a(CyBleStackMgr_PSoCHal.o)
                0x10007498                CyBleStackMgr_HalIntrEnable

i.CyBleStackMgr_HciPortInit
                0x100074a4       0x18
 i.CyBleStackMgr_HciPortInit
                0x100074a4       0x18 Generated_Source\PSoC6\pdl\middleware\ble\lib\cy_ble_stack_gcc_controller_ipc_cm0p.a(CyBleStackMgr_PSoCHal.o)
                0x100074a4                CyBleStackMgr_HciPortInit

i.CyBleStackMgr_HciPortReset
                0x100074bc        0x8
 i.CyBleStackMgr_HciPortReset
                0x100074bc        0x8 Generated_Source\PSoC6\pdl\middleware\ble\lib\cy_ble_stack_gcc_controller_ipc_cm0p.a(CyBleStackMgr_PSoCHal.o)
                0x100074bc                CyBleStackMgr_HciPortReset

i.CyBleStackMgr_HciPortWrite
                0x100074c4        0x8
 i.CyBleStackMgr_HciPortWrite
                0x100074c4        0x8 Generated_Source\PSoC6\pdl\middleware\ble\lib\cy_ble_stack_gcc_controller_ipc_cm0p.a(CyBleStackMgr_PSoCHal.o)
                0x100074c4                CyBleStackMgr_HciPortWrite

i.CyBleStackMgr_TimerStart
                0x100074cc       0x20
 i.CyBleStackMgr_TimerStart
                0x100074cc       0x20 Generated_Source\PSoC6\pdl\middleware\ble\lib\cy_ble_stack_gcc_controller_ipc_cm0p.a(CyBleStackMgr_PSoCHal.o)
                0x100074cc                CyBleStackMgr_TimerStart

i.CyBleStackMgr_TimerStop
                0x100074ec       0x18
 i.CyBleStackMgr_TimerStop
                0x100074ec       0x18 Generated_Source\PSoC6\pdl\middleware\ble\lib\cy_ble_stack_gcc_controller_ipc_cm0p.a(CyBleStackMgr_PSoCHal.o)
                0x100074ec                CyBleStackMgr_TimerStop

i.CyBleStackMgr_isTimerRunning
                0x10007504        0xc
 i.CyBleStackMgr_isTimerRunning
                0x10007504        0xc Generated_Source\PSoC6\pdl\middleware\ble\lib\cy_ble_stack_gcc_controller_ipc_cm0p.a(CyBleStackMgr_PSoCHal.o)
                0x10007504                CyBleStackMgr_isTimerRunning

i.CyBleStackMgr_BleSSFifoRead
                0x10007510       0x3c
 i.CyBleStackMgr_BleSSFifoRead
                0x10007510       0x3c Generated_Source\PSoC6\pdl\middleware\ble\lib\cy_ble_stack_gcc_controller_ipc_cm0p.a(CyBleStackMgr_BleSSDriver.o)
                0x10007510                CyBleStackMgr_BleSSFifoRead

i.CyBleStackMgr_BleSSFifoWrite
                0x1000754c       0x30
 i.CyBleStackMgr_BleSSFifoWrite
                0x1000754c       0x30 Generated_Source\PSoC6\pdl\middleware\ble\lib\cy_ble_stack_gcc_controller_ipc_cm0p.a(CyBleStackMgr_BleSSDriver.o)
                0x1000754c                CyBleStackMgr_BleSSFifoWrite

i.CyBleStackMgr_BleSSInit
                0x1000757c       0xac
 i.CyBleStackMgr_BleSSInit
                0x1000757c       0xac Generated_Source\PSoC6\pdl\middleware\ble\lib\cy_ble_stack_gcc_controller_ipc_cm0p.a(CyBleStackMgr_BleSSDriver.o)
                0x1000757c                CyBleStackMgr_BleSSInit

i.CyBleStackMgr_BleSSMemRead
                0x10007628       0x30
 i.CyBleStackMgr_BleSSMemRead
                0x10007628       0x30 Generated_Source\PSoC6\pdl\middleware\ble\lib\cy_ble_stack_gcc_controller_ipc_cm0p.a(CyBleStackMgr_BleSSDriver.o)
                0x10007628                CyBleStackMgr_BleSSMemRead

i.CyBleStackMgr_BleSSMemWrite
                0x10007658       0x34
 i.CyBleStackMgr_BleSSMemWrite
                0x10007658       0x34 Generated_Source\PSoC6\pdl\middleware\ble\lib\cy_ble_stack_gcc_controller_ipc_cm0p.a(CyBleStackMgr_BleSSDriver.o)
                0x10007658                CyBleStackMgr_BleSSMemWrite

i.CyBleStackMgr_BleSSMemWriteFields
                0x1000768c       0x70
 i.CyBleStackMgr_BleSSMemWriteFields
                0x1000768c       0x70 Generated_Source\PSoC6\pdl\middleware\ble\lib\cy_ble_stack_gcc_controller_ipc_cm0p.a(CyBleStackMgr_BleSSDriver.o)
                0x1000768c                CyBleStackMgr_BleSSMemWriteFields

i.CyBleStackMgr_BleSSReset
                0x100076fc       0x34
 i.CyBleStackMgr_BleSSReset
                0x100076fc       0x34 Generated_Source\PSoC6\pdl\middleware\ble\lib\cy_ble_stack_gcc_controller_ipc_cm0p.a(CyBleStackMgr_BleSSDriver.o)
                0x100076fc                CyBleStackMgr_BleSSReset

i.CyBleStackMgr_BleSSShutdown
                0x10007730       0x34
 i.CyBleStackMgr_BleSSShutdown
                0x10007730       0x34 Generated_Source\PSoC6\pdl\middleware\ble\lib\cy_ble_stack_gcc_controller_ipc_cm0p.a(CyBleStackMgr_BleSSDriver.o)
                0x10007730                CyBleStackMgr_BleSSShutdown

i.CyBleStackMgr_GenericIface
                0x10007764       0x58
 i.CyBleStackMgr_GenericIface
                0x10007764       0x58 Generated_Source\PSoC6\pdl\middleware\ble\lib\cy_ble_stack_gcc_controller_ipc_cm0p.a(CyBleStackMgr_BleSSDriver.o)
                0x10007764                CyBleStackMgr_GenericIface

i.CyBleStackMgr_HandleBleSSIntr
                0x100077bc       0x70
 i.CyBleStackMgr_HandleBleSSIntr
                0x100077bc       0x70 Generated_Source\PSoC6\pdl\middleware\ble\lib\cy_ble_stack_gcc_controller_ipc_cm0p.a(CyBleStackMgr_BleSSDriver.o)
                0x100077bc                CyBleStackMgr_HandleBleSSIntr

i.CyBle_ControllerGetBleClockCfgParam
                0x1000782c       0x20
 i.CyBle_ControllerGetBleClockCfgParam
                0x1000782c       0x20 Generated_Source\PSoC6\pdl\middleware\ble\lib\cy_ble_stack_gcc_controller_ipc_cm0p.a(CyBleStackMgr_BleSSDriver.o)
                0x1000782c                CyBle_ControllerGetBleClockCfgParam

i.CyBle_ControllerGetTxPowerLevel
                0x1000784c       0x3c
 i.CyBle_ControllerGetTxPowerLevel
                0x1000784c       0x3c Generated_Source\PSoC6\pdl\middleware\ble\lib\cy_ble_stack_gcc_controller_ipc_cm0p.a(CyBleStackMgr_BleSSDriver.o)
                0x1000784c                CyBle_ControllerGetTxPowerLevel

i.CyBle_ControllerSetBleClockCfgParam
                0x10007888       0x30
 i.CyBle_ControllerSetBleClockCfgParam
                0x10007888       0x30 Generated_Source\PSoC6\pdl\middleware\ble\lib\cy_ble_stack_gcc_controller_ipc_cm0p.a(CyBleStackMgr_BleSSDriver.o)
                0x10007888                CyBle_ControllerSetBleClockCfgParam

i.CyBle_ControllerSetDcxoLdoTrim
                0x100078b8       0x1c
 i.CyBle_ControllerSetDcxoLdoTrim
                0x100078b8       0x1c Generated_Source\PSoC6\pdl\middleware\ble\lib\cy_ble_stack_gcc_controller_ipc_cm0p.a(CyBleStackMgr_BleSSDriver.o)
                0x100078b8                CyBle_ControllerSetDcxoLdoTrim

i.CyBle_ControllerSetTxPowerLevel
                0x100078d4       0x2c
 i.CyBle_ControllerSetTxPowerLevel
                0x100078d4       0x2c Generated_Source\PSoC6\pdl\middleware\ble\lib\cy_ble_stack_gcc_controller_ipc_cm0p.a(CyBleStackMgr_BleSSDriver.o)
                0x100078d4                CyBle_ControllerSetTxPowerLevel

i.CyBle_EnterDsmMode
                0x10007900       0x34
 i.CyBle_EnterDsmMode
                0x10007900       0x34 Generated_Source\PSoC6\pdl\middleware\ble\lib\cy_ble_stack_gcc_controller_ipc_cm0p.a(CyBleStackMgr_BleSSDriver.o)
                0x10007900                CyBle_EnterDsmMode

i.CyBle_ExitDsmMode
                0x10007934       0x34
 i.CyBle_ExitDsmMode
                0x10007934       0x34 Generated_Source\PSoC6\pdl\middleware\ble\lib\cy_ble_stack_gcc_controller_ipc_cm0p.a(CyBleStackMgr_BleSSDriver.o)
                0x10007934                CyBle_ExitDsmMode

i.CyBle_GetBleSsOperationalMode
                0x10007968        0xc
 i.CyBle_GetBleSsOperationalMode
                0x10007968        0xc Generated_Source\PSoC6\pdl\middleware\ble\lib\cy_ble_stack_gcc_controller_ipc_cm0p.a(CyBleStackMgr_BleSSDriver.o)
                0x10007968                CyBle_GetBleSsOperationalMode

i.CyBle_GetEventCloseState
                0x10007974       0x10
 i.CyBle_GetEventCloseState
                0x10007974       0x10 Generated_Source\PSoC6\pdl\middleware\ble\lib\cy_ble_stack_gcc_controller_ipc_cm0p.a(CyBleStackMgr_BleSSDriver.o)
                0x10007974                CyBle_GetEventCloseState

i.CyBle_GetLpMode
                0x10007984       0x1c
 i.CyBle_GetLpMode
                0x10007984       0x1c Generated_Source\PSoC6\pdl\middleware\ble\lib\cy_ble_stack_gcc_controller_ipc_cm0p.a(CyBleStackMgr_BleSSDriver.o)
                0x10007984                CyBle_GetLpMode

i.CyBle_GetTxGainMode
                0x100079a0        0xe
 i.CyBle_GetTxGainMode
                0x100079a0        0xe Generated_Source\PSoC6\pdl\middleware\ble\lib\cy_ble_stack_gcc_controller_ipc_cm0p.a(CyBleStackMgr_BleSSDriver.o)
                0x100079a0                CyBle_GetTxGainMode

i.CyBle_SetAutoWakeUp
                0x100079b0        0xc
 i.CyBle_SetAutoWakeUp
                0x100079b0        0xc Generated_Source\PSoC6\pdl\middleware\ble\lib\cy_ble_stack_gcc_controller_ipc_cm0p.a(CyBleStackMgr_BleSSDriver.o)
                0x100079b0                CyBle_SetAutoWakeUp

i.CyBle_SetBleSsOperationalMode
                0x100079bc       0x34
 i.CyBle_SetBleSsOperationalMode
                0x100079bc       0x34 Generated_Source\PSoC6\pdl\middleware\ble\lib\cy_ble_stack_gcc_controller_ipc_cm0p.a(CyBleStackMgr_BleSSDriver.o)
                0x100079bc                CyBle_SetBleSsOperationalMode

i.CyBle_SetEventCloseState
                0x100079f0        0xc
 i.CyBle_SetEventCloseState
                0x100079f0        0xc Generated_Source\PSoC6\pdl\middleware\ble\lib\cy_ble_stack_gcc_controller_ipc_cm0p.a(CyBleStackMgr_BleSSDriver.o)
                0x100079f0                CyBle_SetEventCloseState

i.CyBle_CheckBleStackTaskStatus
                0x100079fc        0x4
 i.CyBle_CheckBleStackTaskStatus
                0x100079fc        0x4 Generated_Source\PSoC6\pdl\middleware\ble\lib\cy_ble_stack_gcc_controller_ipc_cm0p.a(CyBleStackMgr_StackTaskHandler.o)
                0x100079fc                CyBle_CheckBleStackTaskStatus

i.CyBle_CreateBleStackTask
                0x10007a00       0x30
 i.CyBle_CreateBleStackTask
                0x10007a00       0x30 Generated_Source\PSoC6\pdl\middleware\ble\lib\cy_ble_stack_gcc_controller_ipc_cm0p.a(CyBleStackMgr_StackTaskHandler.o)
                0x10007a00                CyBle_CreateBleStackTask

i.CyBle_SignalBleStackTask
                0x10007a30       0x44
 i.CyBle_SignalBleStackTask
                0x10007a30       0x44 Generated_Source\PSoC6\pdl\middleware\ble\lib\cy_ble_stack_gcc_controller_ipc_cm0p.a(CyBleStackMgr_StackTaskHandler.o)
                0x10007a30                CyBle_SignalBleStackTask

i.CyBle_StackTaskHandler
                0x10007a74       0x26
 i.CyBle_StackTaskHandler
                0x10007a74       0x26 Generated_Source\PSoC6\pdl\middleware\ble\lib\cy_ble_stack_gcc_controller_ipc_cm0p.a(CyBleStackMgr_StackTaskHandler.o)
                0x10007a74                CyBle_StackTaskHandler

i.IsStackTaskFree
                0x10007a9c       0x10
 i.IsStackTaskFree
                0x10007a9c       0x10 Generated_Source\PSoC6\pdl\middleware\ble\lib\cy_ble_stack_gcc_controller_ipc_cm0p.a(CyBleStackMgr_StackTaskHandler.o)
                0x10007a9c                IsStackTaskFree

i.BT_start_timer
                0x10007aac      0x110
 i.BT_start_timer
                0x10007aac      0x110 Generated_Source\PSoC6\pdl\middleware\ble\lib\cy_ble_stack_gcc_controller_ipc_cm0p.a(BT_timer.o)
                0x10007aac                BT_start_timer

i.BT_start_timer_controller
                0x10007bbc       0x28
 i.BT_start_timer_controller
                0x10007bbc       0x28 Generated_Source\PSoC6\pdl\middleware\ble\lib\cy_ble_stack_gcc_controller_ipc_cm0p.a(BT_timer.o)
                0x10007bbc                BT_start_timer_controller

i.BT_start_timer_pilo
                0x10007be4       0x28
 i.BT_start_timer_pilo
                0x10007be4       0x28 Generated_Source\PSoC6\pdl\middleware\ble\lib\cy_ble_stack_gcc_controller_ipc_cm0p.a(BT_timer.o)
                0x10007be4                BT_start_timer_pilo

i.BT_stop_timer
                0x10007c0c       0xc8
 i.BT_stop_timer
                0x10007c0c       0xc8 Generated_Source\PSoC6\pdl\middleware\ble\lib\cy_ble_stack_gcc_controller_ipc_cm0p.a(BT_timer.o)
                0x10007c0c                BT_stop_timer

i.BT_stop_timer_controller
                0x10007cd4       0x28
 i.BT_stop_timer_controller
                0x10007cd4       0x28 Generated_Source\PSoC6\pdl\middleware\ble\lib\cy_ble_stack_gcc_controller_ipc_cm0p.a(BT_timer.o)
                0x10007cd4                BT_stop_timer_controller

i.BT_stop_timer_pilo
                0x10007cfc       0x28
 i.BT_stop_timer_pilo
                0x10007cfc       0x28 Generated_Source\PSoC6\pdl\middleware\ble\lib\cy_ble_stack_gcc_controller_ipc_cm0p.a(BT_timer.o)
                0x10007cfc                BT_stop_timer_pilo

i.BT_timer_process_signals
                0x10007d24       0xf8
 i.BT_timer_process_signals
                0x10007d24       0xf8 Generated_Source\PSoC6\pdl\middleware\ble\lib\cy_ble_stack_gcc_controller_ipc_cm0p.a(BT_timer.o)
                0x10007d24                BT_timer_process_signals

i.timer_allocated_entity
                0x10007e1c       0x34
 i.timer_allocated_entity
                0x10007e1c       0x34 Generated_Source\PSoC6\pdl\middleware\ble\lib\cy_ble_stack_gcc_controller_ipc_cm0p.a(BT_timer.o)
                0x10007e1c                timer_allocated_entity

i.timer_init    0x10007e50       0x30
 i.timer_init   0x10007e50       0x30 Generated_Source\PSoC6\pdl\middleware\ble\lib\cy_ble_stack_gcc_controller_ipc_cm0p.a(BT_timer.o)
                0x10007e50                timer_init

i.timer_update_offsets
                0x10007e80       0x34
 i.timer_update_offsets
                0x10007e80       0x34 Generated_Source\PSoC6\pdl\middleware\ble\lib\cy_ble_stack_gcc_controller_ipc_cm0p.a(BT_timer.o)

i.BT_ISROSQPost
                0x10007eb4        0xa
 i.BT_ISROSQPost
                0x10007eb4        0xa Generated_Source\PSoC6\pdl\middleware\ble\lib\cy_ble_stack_gcc_controller_ipc_cm0p.a(bt_os_common.o)
                0x10007eb4                BT_ISROSQPost

i.BT_OSQPost    0x10007ebe        0xa
 i.BT_OSQPost   0x10007ebe        0xa Generated_Source\PSoC6\pdl\middleware\ble\lib\cy_ble_stack_gcc_controller_ipc_cm0p.a(bt_os_common.o)
                0x10007ebe                BT_OSQPost

i.BT_thread_create
                0x10007ec8       0x30
 i.BT_thread_create
                0x10007ec8       0x30 Generated_Source\PSoC6\pdl\middleware\ble\lib\cy_ble_stack_gcc_controller_ipc_cm0p.a(bt_os_common.o)
                0x10007ec8                BT_thread_create

i.pf_timer_handle_tick
                0x10007ef8       0x20
 i.pf_timer_handle_tick
                0x10007ef8       0x20 Generated_Source\PSoC6\pdl\middleware\ble\lib\cy_ble_stack_gcc_controller_ipc_cm0p.a(bt_os_common.o)
                0x10007ef8                pf_timer_handle_tick

i.CyPilo_ApplyTrim
                0x10007f18       0x88
 i.CyPilo_ApplyTrim
                0x10007f18       0x88 Generated_Source\PSoC6\pdl\middleware\ble\lib\cy_ble_stack_gcc_controller_ipc_cm0p.a(CyBleStackMgrIP_Pilo.o)

i.CyPilo_DSMExitCalibration
                0x10007fa0       0x14
 i.CyPilo_DSMExitCalibration
                0x10007fa0       0x14 Generated_Source\PSoC6\pdl\middleware\ble\lib\cy_ble_stack_gcc_controller_ipc_cm0p.a(CyBleStackMgrIP_Pilo.o)
                0x10007fa0                CyPilo_DSMExitCalibration

i.CyPilo_GetState
                0x10007fb4        0xc
 i.CyPilo_GetState
                0x10007fb4        0xc Generated_Source\PSoC6\pdl\middleware\ble\lib\cy_ble_stack_gcc_controller_ipc_cm0p.a(CyBleStackMgrIP_Pilo.o)
                0x10007fb4                CyPilo_GetState

i.CyPilo_InitCalibration
                0x10007fc0       0x18
 i.CyPilo_InitCalibration
                0x10007fc0       0x18 Generated_Source\PSoC6\pdl\middleware\ble\lib\cy_ble_stack_gcc_controller_ipc_cm0p.a(CyBleStackMgrIP_Pilo.o)
                0x10007fc0                CyPilo_InitCalibration

i.CyPilo_PeriodicCalibTimeout
                0x10007fd8       0x24
 i.CyPilo_PeriodicCalibTimeout
                0x10007fd8       0x24 Generated_Source\PSoC6\pdl\middleware\ble\lib\cy_ble_stack_gcc_controller_ipc_cm0p.a(CyBleStackMgrIP_Pilo.o)

i.CyPilo_RetryCalibration
                0x10007ffc       0x20
 i.CyPilo_RetryCalibration
                0x10007ffc       0x20 Generated_Source\PSoC6\pdl\middleware\ble\lib\cy_ble_stack_gcc_controller_ipc_cm0p.a(CyBleStackMgrIP_Pilo.o)

i.CyPilo_SetCalibInterval
                0x1000801c        0xc
 i.CyPilo_SetCalibInterval
                0x1000801c        0xc Generated_Source\PSoC6\pdl\middleware\ble\lib\cy_ble_stack_gcc_controller_ipc_cm0p.a(CyBleStackMgrIP_Pilo.o)
                0x1000801c                CyPilo_SetCalibInterval

i.CyPilo_SetState
                0x10008028        0xc
 i.CyPilo_SetState
                0x10008028        0xc Generated_Source\PSoC6\pdl\middleware\ble\lib\cy_ble_stack_gcc_controller_ipc_cm0p.a(CyBleStackMgrIP_Pilo.o)
                0x10008028                CyPilo_SetState

i.CyPilo_ShutdownCalibration
                0x10008034       0x1c
 i.CyPilo_ShutdownCalibration
                0x10008034       0x1c Generated_Source\PSoC6\pdl\middleware\ble\lib\cy_ble_stack_gcc_controller_ipc_cm0p.a(CyBleStackMgrIP_Pilo.o)
                0x10008034                CyPilo_ShutdownCalibration

i.CyPilo_StopPeriodicTimer
                0x10008050       0x10
 i.CyPilo_StopPeriodicTimer
                0x10008050       0x10 Generated_Source\PSoC6\pdl\middleware\ble\lib\cy_ble_stack_gcc_controller_ipc_cm0p.a(CyBleStackMgrIP_Pilo.o)
                0x10008050                CyPilo_StopPeriodicTimer

i.CyPilo_TriggerCalibration
                0x10008060       0x54
 i.CyPilo_TriggerCalibration
                0x10008060       0x54 Generated_Source\PSoC6\pdl\middleware\ble\lib\cy_ble_stack_gcc_controller_ipc_cm0p.a(CyBleStackMgrIP_Pilo.o)
                0x10008060                CyPilo_TriggerCalibration

i.CyPilo_UpdateCalibInterval
                0x100080b4       0x34
 i.CyPilo_UpdateCalibInterval
                0x100080b4       0x34 Generated_Source\PSoC6\pdl\middleware\ble\lib\cy_ble_stack_gcc_controller_ipc_cm0p.a(CyBleStackMgrIP_Pilo.o)
                0x100080b4                CyPilo_UpdateCalibInterval

i.OS_init       0x100080e8       0x64
 i.OS_init      0x100080e8       0x64 Generated_Source\PSoC6\pdl\middleware\ble\lib\cy_ble_stack_gcc_controller_ipc_cm0p.a(mint_os.o)
                0x100080e8                OS_init

i.OS_shutdown   0x1000814c        0x4
 i.OS_shutdown  0x1000814c        0x4 Generated_Source\PSoC6\pdl\middleware\ble\lib\cy_ble_stack_gcc_controller_ipc_cm0p.a(mint_os.o)
                0x1000814c                OS_shutdown

i.mintos_malloc
                0x10008150       0x34
 i.mintos_malloc
                0x10008150       0x34 Generated_Source\PSoC6\pdl\middleware\ble\lib\cy_ble_stack_gcc_controller_ipc_cm0p.a(mint_os.o)
                0x10008150                mintos_malloc

i.OS_create_queue
                0x10008184       0x64
 i.OS_create_queue
                0x10008184       0x64 Generated_Source\PSoC6\pdl\middleware\ble\lib\cy_ble_stack_gcc_controller_ipc_cm0p.a(mint_os_queue.o)
                0x10008184                OS_create_queue

i.OS_enqueue_item
                0x100081e8       0xa4
 i.OS_enqueue_item
                0x100081e8       0xa4 Generated_Source\PSoC6\pdl\middleware\ble\lib\cy_ble_stack_gcc_controller_ipc_cm0p.a(mint_os_queue.o)
                0x100081e8                OS_enqueue_item

i.OS_queue_get_num_of_items
                0x1000828c       0x28
 i.OS_queue_get_num_of_items
                0x1000828c       0x28 Generated_Source\PSoC6\pdl\middleware\ble\lib\cy_ble_stack_gcc_controller_ipc_cm0p.a(mint_os_queue.o)
                0x1000828c                OS_queue_get_num_of_items

i.OS_queue_mgmt_init
                0x100082b4       0x40
 i.OS_queue_mgmt_init
                0x100082b4       0x40 Generated_Source\PSoC6\pdl\middleware\ble\lib\cy_ble_stack_gcc_controller_ipc_cm0p.a(mint_os_queue.o)
                0x100082b4                OS_queue_mgmt_init

i.OS_remove_item
                0x100082f4       0xb8
 i.OS_remove_item
                0x100082f4       0xb8 Generated_Source\PSoC6\pdl\middleware\ble\lib\cy_ble_stack_gcc_controller_ipc_cm0p.a(mint_os_queue.o)
                0x100082f4                OS_remove_item

i.OS_create_task
                0x100083ac       0x88
 i.OS_create_task
                0x100083ac       0x88 Generated_Source\PSoC6\pdl\middleware\ble\lib\cy_ble_stack_gcc_controller_ipc_cm0p.a(mint_os_task.o)
                0x100083ac                OS_create_task

i.OS_is_task_free
                0x10008434       0x30
 i.OS_is_task_free
                0x10008434       0x30 Generated_Source\PSoC6\pdl\middleware\ble\lib\cy_ble_stack_gcc_controller_ipc_cm0p.a(mint_os_task.o)
                0x10008434                OS_is_task_free

i.OS_isr_send_signal_to_task
                0x10008464        0xc
 i.OS_isr_send_signal_to_task
                0x10008464        0xc Generated_Source\PSoC6\pdl\middleware\ble\lib\cy_ble_stack_gcc_controller_ipc_cm0p.a(mint_os_task.o)
                0x10008464                OS_isr_send_signal_to_task

i.OS_scheduler  0x10008470       0x78
 i.OS_scheduler
                0x10008470       0x78 Generated_Source\PSoC6\pdl\middleware\ble\lib\cy_ble_stack_gcc_controller_ipc_cm0p.a(mint_os_task.o)
                0x10008470                OS_scheduler

i.OS_send_signal_to_task
                0x100084e8        0xc
 i.OS_send_signal_to_task
                0x100084e8        0xc Generated_Source\PSoC6\pdl\middleware\ble\lib\cy_ble_stack_gcc_controller_ipc_cm0p.a(mint_os_task.o)
                0x100084e8                OS_send_signal_to_task

i.OS_send_signal_to_task_context
                0x100084f4       0x3c
 i.OS_send_signal_to_task_context
                0x100084f4       0x3c Generated_Source\PSoC6\pdl\middleware\ble\lib\cy_ble_stack_gcc_controller_ipc_cm0p.a(mint_os_task.o)

i.OS_task_mgmt_init
                0x10008530       0x50
 i.OS_task_mgmt_init
                0x10008530       0x50 Generated_Source\PSoC6\pdl\middleware\ble\lib\cy_ble_stack_gcc_controller_ipc_cm0p.a(mint_os_task.o)
                0x10008530                OS_task_mgmt_init

i.mint_buf_mgmt_allocate_buffer
                0x10008580       0x60
 i.mint_buf_mgmt_allocate_buffer
                0x10008580       0x60 Generated_Source\PSoC6\pdl\middleware\ble\lib\cy_ble_stack_gcc_controller_ipc_cm0p.a(mint_buf_mgmt.o)
                0x10008580                mint_buf_mgmt_allocate_buffer

i.mint_buf_mgmt_create_pool
                0x100085e0       0xd4
 i.mint_buf_mgmt_create_pool
                0x100085e0       0xd4 Generated_Source\PSoC6\pdl\middleware\ble\lib\cy_ble_stack_gcc_controller_ipc_cm0p.a(mint_buf_mgmt.o)
                0x100085e0                mint_buf_mgmt_create_pool

i.mint_buf_mgmt_free_buffer
                0x100086b4       0xb8
 i.mint_buf_mgmt_free_buffer
                0x100086b4       0xb8 Generated_Source\PSoC6\pdl\middleware\ble\lib\cy_ble_stack_gcc_controller_ipc_cm0p.a(mint_buf_mgmt.o)
                0x100086b4                mint_buf_mgmt_free_buffer

i.mint_buf_mgmt_init
                0x1000876c       0x44
 i.mint_buf_mgmt_init
                0x1000876c       0x44 Generated_Source\PSoC6\pdl\middleware\ble\lib\cy_ble_stack_gcc_controller_ipc_cm0p.a(mint_buf_mgmt.o)
                0x1000876c                mint_buf_mgmt_init

i.mint_buf_mgmt_malloc
                0x100087b0       0x28
 i.mint_buf_mgmt_malloc
                0x100087b0       0x28 Generated_Source\PSoC6\pdl\middleware\ble\lib\cy_ble_stack_gcc_controller_ipc_cm0p.a(mint_buf_mgmt.o)
                0x100087b0                mint_buf_mgmt_malloc

i.mint_buf_mgmt_pl_init
                0x100087d8       0x4c
 i.mint_buf_mgmt_pl_init
                0x100087d8       0x4c Generated_Source\PSoC6\pdl\middleware\ble\lib\cy_ble_stack_gcc_controller_ipc_cm0p.a(mint_buf_mgmt.o)
                0x100087d8                mint_buf_mgmt_pl_init

i.mint_buf_mgmt_reset_pool
                0x10008824       0x70
 i.mint_buf_mgmt_reset_pool
                0x10008824       0x70 Generated_Source\PSoC6\pdl\middleware\ble\lib\cy_ble_stack_gcc_controller_ipc_cm0p.a(mint_buf_mgmt.o)
                0x10008824                mint_buf_mgmt_reset_pool

i.mint_buf_mgmt_stack_init
                0x10008894       0x24
 i.mint_buf_mgmt_stack_init
                0x10008894       0x24 Generated_Source\PSoC6\pdl\middleware\ble\lib\cy_ble_stack_gcc_controller_ipc_cm0p.a(mint_buf_mgmt.o)
                0x10008894                mint_buf_mgmt_stack_init

i.mint_buf_mgmt_stack_pop
                0x100088b8       0x4a
 i.mint_buf_mgmt_stack_pop
                0x100088b8       0x4a Generated_Source\PSoC6\pdl\middleware\ble\lib\cy_ble_stack_gcc_controller_ipc_cm0p.a(mint_buf_mgmt.o)
                0x100088b8                mint_buf_mgmt_stack_pop

i.mint_buf_mgmt_stack_push
                0x10008902       0x4a
 i.mint_buf_mgmt_stack_push
                0x10008902       0x4a Generated_Source\PSoC6\pdl\middleware\ble\lib\cy_ble_stack_gcc_controller_ipc_cm0p.a(mint_buf_mgmt.o)
                0x10008902                mint_buf_mgmt_stack_push

i.mint_buf_mgmt_stack_reset
                0x1000894c       0x1e
 i.mint_buf_mgmt_stack_reset
                0x1000894c       0x1e Generated_Source\PSoC6\pdl\middleware\ble\lib\cy_ble_stack_gcc_controller_ipc_cm0p.a(mint_buf_mgmt.o)
                0x1000894c                mint_buf_mgmt_stack_reset

i.mint_buf_mgmt_stack_search_item
                0x1000896a       0x30
 i.mint_buf_mgmt_stack_search_item
                0x1000896a       0x30 Generated_Source\PSoC6\pdl\middleware\ble\lib\cy_ble_stack_gcc_controller_ipc_cm0p.a(mint_buf_mgmt.o)
                0x1000896a                mint_buf_mgmt_stack_search_item

i.CyBleController_HciIpcExtractPacket
                0x1000899c       0xe8
 i.CyBleController_HciIpcExtractPacket
                0x1000899c       0xe8 Generated_Source\PSoC6\pdl\middleware\ble\lib\cy_ble_stack_gcc_controller_ipc_cm0p.a(transport_ipc.o)
                0x1000899c                CyBleController_HciIpcExtractPacket

i.CyBleController_HciIpcInit
                0x10008a84       0x10
 i.CyBleController_HciIpcInit
                0x10008a84       0x10 Generated_Source\PSoC6\pdl\middleware\ble\lib\cy_ble_stack_gcc_controller_ipc_cm0p.a(transport_ipc.o)
                0x10008a84                CyBleController_HciIpcInit

i.CyBleController_HciIpcMsgCompleteReceive
                0x10008a94       0x20
 i.CyBleController_HciIpcMsgCompleteReceive
                0x10008a94       0x20 Generated_Source\PSoC6\pdl\middleware\ble\lib\cy_ble_stack_gcc_controller_ipc_cm0p.a(transport_ipc.o)
                0x10008a94                CyBleController_HciIpcMsgCompleteReceive

i.CyBleController_HciIpcMsgReceive
                0x10008ab4       0x34
 i.CyBleController_HciIpcMsgReceive
                0x10008ab4       0x34 Generated_Source\PSoC6\pdl\middleware\ble\lib\cy_ble_stack_gcc_controller_ipc_cm0p.a(transport_ipc.o)
                0x10008ab4                CyBleController_HciIpcMsgReceive

i.CyBleController_HciIpcSend
                0x10008ae8       0x16
 i.CyBleController_HciIpcSend
                0x10008ae8       0x16 Generated_Source\PSoC6\pdl\middleware\ble\lib\cy_ble_stack_gcc_controller_ipc_cm0p.a(transport_ipc.o)
                0x10008ae8                CyBleController_HciIpcSend

i.CyBleController_IpcSendStackInitHWError
                0x10008afe        0x8
 i.CyBleController_IpcSendStackInitHWError
                0x10008afe        0x8 Generated_Source\PSoC6\pdl\middleware\ble\lib\cy_ble_stack_gcc_controller_ipc_cm0p.a(transport_ipc.o)
                0x10008afe                CyBleController_IpcSendStackInitHWError

i.CyBleController_IPC_HAL_Init
                0x10008b08       0x40
 i.CyBleController_IPC_HAL_Init
                0x10008b08       0x40 Generated_Source\PSoC6\pdl\middleware\ble\lib\cy_ble_stack_gcc_controller_ipc_cm0p.a(CyBleStackMgr_PSoCIPCHal.o)
                0x10008b08                CyBleController_IPC_HAL_Init

i.CyBleController_IPC_HAL_InitWithStaticMem
                0x10008b48       0x10
 i.CyBleController_IPC_HAL_InitWithStaticMem
                0x10008b48       0x10 Generated_Source\PSoC6\pdl\middleware\ble\lib\cy_ble_stack_gcc_controller_ipc_cm0p.a(CyBleStackMgr_PSoCIPCHal.o)
                0x10008b48                CyBleController_IPC_HAL_InitWithStaticMem

i.CyBleController_IPC_HAL_IsQueueEmpty
                0x10008b58       0x24
 i.CyBleController_IPC_HAL_IsQueueEmpty
                0x10008b58       0x24 Generated_Source\PSoC6\pdl\middleware\ble\lib\cy_ble_stack_gcc_controller_ipc_cm0p.a(CyBleStackMgr_PSoCIPCHal.o)
                0x10008b58                CyBleController_IPC_HAL_IsQueueEmpty

i.CyBleController_IPC_HAL_PipeReleaseCallback
                0x10008b7c       0x1c
 i.CyBleController_IPC_HAL_PipeReleaseCallback
                0x10008b7c       0x1c Generated_Source\PSoC6\pdl\middleware\ble\lib\cy_ble_stack_gcc_controller_ipc_cm0p.a(CyBleStackMgr_PSoCIPCHal.o)

i.CyBleController_IPC_HAL_ProcessMsgQ
                0x10008b98       0x40
 i.CyBleController_IPC_HAL_ProcessMsgQ
                0x10008b98       0x40 Generated_Source\PSoC6\pdl\middleware\ble\lib\cy_ble_stack_gcc_controller_ipc_cm0p.a(CyBleStackMgr_PSoCIPCHal.o)
                0x10008b98                CyBleController_IPC_HAL_ProcessMsgQ

i.CyBleController_IPC_HAL_PushMessage
                0x10008bd8       0x4c
 i.CyBleController_IPC_HAL_PushMessage
                0x10008bd8       0x4c Generated_Source\PSoC6\pdl\middleware\ble\lib\cy_ble_stack_gcc_controller_ipc_cm0p.a(CyBleStackMgr_PSoCIPCHal.o)

i.CyBleController_IPC_HAL_Reset
                0x10008c24       0x2c
 i.CyBleController_IPC_HAL_Reset
                0x10008c24       0x2c Generated_Source\PSoC6\pdl\middleware\ble\lib\cy_ble_stack_gcc_controller_ipc_cm0p.a(CyBleStackMgr_PSoCIPCHal.o)
                0x10008c24                CyBleController_IPC_HAL_Reset

i.CyBleController_IPC_HAL_SendEnqueue
                0x10008c50       0x10
 i.CyBleController_IPC_HAL_SendEnqueue
                0x10008c50       0x10 Generated_Source\PSoC6\pdl\middleware\ble\lib\cy_ble_stack_gcc_controller_ipc_cm0p.a(CyBleStackMgr_PSoCIPCHal.o)
                0x10008c50                CyBleController_IPC_HAL_SendEnqueue

i.CyBle_ControllerAesCcmDecrypt
                0x10008c60       0x50
 i.CyBle_ControllerAesCcmDecrypt
                0x10008c60       0x50 Generated_Source\PSoC6\pdl\middleware\ble\lib\cy_ble_stack_gcc_controller_ipc_cm0p.a(CyBleControllerIP_Interface.o)
                0x10008c60                CyBle_ControllerAesCcmDecrypt

i.CyBle_ControllerAesCcmEncrypt
                0x10008cb0       0x44
 i.CyBle_ControllerAesCcmEncrypt
                0x10008cb0       0x44 Generated_Source\PSoC6\pdl\middleware\ble\lib\cy_ble_stack_gcc_controller_ipc_cm0p.a(CyBleControllerIP_Interface.o)
                0x10008cb0                CyBle_ControllerAesCcmEncrypt

i.CyBle_ControllerAesEncrypt
                0x10008cf4       0x60
 i.CyBle_ControllerAesEncrypt
                0x10008cf4       0x60 Generated_Source\PSoC6\pdl\middleware\ble\lib\cy_ble_stack_gcc_controller_ipc_cm0p.a(CyBleControllerIP_Interface.o)
                0x10008cf4                CyBle_ControllerAesEncrypt

i.CyBle_ControllerDisableDleFeature
                0x10008d54       0x10
 i.CyBle_ControllerDisableDleFeature
                0x10008d54       0x10 Generated_Source\PSoC6\pdl\middleware\ble\lib\cy_ble_stack_gcc_controller_ipc_cm0p.a(CyBleControllerIP_Interface.o)
                0x10008d54                CyBle_ControllerDisableDleFeature

i.CyBle_ControllerDisablePhyUpdateFeature
                0x10008d64        0xc
 i.CyBle_ControllerDisablePhyUpdateFeature
                0x10008d64        0xc Generated_Source\PSoC6\pdl\middleware\ble\lib\cy_ble_stack_gcc_controller_ipc_cm0p.a(CyBleControllerIP_Interface.o)
                0x10008d64                CyBle_ControllerDisablePhyUpdateFeature

i.CyBle_ControllerDisablePrivacyFeature
                0x10008d70        0xc
 i.CyBle_ControllerDisablePrivacyFeature
                0x10008d70        0xc Generated_Source\PSoC6\pdl\middleware\ble\lib\cy_ble_stack_gcc_controller_ipc_cm0p.a(CyBleControllerIP_Interface.o)
                0x10008d70                CyBle_ControllerDisablePrivacyFeature

i.CyBle_ControllerEnablePrivacyFeature
                0x10008d7c       0x10
 i.CyBle_ControllerEnablePrivacyFeature
                0x10008d7c       0x10 Generated_Source\PSoC6\pdl\middleware\ble\lib\cy_ble_stack_gcc_controller_ipc_cm0p.a(CyBleControllerIP_Interface.o)
                0x10008d7c                CyBle_ControllerEnablePrivacyFeature

i.CyBle_ControllerExitLPM
                0x10008d8c       0x10
 i.CyBle_ControllerExitLPM
                0x10008d8c       0x10 Generated_Source\PSoC6\pdl\middleware\ble\lib\cy_ble_stack_gcc_controller_ipc_cm0p.a(CyBleControllerIP_Interface.o)
                0x10008d8c                CyBle_ControllerExitLPM

i.CyBle_ControllerGetBleSsState
                0x10008d9c       0x10
 i.CyBle_ControllerGetBleSsState
                0x10008d9c       0x10 Generated_Source\PSoC6\pdl\middleware\ble\lib\cy_ble_stack_gcc_controller_ipc_cm0p.a(CyBleControllerIP_Interface.o)
                0x10008d9c                CyBle_ControllerGetBleSsState

i.CyBle_ControllerGetFeatureHeapReq
                0x10008dac       0x58
 i.CyBle_ControllerGetFeatureHeapReq
                0x10008dac       0x58 Generated_Source\PSoC6\pdl\middleware\ble\lib\cy_ble_stack_gcc_controller_ipc_cm0p.a(CyBleControllerIP_Interface.o)
                0x10008dac                CyBle_ControllerGetFeatureHeapReq

i.CyBle_ControllerGetFirmwareProgrammedDSM
                0x10008e04        0xc
 i.CyBle_ControllerGetFirmwareProgrammedDSM
                0x10008e04        0xc Generated_Source\PSoC6\pdl\middleware\ble\lib\cy_ble_stack_gcc_controller_ipc_cm0p.a(CyBleControllerIP_Interface.o)
                0x10008e04                CyBle_ControllerGetFirmwareProgrammedDSM

i.CyBle_ControllerGetHeapMemory
                0x10008e10       0x18
 i.CyBle_ControllerGetHeapMemory
                0x10008e10       0x18 Generated_Source\PSoC6\pdl\middleware\ble\lib\cy_ble_stack_gcc_controller_ipc_cm0p.a(CyBleControllerIP_Interface.o)
                0x10008e10                CyBle_ControllerGetHeapMemory

i.CyBle_ControllerGetInternalHeapReq
                0x10008e28       0x40
 i.CyBle_ControllerGetInternalHeapReq
                0x10008e28       0x40 Generated_Source\PSoC6\pdl\middleware\ble\lib\cy_ble_stack_gcc_controller_ipc_cm0p.a(CyBleControllerIP_Interface.o)
                0x10008e28                CyBle_ControllerGetInternalHeapReq

i.CyBle_ControllerHCIReInit
                0x10008e68       0x60
 i.CyBle_ControllerHCIReInit
                0x10008e68       0x60 Generated_Source\PSoC6\pdl\middleware\ble\lib\cy_ble_stack_gcc_controller_ipc_cm0p.a(CyBleControllerIP_Interface.o)
                0x10008e68                CyBle_ControllerHCIReInit

i.CyBle_ControllerInit
                0x10008ec8       0x68
 i.CyBle_ControllerInit
                0x10008ec8       0x68 Generated_Source\PSoC6\pdl\middleware\ble\lib\cy_ble_stack_gcc_controller_ipc_cm0p.a(CyBleControllerIP_Interface.o)
                0x10008ec8                CyBle_ControllerInit

i.CyBle_ControllerReset
                0x10008f30       0x20
 i.CyBle_ControllerReset
                0x10008f30       0x20 Generated_Source\PSoC6\pdl\middleware\ble\lib\cy_ble_stack_gcc_controller_ipc_cm0p.a(CyBleControllerIP_Interface.o)
                0x10008f30                CyBle_ControllerReset

i.CyBle_ControllerSaveLastConnTxPower
                0x10008f50       0x10
 i.CyBle_ControllerSaveLastConnTxPower
                0x10008f50       0x10 Generated_Source\PSoC6\pdl\middleware\ble\lib\cy_ble_stack_gcc_controller_ipc_cm0p.a(CyBleControllerIP_Interface.o)
                0x10008f50                CyBle_ControllerSaveLastConnTxPower

i.CyBle_ControllerSetFeatureConfig
                0x10008f60       0x68
 i.CyBle_ControllerSetFeatureConfig
                0x10008f60       0x68 Generated_Source\PSoC6\pdl\middleware\ble\lib\cy_ble_stack_gcc_controller_ipc_cm0p.a(CyBleControllerIP_Interface.o)
                0x10008f60                CyBle_ControllerSetFeatureConfig

i.CyBle_ControllerSetFirmwareProgrammedDSM
                0x10008fc8        0xc
 i.CyBle_ControllerSetFirmwareProgrammedDSM
                0x10008fc8        0xc Generated_Source\PSoC6\pdl\middleware\ble\lib\cy_ble_stack_gcc_controller_ipc_cm0p.a(CyBleControllerIP_Interface.o)
                0x10008fc8                CyBle_ControllerSetFirmwareProgrammedDSM

i.CyBle_ControllerValidateInputParams
                0x10008fd4       0x24
 i.CyBle_ControllerValidateInputParams
                0x10008fd4       0x24 Generated_Source\PSoC6\pdl\middleware\ble\lib\cy_ble_stack_gcc_controller_ipc_cm0p.a(CyBleControllerIP_Interface.o)
                0x10008fd4                CyBle_ControllerValidateInputParams

i.Cy_BLE_ControllerEnterLPM
                0x10008ff8       0x2c
 i.Cy_BLE_ControllerEnterLPM
                0x10008ff8       0x2c Generated_Source\PSoC6\pdl\middleware\ble\lib\cy_ble_stack_gcc_controller_ipc_cm0p.a(CyBleControllerIP_Interface.o)
                0x10008ff8                Cy_BLE_ControllerEnterLPM

i.Cy_BLE_IsControllerActive
                0x10009024       0x30
 i.Cy_BLE_IsControllerActive
                0x10009024       0x30 Generated_Source\PSoC6\pdl\middleware\ble\lib\cy_ble_stack_gcc_controller_ipc_cm0p.a(ll.o)
                0x10009024                Cy_BLE_IsControllerActive

i.ll_check_and_mark_packet_ready_for_transmission
                0x10009054       0x5c
 i.ll_check_and_mark_packet_ready_for_transmission
                0x10009054       0x5c Generated_Source\PSoC6\pdl\middleware\ble\lib\cy_ble_stack_gcc_controller_ipc_cm0p.a(ll.o)
                0x10009054                ll_check_and_mark_packet_ready_for_transmission

i.ll_cleanup_pending_data_pdu
                0x100090b0       0x3c
 i.ll_cleanup_pending_data_pdu
                0x100090b0       0x3c Generated_Source\PSoC6\pdl\middleware\ble\lib\cy_ble_stack_gcc_controller_ipc_cm0p.a(ll.o)
                0x100090b0                ll_cleanup_pending_data_pdu

i.ll_dequeue_data_in_pdu_q_mgr
                0x100090ec      0x144
 i.ll_dequeue_data_in_pdu_q_mgr
                0x100090ec      0x144 Generated_Source\PSoC6\pdl\middleware\ble\lib\cy_ble_stack_gcc_controller_ipc_cm0p.a(ll.o)
                0x100090ec                ll_dequeue_data_in_pdu_q_mgr

i.ll_derive_window_offset
                0x10009230       0x20
 i.ll_derive_window_offset
                0x10009230       0x20 Generated_Source\PSoC6\pdl\middleware\ble\lib\cy_ble_stack_gcc_controller_ipc_cm0p.a(ll.o)
                0x10009230                ll_derive_window_offset

i.ll_derive_window_size
                0x10009250        0xc
 i.ll_derive_window_size
                0x10009250        0xc Generated_Source\PSoC6\pdl\middleware\ble\lib\cy_ble_stack_gcc_controller_ipc_cm0p.a(ll.o)
                0x10009250                ll_derive_window_size

i.ll_enqueue_data_in_pdu_q_mgr
                0x1000925c       0x9c
 i.ll_enqueue_data_in_pdu_q_mgr
                0x1000925c       0x9c Generated_Source\PSoC6\pdl\middleware\ble\lib\cy_ble_stack_gcc_controller_ipc_cm0p.a(ll.o)
                0x1000925c                ll_enqueue_data_in_pdu_q_mgr

i.ll_enter_dsm_mode
                0x100092f8      0x20c
 i.ll_enter_dsm_mode
                0x100092f8      0x20c Generated_Source\PSoC6\pdl\middleware\ble\lib\cy_ble_stack_gcc_controller_ipc_cm0p.a(ll.o)
                0x100092f8                ll_enter_dsm_mode

i.ll_exit_low_power_mode
                0x10009504       0x6c
 i.ll_exit_low_power_mode
                0x10009504       0x6c Generated_Source\PSoC6\pdl\middleware\ble\lib\cy_ble_stack_gcc_controller_ipc_cm0p.a(ll.o)
                0x10009504                ll_exit_low_power_mode

i.ll_get_ack_status
                0x10009570       0x44
 i.ll_get_ack_status
                0x10009570       0x44 Generated_Source\PSoC6\pdl\middleware\ble\lib\cy_ble_stack_gcc_controller_ipc_cm0p.a(ll.o)
                0x10009570                ll_get_ack_status

i.ll_get_ack_status_for_all_connections
                0x100095b4       0x38
 i.ll_get_ack_status_for_all_connections
                0x100095b4       0x38 Generated_Source\PSoC6\pdl\middleware\ble\lib\cy_ble_stack_gcc_controller_ipc_cm0p.a(ll.o)
                0x100095b4                ll_get_ack_status_for_all_connections

i.ll_get_adv_ch_tx_power
                0x100095ec       0x16
 i.ll_get_adv_ch_tx_power
                0x100095ec       0x16 Generated_Source\PSoC6\pdl\middleware\ble\lib\cy_ble_stack_gcc_controller_ipc_cm0p.a(ll.o)
                0x100095ec                ll_get_adv_ch_tx_power

i.ll_get_data_channel_map
                0x10009602       0x28
 i.ll_get_data_channel_map
                0x10009602       0x28 Generated_Source\PSoC6\pdl\middleware\ble\lib\cy_ble_stack_gcc_controller_ipc_cm0p.a(ll.o)
                0x10009602                ll_get_data_channel_map

i.ll_get_max_white_list_size
                0x1000962c        0xc
 i.ll_get_max_white_list_size
                0x1000962c        0xc Generated_Source\PSoC6\pdl\middleware\ble\lib\cy_ble_stack_gcc_controller_ipc_cm0p.a(ll.o)
                0x1000962c                ll_get_max_white_list_size

i.ll_get_my_role
                0x10009638        0xc
 i.ll_get_my_role
                0x10009638        0xc Generated_Source\PSoC6\pdl\middleware\ble\lib\cy_ble_stack_gcc_controller_ipc_cm0p.a(ll.o)
                0x10009638                ll_get_my_role

i.ll_get_next_available_fifo_for_data_pdu
                0x10009644        0x8
 i.ll_get_next_available_fifo_for_data_pdu
                0x10009644        0x8 Generated_Source\PSoC6\pdl\middleware\ble\lib\cy_ble_stack_gcc_controller_ipc_cm0p.a(ll.o)
                0x10009644                ll_get_next_available_fifo_for_data_pdu

i.ll_get_next_available_fifo_for_ll_pdu
                0x1000964c       0x30
 i.ll_get_next_available_fifo_for_ll_pdu
                0x1000964c       0x30 Generated_Source\PSoC6\pdl\middleware\ble\lib\cy_ble_stack_gcc_controller_ipc_cm0p.a(ll.o)
                0x1000964c                ll_get_next_available_fifo_for_ll_pdu

i.ll_get_rssi_value
                0x1000967c       0x28
 i.ll_get_rssi_value
                0x1000967c       0x28 Generated_Source\PSoC6\pdl\middleware\ble\lib\cy_ble_stack_gcc_controller_ipc_cm0p.a(ll.o)
                0x1000967c                ll_get_rssi_value

i.ll_get_transmit_power_level
                0x100096a4       0x20
 i.ll_get_transmit_power_level
                0x100096a4       0x20 Generated_Source\PSoC6\pdl\middleware\ble\lib\cy_ble_stack_gcc_controller_ipc_cm0p.a(ll.o)
                0x100096a4                ll_get_transmit_power_level

i.ll_handle_ack_received
                0x100096c4       0x6c