Archive member included to satisfy reference by file (symbol)

Generated_Source\PSoC6\pdl\middleware\ble\lib\cy_ble_stack_gcc_host_ipc_cm4.a(CyBleStackMgrIP_Interface.o)
                              .\CortexM4\ARM_GCC_541\Debug\main_cm4.o (Cy_BLE_ProcessEvents)
Generated_Source\PSoC6\pdl\middleware\ble\lib\cy_ble_stack_gcc_host_ipc_cm4.a(BT_os.o)
                              Generated_Source\PSoC6\pdl\middleware\ble\lib\cy_ble_stack_gcc_host_ipc_cm4.a(CyBleStackMgrIP_Interface.o) (cyBleStackMemoryConfig)
Generated_Source\PSoC6\pdl\middleware\ble\lib\cy_ble_stack_gcc_host_ipc_cm4.a(CyBleStackMgr_StackTaskHandler.o)
                              Generated_Source\PSoC6\pdl\middleware\ble\lib\cy_ble_stack_gcc_host_ipc_cm4.a(CyBleStackMgrIP_Interface.o) (CyBle_CreateBleStackTask)
Generated_Source\PSoC6\pdl\middleware\ble\lib\cy_ble_stack_gcc_host_ipc_cm4.a(storage_pl.o)
                              Generated_Source\PSoC6\pdl\middleware\ble\lib\cy_ble_stack_gcc_host_ipc_cm4.a(CyBleStackMgrIP_Interface.o) (storage_manager_init)
Generated_Source\PSoC6\pdl\middleware\ble\lib\cy_ble_stack_gcc_host_ipc_cm4.a(mint_os.o)
                              Generated_Source\PSoC6\pdl\middleware\ble\lib\cy_ble_stack_gcc_host_ipc_cm4.a(CyBleStackMgrIP_Interface.o) (OS_init)
Generated_Source\PSoC6\pdl\middleware\ble\lib\cy_ble_stack_gcc_host_ipc_cm4.a(mint_os_queue.o)
                              Generated_Source\PSoC6\pdl\middleware\ble\lib\cy_ble_stack_gcc_host_ipc_cm4.a(mint_os.o) (OS_TOTAL_QUEUES)
Generated_Source\PSoC6\pdl\middleware\ble\lib\cy_ble_stack_gcc_host_ipc_cm4.a(mint_os_task.o)
                              Generated_Source\PSoC6\pdl\middleware\ble\lib\cy_ble_stack_gcc_host_ipc_cm4.a(mint_os.o) (idle_func_handler)
Generated_Source\PSoC6\pdl\middleware\ble\lib\cy_ble_stack_gcc_host_ipc_cm4.a(mint_buf_mgmt.o)
                              Generated_Source\PSoC6\pdl\middleware\ble\lib\cy_ble_stack_gcc_host_ipc_cm4.a(BT_os.o) (mint_buf_mgmt_allocate_buffer)
Generated_Source\PSoC6\pdl\middleware\ble\lib\cy_ble_stack_gcc_host_ipc_cm4.a(transport_ipc.o)
                              Generated_Source\PSoC6\pdl\middleware\ble\lib\cy_ble_stack_gcc_host_ipc_cm4.a(CyBleStackMgr_StackTaskHandler.o) (CyBleHost_HciIpcFreePktBuffer)
Generated_Source\PSoC6\pdl\middleware\ble\lib\cy_ble_stack_gcc_host_ipc_cm4.a(CyBleStackMgr_PSoCIPCHal.o)
                              Generated_Source\PSoC6\pdl\middleware\ble\lib\cy_ble_stack_gcc_host_ipc_cm4.a(transport_ipc.o) (CyBleHost_IPC_HAL_InitWithStaticMem)
Generated_Source\PSoC6\pdl\middleware\ble\lib\cy_ble_stack_gcc_host_ipc_cm4.a(host_main.o)
                              Generated_Source\PSoC6\pdl\middleware\ble\lib\cy_ble_stack_gcc_host_ipc_cm4.a(CyBleStackMgrIP_Interface.o) (CyBle_HostInit)
Generated_Source\PSoC6\pdl\middleware\ble\lib\cy_ble_stack_gcc_host_ipc_cm4.a(att_api.o)
                              Generated_Source\PSoC6\pdl\middleware\ble\lib\cy_ble_stack_gcc_host_ipc_cm4.a(host_main.o) (BT_att_register)
Generated_Source\PSoC6\pdl\middleware\ble\lib\cy_ble_stack_gcc_host_ipc_cm4.a(att_init.o)
                              Generated_Source\PSoC6\pdl\middleware\ble\lib\cy_ble_stack_gcc_host_ipc_cm4.a(att_api.o) (att_connections)
Generated_Source\PSoC6\pdl\middleware\ble\lib\cy_ble_stack_gcc_host_ipc_cm4.a(att_internal.o)
                              Generated_Source\PSoC6\pdl\middleware\ble\lib\cy_ble_stack_gcc_host_ipc_cm4.a(att_api.o) (att_get_fsm_event)
Generated_Source\PSoC6\pdl\middleware\ble\lib\cy_ble_stack_gcc_host_ipc_cm4.a(BT_common.o)
                              Generated_Source\PSoC6\pdl\middleware\ble\lib\cy_ble_stack_gcc_host_ipc_cm4.a(host_main.o) (BT_bluetooth_off)
Generated_Source\PSoC6\pdl\middleware\ble\lib\cy_ble_stack_gcc_host_ipc_cm4.a(device_queue.o)
                              Generated_Source\PSoC6\pdl\middleware\ble\lib\cy_ble_stack_gcc_host_ipc_cm4.a(host_main.o) (CyBle_DeviceQueueHeapDeInit)
Generated_Source\PSoC6\pdl\middleware\ble\lib\cy_ble_stack_gcc_host_ipc_cm4.a(l2cap.o)
                              Generated_Source\PSoC6\pdl\middleware\ble\lib\cy_ble_stack_gcc_host_ipc_cm4.a(host_main.o) (CyBle_L2capCB)
Generated_Source\PSoC6\pdl\middleware\ble\lib\cy_ble_stack_gcc_host_ipc_cm4.a(l2cap_disconnect.o)
                              Generated_Source\PSoC6\pdl\middleware\ble\lib\cy_ble_stack_gcc_host_ipc_cm4.a(l2cap.o) (l2ca_disconnect_req)
Generated_Source\PSoC6\pdl\middleware\ble\lib\cy_ble_stack_gcc_host_ipc_cm4.a(l2cap_init.o)
                              Generated_Source\PSoC6\pdl\middleware\ble\lib\cy_ble_stack_gcc_host_ipc_cm4.a(l2cap_disconnect.o) (l2cap_fixed_channel)
Generated_Source\PSoC6\pdl\middleware\ble\lib\cy_ble_stack_gcc_host_ipc_cm4.a(l2cap_utils.o)
                              Generated_Source\PSoC6\pdl\middleware\ble\lib\cy_ble_stack_gcc_host_ipc_cm4.a(l2cap_disconnect.o) (l2cap_buffer_dequeue)
Generated_Source\PSoC6\pdl\middleware\ble\lib\cy_ble_stack_gcc_host_ipc_cm4.a(l2cap_lmp.o)
[...]
Memory Configuration

Name             Origin             Length             Attributes
ram              0x08024000         0x00023800         xrw
flash            0x10080000         0x00080000         xr
em_eeprom        0x14000000         0x00008000         xr
sflash_user_data 0x16000800         0x00000800         xr
sflash_nar       0x16001a00         0x00000200         xr
sflash_public_key 0x16005a00         0x00000c00         xr
sflash_toc_2     0x16007c00         0x00000200         xr
sflash_rtoc_2    0x16007e00         0x00000200         xr
xip              0x18000000         0x08000000         xr
efuse            0x90700000         0x00100000         r
*default*        0x00000000         0xffffffff

Linker script and memory map

LOAD c:/program files (x86)/cypress/psoc creator/4.4/psoc creator/import/gnu/arm/5.4.1/bin/../lib/gcc/arm-none-eabi/5.4.1/armv7e-m/softfp/crti.o
LOAD c:/program files (x86)/cypress/psoc creator/4.4/psoc creator/import/gnu/arm/5.4.1/bin/../lib/gcc/arm-none-eabi/5.4.1/armv7e-m/softfp/crtbegin.o
LOAD c:/program files (x86)/cypress/psoc creator/4.4/psoc creator/import/gnu/arm/5.4.1/bin/../lib/gcc/arm-none-eabi/5.4.1/../../../../arm-none-eabi/lib/armv7e-m/softfp/crt0.o
START GROUP
LOAD Generated_Source\PSoC6\pdl\middleware\ble\lib\cy_ble_stack_gcc_host_ipc_cm4.a
LOAD .\CortexM4\ARM_GCC_541\Debug\led_task.o
LOAD .\CortexM4\ARM_GCC_541\Debug\startup_psoc6_01_cm4.o
LOAD .\CortexM4\ARM_GCC_541\Debug\main_cm4.o
LOAD .\CortexM4\ARM_GCC_541\Debug\system_psoc6_cm4.o
LOAD .\CortexM4\ARM_GCC_541\Debug\AFE4404.o
LOAD .\CortexM4\ARM_GCC_541\Debug\stdio_user.o
LOAD .\CortexM4\ARM_GCC_541\Debug\cyfitter_sysint_cfg.o
LOAD .\CortexM4\ARM_GCC_541\Debug\cymetadata.o
LOAD .\CortexM4\ARM_GCC_541\Debug\I2C_1.o
LOAD .\CortexM4\ARM_GCC_541\Debug\cy_efuse.o
LOAD .\CortexM4\ARM_GCC_541\Debug\cy_flash.o
LOAD .\CortexM4\ARM_GCC_541\Debug\cy_gpio.o
LOAD .\CortexM4\ARM_GCC_541\Debug\cy_ipc_drv.o
LOAD .\CortexM4\ARM_GCC_541\Debug\cy_ipc_sema.o
LOAD .\CortexM4\ARM_GCC_541\Debug\cy_ipc_pipe.o
LOAD .\CortexM4\ARM_GCC_541\Debug\cy_lvd.o
LOAD .\CortexM4\ARM_GCC_541\Debug\cy_profile.o
LOAD .\CortexM4\ARM_GCC_541\Debug\cy_prot.o
LOAD .\CortexM4\ARM_GCC_541\Debug\cy_scb_common.o
LOAD .\CortexM4\ARM_GCC_541\Debug\cy_scb_i2c.o
LOAD .\CortexM4\ARM_GCC_541\Debug\cy_scb_ezi2c.o
LOAD .\CortexM4\ARM_GCC_541\Debug\cy_scb_spi.o
LOAD .\CortexM4\ARM_GCC_541\Debug\cy_scb_uart.o
LOAD .\CortexM4\ARM_GCC_541\Debug\cy_sysanalog.o
LOAD .\CortexM4\ARM_GCC_541\Debug\cy_sysclk.o
LOAD .\CortexM4\ARM_GCC_541\Debug\cy_sysint.o
LOAD .\CortexM4\ARM_GCC_541\Debug\cy_syslib.o
LOAD .\CortexM4\ARM_GCC_541\Debug\cy_syslib_gcc.o
LOAD .\CortexM4\ARM_GCC_541\Debug\cy_syspm.o
LOAD .\CortexM4\ARM_GCC_541\Debug\cy_systick.o
LOAD .\CortexM4\ARM_GCC_541\Debug\cy_trigmux.o
LOAD .\CortexM4\ARM_GCC_541\Debug\cy_wdt.o
LOAD .\CortexM4\ARM_GCC_541\Debug\cy_device.o
LOAD .\CortexM4\ARM_GCC_541\Debug\cy_tcpwm_counter.o
LOAD .\CortexM4\ARM_GCC_541\Debug\cy_tcpwm_pwm.o
LOAD .\CortexM4\ARM_GCC_541\Debug\cy_tcpwm_quaddec.o
LOAD .\CortexM4\ARM_GCC_541\Debug\cy_ble_clk.o
LOAD .\CortexM4\ARM_GCC_541\Debug\cy_ble.o
LOAD .\CortexM4\ARM_GCC_541\Debug\cy_ble_hal_int.o
LOAD .\CortexM4\ARM_GCC_541\Debug\cy_ble_hal_pvt.o
LOAD .\CortexM4\ARM_GCC_541\Debug\cy_ble_gap.o
LOAD .\CortexM4\ARM_GCC_541\Debug\cy_ble_gatt.o
LOAD .\CortexM4\ARM_GCC_541\Debug\cy_ble_event_handler.o
LOAD .\CortexM4\ARM_GCC_541\Debug\cy_ble_ancs.o
LOAD .\CortexM4\ARM_GCC_541\Debug\cy_ble_ans.o
LOAD .\CortexM4\ARM_GCC_541\Debug\cy_ble_aios.o
LOAD .\CortexM4\ARM_GCC_541\Debug\cy_ble_bas.o
LOAD .\CortexM4\ARM_GCC_541\Debug\cy_ble_bcs.o
LOAD .\CortexM4\ARM_GCC_541\Debug\cy_ble_bls.o
LOAD .\CortexM4\ARM_GCC_541\Debug\cy_ble_bms.o
LOAD .\CortexM4\ARM_GCC_541\Debug\cy_ble_bts.o
LOAD .\CortexM4\ARM_GCC_541\Debug\cy_ble_cgms.o
LOAD .\CortexM4\ARM_GCC_541\Debug\cy_ble_cps.o
LOAD .\CortexM4\ARM_GCC_541\Debug\cy_ble_cscs.o
LOAD .\CortexM4\ARM_GCC_541\Debug\cy_ble_cts.o
LOAD .\CortexM4\ARM_GCC_541\Debug\cy_ble_custom.o
LOAD .\CortexM4\ARM_GCC_541\Debug\cy_ble_dis.o
LOAD .\CortexM4\ARM_GCC_541\Debug\cy_ble_ess.o
LOAD .\CortexM4\ARM_GCC_541\Debug\cy_ble_gls.o
LOAD .\CortexM4\ARM_GCC_541\Debug\cy_ble_hids.o
LOAD .\CortexM4\ARM_GCC_541\Debug\cy_ble_hps.o
LOAD .\CortexM4\ARM_GCC_541\Debug\cy_ble_hrs.o
LOAD .\CortexM4\ARM_GCC_541\Debug\cy_ble_hts.o
LOAD .\CortexM4\ARM_GCC_541\Debug\cy_ble_ias.o
LOAD .\CortexM4\ARM_GCC_541\Debug\cy_ble_ips.o
LOAD .\CortexM4\ARM_GCC_541\Debug\cy_ble_lls.o
LOAD .\CortexM4\ARM_GCC_541\Debug\cy_ble_lns.o
LOAD .\CortexM4\ARM_GCC_541\Debug\cy_ble_ndcs.o
LOAD .\CortexM4\ARM_GCC_541\Debug\cy_ble_plxs.o
LOAD .\CortexM4\ARM_GCC_541\Debug\cy_ble_pass.o
LOAD .\CortexM4\ARM_GCC_541\Debug\cy_ble_rscs.o
LOAD .\CortexM4\ARM_GCC_541\Debug\cy_ble_rtus.o
LOAD .\CortexM4\ARM_GCC_541\Debug\cy_ble_scps.o
LOAD .\CortexM4\ARM_GCC_541\Debug\cy_ble_tps.o
LOAD .\CortexM4\ARM_GCC_541\Debug\cy_ble_uds.o
LOAD .\CortexM4\ARM_GCC_541\Debug\cy_ble_wpts.o
LOAD .\CortexM4\ARM_GCC_541\Debug\cy_ble_wss.o
LOAD .\CortexM4\ARM_GCC_541\Debug\retarget.o
LOAD .\CortexM4\ARM_GCC_541\Debug\croutine.o
LOAD .\CortexM4\ARM_GCC_541\Debug\event_groups.o
LOAD .\CortexM4\ARM_GCC_541\Debug\list.o
LOAD .\CortexM4\ARM_GCC_541\Debug\queue.o
LOAD .\CortexM4\ARM_GCC_541\Debug\tasks.o
LOAD .\CortexM4\ARM_GCC_541\Debug\timers.o
LOAD .\CortexM4\ARM_GCC_541\Debug\stream_buffer.o
LOAD .\CortexM4\ARM_GCC_541\Debug\port.o
LOAD .\CortexM4\ARM_GCC_541\Debug\heap_1.o
LOAD .\CortexM4\ARM_GCC_541\Debug\BLE.o
LOAD .\CortexM4\ARM_GCC_541\Debug\BLE_config.o
LOAD .\CortexM4\ARM_GCC_541\Debug\BLE_custom_config.o
LOAD .\CortexM4\ARM_GCC_541\Debug\UART.o
LOAD .\CortexM4\ARM_GCC_541\Debug\PWM_AFE.o
LOAD .\CortexM4\ARM_GCC_541\Debug\I2C_2.o
LOAD .\CortexM4\ARM_GCC_541\Debug\PWM_CYC.o
LOAD .\CortexM4\ARM_GCC_541\Debug\PWM_TIM.o
END GROUP
START GROUP
LOAD c:/program files (x86)/cypress/psoc creator/4.4/psoc creator/import/gnu/arm/5.4.1/bin/../lib/gcc/arm-none-eabi/5.4.1/armv7e-m/softfp\libgcc.a
LOAD c:/program files (x86)/cypress/psoc creator/4.4/psoc creator/import/gnu/arm/5.4.1/bin/../lib/gcc/arm-none-eabi/5.4.1/../../../../arm-none-eabi/lib/armv7e-m/softfp\libg_nano.a
LOAD c:/program files (x86)/cypress/psoc creator/4.4/psoc creator/import/gnu/arm/5.4.1/bin/../lib/gcc/arm-none-eabi/5.4.1/../../../../arm-none-eabi/lib/armv7e-m/softfp\libc_nano.a
END GROUP
START GROUP
LOAD c:/program files (x86)/cypress/psoc creator/4.4/psoc creator/import/gnu/arm/5.4.1/bin/../lib/gcc/arm-none-eabi/5.4.1/armv7e-m/softfp\libgcc.a
LOAD c:/program files (x86)/cypress/psoc creator/4.4/psoc creator/import/gnu/arm/5.4.1/bin/../lib/gcc/arm-none-eabi/5.4.1/../../../../arm-none-eabi/lib/armv7e-m/softfp\libc_nano.a
END GROUP
LOAD c:/program files (x86)/cypress/psoc creator/4.4/psoc creator/import/gnu/arm/5.4.1/bin/../lib/gcc/arm-none-eabi/5.4.1/armv7e-m/softfp/crtend.o
LOAD c:/program files (x86)/cypress/psoc creator/4.4/psoc creator/import/gnu/arm/5.4.1/bin/../lib/gcc/arm-none-eabi/5.4.1/armv7e-m/softfp/crtn.o
START GROUP
LOAD c:/program files (x86)/cypress/psoc creator/4.4/psoc creator/import/gnu/arm/5.4.1/bin/../lib/gcc/arm-none-eabi/5.4.1/armv7e-m/softfp\libgcc.a
LOAD c:/program files (x86)/cypress/psoc creator/4.4/psoc creator/import/gnu/arm/5.4.1/bin/../lib/gcc/arm-none-eabi/5.4.1/../../../../arm-none-eabi/lib/armv7e-m/softfp\libc.a
LOAD c:/program files (x86)/cypress/psoc creator/4.4/psoc creator/import/gnu/arm/5.4.1/bin/../lib/gcc/arm-none-eabi/5.4.1/../../../../arm-none-eabi/lib/armv7e-m/softfp\libnosys.a
END GROUP
START GROUP
LOAD c:/program files (x86)/cypress/psoc creator/4.4/psoc creator/import/gnu/arm/5.4.1/bin/../lib/gcc/arm-none-eabi/5.4.1/armv7e-m/softfp\libgcc.a
LOAD c:/program files (x86)/cypress/psoc creator/4.4/psoc creator/import/gnu/arm/5.4.1/bin/../lib/gcc/arm-none-eabi/5.4.1/../../../../arm-none-eabi/lib/armv7e-m/softfp\libc.a
LOAD c:/program files (x86)/cypress/psoc creator/4.4/psoc creator/import/gnu/arm/5.4.1/bin/../lib/gcc/arm-none-eabi/5.4.1/../../../../arm-none-eabi/lib/armv7e-m/softfp\libm.a
LOAD c:/program files (x86)/cypress/psoc creator/4.4/psoc creator/import/gnu/arm/5.4.1/bin/../lib/gcc/arm-none-eabi/5.4.1/../../../../arm-none-eabi/lib/armv7e-m/softfp\libnosys.a
END GROUP

.text           0x10080000     0xa878
                0x10080000                . = ALIGN (0x4)
                0x10080000                __Vectors = .
 *(.vectors)
 .vectors       0x10080000      0x28c .\CortexM4\ARM_GCC_541\Debug\startup_psoc6_01_cm4.o
                0x1008028c                . = ALIGN (0x4)
                0x1008028c                __Vectors_End = .
                0x0000028c                __Vectors_Size = (__Vectors_End - __Vectors)
                0x1008028c                __end__ = .
                0x1008028c                . = ALIGN (0x4)
 *(.text*)
 .text          0x1008028c       0x5c c:/program files (x86)/cypress/psoc creator/4.4/psoc creator/import/gnu/arm/5.4.1/bin/../lib/gcc/arm-none-eabi/5.4.1/armv7e-m/softfp/crtbegin.o
 .text.AFE1_hdr
                0x100802e8       0x20 .\CortexM4\ARM_GCC_541\Debug\led_task.o
 .text.AFE0_hdr
                0x10080308       0x1c .\CortexM4\ARM_GCC_541\Debug\led_task.o
 *fill*         0x10080324        0x4 
 .text.AFE_samp
                0x10080328      0x2f0 .\CortexM4\ARM_GCC_541\Debug\led_task.o
 .text.AFE_act  0x10080618      0x14c .\CortexM4\ARM_GCC_541\Debug\led_task.o
                0x10080618                AFE_act
 .text.AFE_clr  0x10080764       0x20 .\CortexM4\ARM_GCC_541\Debug\led_task.o
                0x10080764                AFE_clr
 *fill*         0x10080784        0x4 
 .text.AFE_init
                0x10080788      0x150 .\CortexM4\ARM_GCC_541\Debug\led_task.o
                0x10080788                AFE_init
 .text.Task_LED
                0x100808d8       0x2c .\CortexM4\ARM_GCC_541\Debug\led_task.o
                0x100808d8                Task_LED
 .text          0x10080904       0x84 .\CortexM4\ARM_GCC_541\Debug\startup_psoc6_01_cm4.o
                0x10080904                Cy_OnResetUser
                0x10080906                Reset_Handler
                0x10080968                cpuss_interrupts_ipc_6_IRQHandler
                0x10080968                DebugMon_Handler
                0x10080968                tcpwm_1_interrupts_11_IRQHandler
                0x10080968                cpuss_interrupts_ipc_0_IRQHandler
                0x10080968                tcpwm_1_interrupts_15_IRQHandler
                0x10080968                ioss_interrupts_gpio_13_IRQHandler
                0x10080968                tcpwm_1_interrupts_13_IRQHandler
                0x10080968                cpuss_interrupts_dw1_8_IRQHandler
                0x10080968                tcpwm_0_interrupts_0_IRQHandler
                0x10080968                cpuss_interrupt_fm_IRQHandler
                0x10080968                cpuss_interrupts_ipc_7_IRQHandler
                0x10080968                tcpwm_1_interrupts_14_IRQHandler
                0x10080968                cpuss_interrupts_dw0_5_IRQHandler
                0x10080968                tcpwm_1_interrupts_9_IRQHandler
                0x10080968                cpuss_interrupts_cm0_cti_1_IRQHandler
                0x10080968                tcpwm_1_interrupts_22_IRQHandler
                0x10080968                cpuss_interrupts_dw0_4_IRQHandler
                0x10080968                NMI_Handler
                0x10080968                cpuss_interrupts_dw1_12_IRQHandler
                0x10080968                tcpwm_1_interrupts_12_IRQHandler
                0x10080968                smif_interrupt_IRQHandler
                0x10080968                tcpwm_1_interrupts_2_IRQHandler
                0x10080968                cpuss_interrupts_ipc_13_IRQHandler
                0x10080968                udb_interrupts_11_IRQHandler
                0x10080968                tcpwm_1_interrupts_18_IRQHandler
                0x10080968                cpuss_interrupts_dw0_11_IRQHandler
                0x10080968                tcpwm_0_interrupts_2_IRQHandler
                0x10080968                cpuss_interrupts_dw0_13_IRQHandler
                0x10080968                udb_interrupts_2_IRQHandler
                0x10080968                cpuss_interrupts_dw1_7_IRQHandler
                0x10080968                ioss_interrupts_gpio_1_IRQHandler
                0x10080968                ioss_interrupts_gpio_7_IRQHandler
                0x10080968                scb_5_interrupt_IRQHandler
                0x10080968                udb_interrupts_6_IRQHandler
                0x10080968                cpuss_interrupts_fault_1_IRQHandler
                0x10080968                cpuss_interrupts_ipc_4_IRQHandler
                0x10080968                cpuss_interrupts_ipc_5_IRQHandler
                0x10080968                cpuss_interrupts_dw1_10_IRQHandler
                0x10080968                udb_interrupts_0_IRQHandler
                0x10080968                tcpwm_1_interrupts_6_IRQHandler
                0x10080968                scb_4_interrupt_IRQHandler
                0x10080968                pass_interrupt_dacs_IRQHandler
                0x10080968                ioss_interrupts_gpio_2_IRQHandler
                0x10080968                cpuss_interrupts_dw1_9_IRQHandler
                0x10080968                cpuss_interrupts_dw1_13_IRQHandler
                0x10080968                scb_2_interrupt_IRQHandler
                0x10080968                cpuss_interrupts_cm0_cti_0_IRQHandler
                0x10080968                udb_interrupts_5_IRQHandler
                0x10080968                srss_interrupt_IRQHandler
                0x10080968                udb_interrupts_12_IRQHandler
                0x10080968                scb_0_interrupt_IRQHandler
                0x10080968                csd_interrupt_IRQHandler
                0x10080968                udb_interrupts_1_IRQHandler
                0x10080968                profile_interrupt_IRQHandler
                0x10080968                tcpwm_1_interrupts_1_IRQHandler
                0x10080968                cpuss_interrupts_ipc_12_IRQHandler
                0x10080968                tcpwm_1_interrupts_3_IRQHandler
                0x10080968                tcpwm_0_interrupts_7_IRQHandler
                0x10080968                cpuss_interrupts_dw1_1_IRQHandler
                0x10080968                cpuss_interrupts_dw1_0_IRQHandler
                0x10080968                cpuss_interrupts_dw0_9_IRQHandler
                0x10080968                lpcomp_interrupt_IRQHandler
                0x10080968                tcpwm_1_interrupts_23_IRQHandler
                0x10080968                udb_interrupts_4_IRQHandler
                0x10080968                tcpwm_1_interrupts_20_IRQHandler
                0x10080968                ioss_interrupt_gpio_IRQHandler
                0x10080968                tcpwm_0_interrupts_1_IRQHandler
                0x10080968                ioss_interrupts_gpio_8_IRQHandler
                0x10080968                tcpwm_0_interrupts_6_IRQHandler
                0x10080968                scb_7_interrupt_IRQHandler
                0x10080968                tcpwm_1_interrupts_7_IRQHandler
                0x10080968                cpuss_interrupts_ipc_11_IRQHandler
                0x10080968                udb_interrupts_13_IRQHandler
                0x10080968                cpuss_interrupts_dw0_15_IRQHandler
                0x10080968                udb_interrupts_7_IRQHandler
                0x10080968                cpuss_interrupts_dw1_6_IRQHandler
                0x10080968                cpuss_interrupt_crypto_IRQHandler
                0x10080968                scb_1_interrupt_IRQHandler
                0x10080968                Default_Handler
                0x10080968                usb_interrupt_hi_IRQHandler
                0x10080968                tcpwm_1_interrupts_0_IRQHandler
                0x10080968                udb_interrupts_9_IRQHandler
                0x10080968                audioss_interrupt_pdm_IRQHandler
                0x10080968                srss_interrupt_mcwdt_0_IRQHandler
                0x10080968                scb_3_interrupt_IRQHandler
                0x10080968                pass_interrupt_ctbs_IRQHandler
                0x10080968                udb_interrupts_8_IRQHandler
                0x10080968                ioss_interrupts_gpio_3_IRQHandler
                0x10080968                scb_6_interrupt_IRQHandler
                0x10080968                cpuss_interrupts_cm4_cti_0_IRQHandler
                0x10080968                cpuss_interrupts_dw1_3_IRQHandler
                0x10080968                pass_interrupt_sar_IRQHandler
                0x10080968                ioss_interrupts_gpio_0_IRQHandler
                0x10080968                ioss_interrupts_gpio_14_IRQHandler
                0x10080968                tcpwm_0_interrupts_4_IRQHandler
                0x10080968                udb_interrupts_3_IRQHandler
                0x10080968                tcpwm_0_interrupts_5_IRQHandler
                0x10080968                cpuss_interrupts_ipc_15_IRQHandler
                0x10080968                cpuss_interrupts_cm4_cti_1_IRQHandler
                0x10080968                scb_8_interrupt_IRQHandler
                0x10080968                srss_interrupt_mcwdt_1_IRQHandler
                0x10080968                cpuss_interrupts_dw1_2_IRQHandler
                0x10080968                cpuss_interrupts_dw1_5_IRQHandler
                0x10080968                cpuss_interrupts_ipc_1_IRQHandler
                0x10080968                cpuss_interrupts_dw0_0_IRQHandler
                0x10080968                ioss_interrupts_gpio_12_IRQHandler
                0x10080968                cpuss_interrupts_ipc_3_IRQHandler
                0x10080968                tcpwm_1_interrupts_17_IRQHandler
                0x10080968                srss_interrupt_backup_IRQHandler
                0x10080968                bless_interrupt_IRQHandler
                0x10080968                cpuss_interrupts_ipc_10_IRQHandler
                0x10080968                cpuss_interrupts_ipc_9_IRQHandler
                0x10080968                cpuss_interrupts_dw0_14_IRQHandler
                0x10080968                tcpwm_1_interrupts_4_IRQHandler
                0x10080968                tcpwm_0_interrupts_3_IRQHandler
                0x10080968                cpuss_interrupts_dw1_15_IRQHandler
                0x10080968                ioss_interrupts_gpio_10_IRQHandler
                0x10080968                udb_interrupts_10_IRQHandler
                0x10080968                cpuss_interrupts_dw0_8_IRQHandler
                0x10080968                ioss_interrupts_gpio_11_IRQHandler
                0x10080968                cpuss_interrupts_ipc_14_IRQHandler
                0x10080968                ioss_interrupts_gpio_5_IRQHandler
                0x10080968                ioss_interrupts_gpio_4_IRQHandler
                0x10080968                tcpwm_1_interrupts_8_IRQHandler
                0x10080968                cpuss_interrupts_dw1_14_IRQHandler
                0x10080968                usb_interrupt_med_IRQHandler
                0x10080968                cpuss_interrupts_dw0_2_IRQHandler
                0x10080968                tcpwm_1_interrupts_10_IRQHandler
                0x10080968                cpuss_interrupts_fault_0_IRQHandler
                0x10080968                cpuss_interrupts_dw0_12_IRQHandler
                0x10080968                ioss_interrupts_gpio_6_IRQHandler
                0x10080968                tcpwm_1_interrupts_21_IRQHandler
                0x10080968                tcpwm_1_interrupts_16_IRQHandler
                0x10080968                cpuss_interrupts_dw1_4_IRQHandler
                0x10080968                udb_interrupts_15_IRQHandler
                0x10080968                cpuss_interrupts_dw1_11_IRQHandler
                0x10080968                cpuss_interrupts_dw0_6_IRQHandler
                0x10080968                ioss_interrupt_vdd_IRQHandler
                0x10080968                cpuss_interrupts_dw0_7_IRQHandler
                0x10080968                audioss_interrupt_i2s_IRQHandler
                0x10080968                tcpwm_1_interrupts_5_IRQHandler
                0x10080968                cpuss_interrupts_ipc_2_IRQHandler
                0x10080968                cpuss_interrupts_dw0_10_IRQHandler
                0x10080968                tcpwm_1_interrupts_19_IRQHandler
                0x10080968                cpuss_interrupts_dw0_1_IRQHandler
                0x10080968                ioss_interrupts_gpio_9_IRQHandler
                0x10080968                usb_interrupt_lo_IRQHandler
                0x10080968                cpuss_interrupts_ipc_8_IRQHandler
                0x10080968                udb_interrupts_14_IRQHandler
                0x10080968                cpuss_interrupts_dw0_3_IRQHandler
                0x1008096c                UsageFault_Handler
                0x1008096c                HardFault_Handler
                0x1008096c                MemManage_Handler
                0x1008096c                BusFault_Handler
 .text.genericEventHandler
                0x10080988       0x58 .\CortexM4\ARM_GCC_541\Debug\main_cm4.o
                0x10080988                genericEventHandler
 .text.bleInterruptNotify
                0x100809e0       0x38 .\CortexM4\ARM_GCC_541\Debug\main_cm4.o
                0x100809e0                bleInterruptNotify
 .text.bleTask  0x10080a18       0xac .\CortexM4\ARM_GCC_541\Debug\main_cm4.o
                0x10080a18                bleTask
 .text.PWM_Timer_init
                0x10080ac4       0x8c .\CortexM4\ARM_GCC_541\Debug\main_cm4.o
 .text.PWM_TIM_hdr
                0x10080b50       0x44 .\CortexM4\ARM_GCC_541\Debug\main_cm4.o
 .text.PWM_CYC_hdr
                0x10080b94       0x68 .\CortexM4\ARM_GCC_541\Debug\main_cm4.o
 .text.main     0x10080bfc       0xac .\CortexM4\ARM_GCC_541\Debug\main_cm4.o
                0x10080bfc                main
 .text.vApplicationStackOverflowHook
                0x10080ca8       0x14 .\CortexM4\ARM_GCC_541\Debug\main_cm4.o
                0x10080ca8                vApplicationStackOverflowHook
 .text.Cy_SysIpcPipeIsrCm4
                0x10080cbc        0xc .\CortexM4\ARM_GCC_541\Debug\system_psoc6_cm4.o
                0x10080cbc                Cy_SysIpcPipeIsrCm4
 .text.Cy_SystemInit
                0x10080cc8        0x4 .\CortexM4\ARM_GCC_541\Debug\system_psoc6_cm4.o
                0x10080cc8                Cy_SystemInit
 .text.SystemCoreClockUpdate
                0x10080ccc      0x190 .\CortexM4\ARM_GCC_541\Debug\system_psoc6_cm4.o
                0x10080ccc                SystemCoreClockUpdate
 .text.SystemInit
                0x10080e5c       0x48 .\CortexM4\ARM_GCC_541\Debug\system_psoc6_cm4.o
                0x10080e5c                SystemInit
 .text.Cy_SystemInitFpuEnable
                0x10080ea4       0x28 .\CortexM4\ARM_GCC_541\Debug\system_psoc6_cm4.o
                0x10080ea4                Cy_SystemInitFpuEnable
 .text.afe4404Read
                0x10080ecc       0x8c .\CortexM4\ARM_GCC_541\Debug\AFE4404.o
                0x10080ecc                afe4404Read
 .text.afe4404ContiRead
                0x10080f58       0x28 .\CortexM4\ARM_GCC_541\Debug\AFE4404.o
                0x10080f58                afe4404ContiRead
 .text.afe4404Write
                0x10080f80       0x70 .\CortexM4\ARM_GCC_541\Debug\AFE4404.o
                0x10080f80                afe4404Write
 .text.afe4404ContiWrite
                0x10080ff0       0x28 .\CortexM4\ARM_GCC_541\Debug\AFE4404.o
                0x10080ff0                afe4404ContiWrite
 .text.STDIO_PutChar
                0x10081018       0x18 .\CortexM4\ARM_GCC_541\Debug\stdio_user.o
                0x10081018                STDIO_PutChar
 .text.STDIO_GetChar
                0x10081030       0x1c .\CortexM4\ARM_GCC_541\Debug\stdio_user.o
                0x10081030                STDIO_GetChar
 .text.I2C_1_Interrupt
                0x1008104c       0x14 .\CortexM4\ARM_GCC_541\Debug\I2C_1.o
 .text.I2C_1_Start
                0x10081060       0x78 .\CortexM4\ARM_GCC_541\Debug\I2C_1.o
                0x10081060                I2C_1_Start
 .text.Cy_Flash_ProcessOpcode
                0x100810d8       0xac .\CortexM4\ARM_GCC_541\Debug\cy_flash.o
 .text.Cy_Flash_OperationStatus
                0x10081184       0x5c .\CortexM4\ARM_GCC_541\Debug\cy_flash.o
 .text.Cy_Flash_InitExt
                0x100811e0       0x80 .\CortexM4\ARM_GCC_541\Debug\cy_flash.o
                0x100811e0                Cy_Flash_InitExt
 .text.Cy_Flash_Init
                0x10081260       0x10 .\CortexM4\ARM_GCC_541\Debug\cy_flash.o
                0x10081260                Cy_Flash_Init
 .text.Cy_IPC_Drv_LockRelease
                0x10081270       0x3c .\CortexM4\ARM_GCC_541\Debug\cy_ipc_drv.o
                0x10081270                Cy_IPC_Drv_LockRelease
 .text.Cy_IPC_Drv_SendMsgWord
                0x100812ac       0x3c .\CortexM4\ARM_GCC_541\Debug\cy_ipc_drv.o
                0x100812ac                Cy_IPC_Drv_SendMsgWord
 .text.Cy_IPC_Drv_ReadMsgWord
                0x100812e8       0x38 .\CortexM4\ARM_GCC_541\Debug\cy_ipc_drv.o
                0x100812e8                Cy_IPC_Drv_ReadMsgWord
 .text.Cy_IPC_Sema_InitExt
                0x10081320       0xac .\CortexM4\ARM_GCC_541\Debug\cy_ipc_sema.o
                0x10081320                Cy_IPC_Sema_InitExt
 .text.Cy_IPC_Sema_Init
                0x100813cc       0x64 .\CortexM4\ARM_GCC_541\Debug\cy_ipc_sema.o
                0x100813cc                Cy_IPC_Sema_Init
 .text.Cy_IPC_Sema_Clear
                0x10081430       0x88 .\CortexM4\ARM_GCC_541\Debug\cy_ipc_sema.o
                0x10081430                Cy_IPC_Sema_Clear
 .text.Cy_IPC_Sema_Status
                0x100814b8       0x40 .\CortexM4\ARM_GCC_541\Debug\cy_ipc_sema.o
                0x100814b8                Cy_IPC_Sema_Status
 .text.Cy_IPC_Pipe_Config
                0x100814f8       0x10 .\CortexM4\ARM_GCC_541\Debug\cy_ipc_pipe.o
                0x100814f8                Cy_IPC_Pipe_Config
 .text.Cy_IPC_Pipe_EndpointInit
                0x10081508       0xd0 .\CortexM4\ARM_GCC_541\Debug\cy_ipc_pipe.o
                0x10081508                Cy_IPC_Pipe_EndpointInit
 .text.Cy_IPC_Pipe_Init
                0x100815d8       0xb4 .\CortexM4\ARM_GCC_541\Debug\cy_ipc_pipe.o
                0x100815d8                Cy_IPC_Pipe_Init
 .text.Cy_IPC_Pipe_SendMessage
                0x1008168c       0xa4 .\CortexM4\ARM_GCC_541\Debug\cy_ipc_pipe.o
                0x1008168c                Cy_IPC_Pipe_SendMessage
 .text.Cy_IPC_Pipe_RegisterCallback
                0x10081730       0x50 .\CortexM4\ARM_GCC_541\Debug\cy_ipc_pipe.o
                0x10081730                Cy_IPC_Pipe_RegisterCallback
 .text.Cy_IPC_Pipe_RegisterCallbackRel
                0x10081780       0x2c .\CortexM4\ARM_GCC_541\Debug\cy_ipc_pipe.o
                0x10081780                Cy_IPC_Pipe_RegisterCallbackRel
 .text.Cy_IPC_Pipe_ExecCallback
                0x100817ac       0xbc .\CortexM4\ARM_GCC_541\Debug\cy_ipc_pipe.o
                0x100817ac                Cy_IPC_Pipe_ExecCallback
 .text.Cy_IPC_Pipe_ExecuteCallback
                0x10081868       0x2c .\CortexM4\ARM_GCC_541\Debug\cy_ipc_pipe.o
                0x10081868                Cy_IPC_Pipe_ExecuteCallback
 .text.Cy_IPC_Pipe_EndpointPause
                0x10081894       0x54 .\CortexM4\ARM_GCC_541\Debug\cy_ipc_pipe.o
                0x10081894                Cy_IPC_Pipe_EndpointPause
 .text.Cy_IPC_Pipe_EndpointResume
                0x100818e8       0x48 .\CortexM4\ARM_GCC_541\Debug\cy_ipc_pipe.o
                0x100818e8                Cy_IPC_Pipe_EndpointResume
 .text.Cy_SCB_ReadArrayNoCheck
                0x10081930       0x38 .\CortexM4\ARM_GCC_541\Debug\cy_scb_common.o
                0x10081930                Cy_SCB_ReadArrayNoCheck
 .text.Cy_SCB_ReadArray
                0x10081968       0x1c .\CortexM4\ARM_GCC_541\Debug\cy_scb_common.o
                0x10081968                Cy_SCB_ReadArray
 .text.Cy_SCB_Write
                0x10081984       0x28 .\CortexM4\ARM_GCC_541\Debug\cy_scb_common.o
                0x10081984                Cy_SCB_Write
 .text.Cy_SCB_WriteArrayNoCheck
                0x100819ac       0x38 .\CortexM4\ARM_GCC_541\Debug\cy_scb_common.o
                0x100819ac                Cy_SCB_WriteArrayNoCheck
 .text.Cy_SCB_WriteArray
                0x100819e4       0x2c .\CortexM4\ARM_GCC_541\Debug\cy_scb_common.o
                0x100819e4                Cy_SCB_WriteArray
 .text.Cy_SCB_WriteDefaultArrayNoCheck
                0x10081a10       0x10 .\CortexM4\ARM_GCC_541\Debug\cy_scb_common.o
                0x10081a10                Cy_SCB_WriteDefaultArrayNoCheck
 .text.Cy_SCB_WriteDefaultArray
                0x10081a20       0x2c .\CortexM4\ARM_GCC_541\Debug\cy_scb_common.o
                0x10081a20                Cy_SCB_WriteDefaultArray
 .text.SlaveHandleStop
                0x10081a4c       0xec .\CortexM4\ARM_GCC_541\Debug\cy_scb_i2c.o
 .text.MasterHandleEvents
                0x10081b38       0x74 .\CortexM4\ARM_GCC_541\Debug\cy_scb_i2c.o
 .text.MasterHandleStop
                0x10081bac       0x2c .\CortexM4\ARM_GCC_541\Debug\cy_scb_i2c.o
 .text.MasterHandleComplete
                0x10081bd8       0xf4 .\CortexM4\ARM_GCC_541\Debug\cy_scb_i2c.o
 .text.HandleStatus
                0x10081ccc       0xf0 .\CortexM4\ARM_GCC_541\Debug\cy_scb_i2c.o
 .text.WaitOneUnit
                0x10081dbc       0x24 .\CortexM4\ARM_GCC_541\Debug\cy_scb_i2c.o
 .text.SlaveHandleDataTransmit
                0x10081de0       0xe8 .\CortexM4\ARM_GCC_541\Debug\cy_scb_i2c.o
 .text.MasterHandleDataTransmit
                0x10081ec8       0xb8 .\CortexM4\ARM_GCC_541\Debug\cy_scb_i2c.o
 .text.SlaveHandleAddress
                0x10081f80      0x158 .\CortexM4\ARM_GCC_541\Debug\cy_scb_i2c.o
 .text.MasterHandleDataReceive
                0x100820d8       0xf0 .\CortexM4\ARM_GCC_541\Debug\cy_scb_i2c.o
 .text.SlaveHandleDataReceive
                0x100821c8       0xbc .\CortexM4\ARM_GCC_541\Debug\cy_scb_i2c.o
 .text.Cy_SCB_I2C_Init
                0x10082284      0x18c .\CortexM4\ARM_GCC_541\Debug\cy_scb_i2c.o
                0x10082284                Cy_SCB_I2C_Init
 .text.Cy_SCB_I2C_GetDataRate
                0x10082410       0x90 .\CortexM4\ARM_GCC_541\Debug\cy_scb_i2c.o
                0x10082410                Cy_SCB_I2C_GetDataRate
 .text.Cy_SCB_I2C_SetDataRate
                0x100824a0      0x1d0 .\CortexM4\ARM_GCC_541\Debug\cy_scb_i2c.o
                0x100824a0                Cy_SCB_I2C_SetDataRate
 .text.Cy_SCB_I2C_MasterSendStart
                0x10082670       0xf0 .\CortexM4\ARM_GCC_541\Debug\cy_scb_i2c.o
                0x10082670                Cy_SCB_I2C_MasterSendStart
 .text.Cy_SCB_I2C_MasterSendReStart
                0x10082760       0xd4 .\CortexM4\ARM_GCC_541\Debug\cy_scb_i2c.o
                0x10082760                Cy_SCB_I2C_MasterSendReStart
 .text.Cy_SCB_I2C_MasterSendStop
                0x10082834       0x64 .\CortexM4\ARM_GCC_541\Debug\cy_scb_i2c.o
                0x10082834                Cy_SCB_I2C_MasterSendStop
 .text.Cy_SCB_I2C_MasterReadByte
                0x10082898       0xb4 .\CortexM4\ARM_GCC_541\Debug\cy_scb_i2c.o
                0x10082898                Cy_SCB_I2C_MasterReadByte
 .text.Cy_SCB_I2C_MasterWriteByte
                0x1008294c       0x68 .\CortexM4\ARM_GCC_541\Debug\cy_scb_i2c.o
                0x1008294c                Cy_SCB_I2C_MasterWriteByte
 .text.Cy_SCB_I2C_SlaveInterrupt
                0x100829b4       0xe4 .\CortexM4\ARM_GCC_541\Debug\cy_scb_i2c.o
                0x100829b4                Cy_SCB_I2C_SlaveInterrupt
 .text.Cy_SCB_I2C_MasterInterrupt
                0x10082a98       0x8c .\CortexM4\ARM_GCC_541\Debug\cy_scb_i2c.o
                0x10082a98                Cy_SCB_I2C_MasterInterrupt
 .text.Cy_SCB_I2C_Interrupt
                0x10082b24       0x18 .\CortexM4\ARM_GCC_541\Debug\cy_scb_i2c.o
                0x10082b24                Cy_SCB_I2C_Interrupt
 .text.HandleDataTransmit
                0x10082b3c       0xdc .\CortexM4\ARM_GCC_541\Debug\cy_scb_uart.o
 .text.HandleDataReceive
                0x10082c18       0xf8 .\CortexM4\ARM_GCC_541\Debug\cy_scb_uart.o
 .text.Cy_SCB_UART_Init
                0x10082d10      0x364 .\CortexM4\ARM_GCC_541\Debug\cy_scb_uart.o
                0x10082d10                Cy_SCB_UART_Init
 .text.Cy_SCB_UART_GetNumInRingBuffer
                0x10083074       0x18 .\CortexM4\ARM_GCC_541\Debug\cy_scb_uart.o
                0x10083074                Cy_SCB_UART_GetNumInRingBuffer
 .text.HandleRingBuffer
                0x1008308c       0xcc .\CortexM4\ARM_GCC_541\Debug\cy_scb_uart.o
 .text.Cy_SCB_UART_Interrupt
                0x10083158       0xe8 .\CortexM4\ARM_GCC_541\Debug\cy_scb_uart.o
                0x10083158                Cy_SCB_UART_Interrupt
 .text.Cy_SysInt_SetVector
                0x10083240       0x48 .\CortexM4\ARM_GCC_541\Debug\cy_sysint.o
                0x10083240                Cy_SysInt_SetVector
 .text.Cy_SysInt_Init
                0x10083288       0x74 .\CortexM4\ARM_GCC_541\Debug\cy_sysint.o
                0x10083288                Cy_SysInt_Init
 .text.Cy_SysLib_Delay
                0x100832fc       0x30 .\CortexM4\ARM_GCC_541\Debug\cy_syslib.o
                0x100832fc                Cy_SysLib_Delay
 .text.Cy_SysLib_DelayUs
                0x1008332c       0x14 .\CortexM4\ARM_GCC_541\Debug\cy_syslib.o
                0x1008332c                Cy_SysLib_DelayUs
 .text.Cy_SysLib_Halt
                0x10083340        0x4 .\CortexM4\ARM_GCC_541\Debug\cy_syslib.o
                0x10083340                Cy_SysLib_Halt
 .text.Cy_SysLib_AssertFailed
                0x10083344       0x1c .\CortexM4\ARM_GCC_541\Debug\cy_syslib.o
                0x10083344                Cy_SysLib_AssertFailed
 .text.Cy_SysLib_ProcessingFault
                0x10083360        0x4 .\CortexM4\ARM_GCC_541\Debug\cy_syslib.o
                0x10083360                Cy_SysLib_ProcessingFault
 .text.Cy_SysLib_FaultHandler
                0x10083364       0xa4 .\CortexM4\ARM_GCC_541\Debug\cy_syslib.o
                0x10083364                Cy_SysLib_FaultHandler
 .text          0x10083408       0x20 .\CortexM4\ARM_GCC_541\Debug\cy_syslib_gcc.o
                0x10083408                Cy_SysLib_DelayCycles
                0x1008341a                Cy_SysLib_EnterCriticalSection
                0x10083422                Cy_SysLib_ExitCriticalSection
 .text.Cy_SysPm_RegisterCallback
                0x10083428       0x5c .\CortexM4\ARM_GCC_541\Debug\cy_syspm.o
                0x10083428                Cy_SysPm_RegisterCallback
 .text.Cy_SysPm_UnregisterCallback
                0x10083484       0x68 .\CortexM4\ARM_GCC_541\Debug\cy_syspm.o
                0x10083484                Cy_SysPm_UnregisterCallback
 .text.Cy_PDL_Init
                0x100834ec        0xc .\CortexM4\ARM_GCC_541\Debug\cy_device.o
                0x100834ec                Cy_PDL_Init
 .text.Cy_TCPWM_PWM_Init
                0x100834f8      0x16c .\CortexM4\ARM_GCC_541\Debug\cy_tcpwm_pwm.o
                0x100834f8                Cy_TCPWM_PWM_Init
 .text.Cy_BLE_DeepSleepCallback
                0x10083664       0x88 .\CortexM4\ARM_GCC_541\Debug\cy_ble.o
                0x10083664                Cy_BLE_DeepSleepCallback
 .text.Cy_BLE_SleepCallback
                0x100836ec       0x64 .\CortexM4\ARM_GCC_541\Debug\cy_ble.o
                0x100836ec                Cy_BLE_SleepCallback
 .text.Cy_BLE_UnregisterHostPMCallbacks
                0x10083750       0x18 .\CortexM4\ARM_GCC_541\Debug\cy_ble.o
                0x10083750                Cy_BLE_UnregisterHostPMCallbacks
 .text.Cy_BLE_Init
                0x10083768       0x54 .\CortexM4\ARM_GCC_541\Debug\cy_ble.o
                0x10083768                Cy_BLE_Init
 .text.Cy_BLE_Enable
                0x100837bc      0x12c .\CortexM4\ARM_GCC_541\Debug\cy_ble.o
                0x100837bc                Cy_BLE_Enable
 .text.Cy_BLE_RegisterAppHostCallback
                0x100838e8       0x18 .\CortexM4\ARM_GCC_541\Debug\cy_ble.o
                0x100838e8                Cy_BLE_RegisterAppHostCallback
 .text.Cy_BLE_IPC_HostMsgFlushRecvCallBack
                0x10083900       0x1c .\CortexM4\ARM_GCC_541\Debug\cy_ble_hal_pvt.o
 .text.Cy_BLE_IPC_HostMsgRecvCallBack
                0x1008391c       0x1c .\CortexM4\ARM_GCC_541\Debug\cy_ble_hal_pvt.o
 .text.Cy_BLE_HAL_BlockCalcCRC8
                0x10083938       0x34 .\CortexM4\ARM_GCC_541\Debug\cy_ble_hal_pvt.o
                0x10083938                Cy_BLE_HAL_BlockCalcCRC8
 .text.Cy_BLE_HAL_CalcCRC8
                0x1008396c        0xc .\CortexM4\ARM_GCC_541\Debug\cy_ble_hal_pvt.o
                0x1008396c                Cy_BLE_HAL_CalcCRC8
 .text.Cy_BLE_HAL_EnterCriticalSection
                0x10083978        0x8 .\CortexM4\ARM_GCC_541\Debug\cy_ble_hal_pvt.o
                0x10083978                Cy_BLE_HAL_EnterCriticalSection
 .text.Cy_BLE_HAL_ExitCriticalSection
                0x10083980        0x8 .\CortexM4\ARM_GCC_541\Debug\cy_ble_hal_pvt.o
                0x10083980                Cy_BLE_HAL_ExitCriticalSection
 .text.Cy_BLE_HAL_EnableHostIpcPipeInterrupt
                0x10083988        0xc .\CortexM4\ARM_GCC_541\Debug\cy_ble_hal_pvt.o
                0x10083988                Cy_BLE_HAL_EnableHostIpcPipeInterrupt
 .text.Cy_BLE_HAL_DisableHostIpcPipeInterrupt
                0x10083994        0xc .\CortexM4\ARM_GCC_541\Debug\cy_ble_hal_pvt.o
                0x10083994                Cy_BLE_HAL_DisableHostIpcPipeInterrupt
 .text.Cy_BLE_IPC_HostRegisterClientCallbacks
                0x100839a0       0x34 .\CortexM4\ARM_GCC_541\Debug\cy_ble_hal_pvt.o
                0x100839a0                Cy_BLE_IPC_HostRegisterClientCallbacks
 .text.Cy_BLE_IPC_SendMessageToController
                0x100839d4       0x20 .\CortexM4\ARM_GCC_541\Debug\cy_ble_hal_pvt.o
                0x100839d4                Cy_BLE_IPC_SendMessageToController
 .text.Cy_BLE_HAL_EccHeapInit
                0x100839f4        0x4 .\CortexM4\ARM_GCC_541\Debug\cy_ble_hal_pvt.o
                0x100839f4                Cy_BLE_HAL_EccHeapInit
 .text.Cy_BLE_HAL_EccHeapDeInit
                0x100839f8        0x4 .\CortexM4\ARM_GCC_541\Debug\cy_ble_hal_pvt.o
                0x100839f8                Cy_BLE_HAL_EccHeapDeInit
 .text.Cy_BLE_HAL_EccGetFeatureHeapReq
                0x100839fc        0x4 .\CortexM4\ARM_GCC_541\Debug\cy_ble_hal_pvt.o
                0x100839fc                Cy_BLE_HAL_EccGetFeatureHeapReq
 .text.Cy_BLE_HAL_PairingLocalPublicKeyHandler
                0x10083a00        0x8 .\CortexM4\ARM_GCC_541\Debug\cy_ble_hal_pvt.o
                0x10083a00                Cy_BLE_HAL_PairingLocalPublicKeyHandler
 .text.Cy_BLE_HAL_PairingRemoteKeyHandler
                0x10083a08        0x8 .\CortexM4\ARM_GCC_541\Debug\cy_ble_hal_pvt.o
                0x10083a08                Cy_BLE_HAL_PairingRemoteKeyHandler
 .text.Cy_BLE_HAL_PairingDhkeyHandler
                0x10083a10        0x8 .\CortexM4\ARM_GCC_541\Debug\cy_ble_hal_pvt.o
                0x10083a10                Cy_BLE_HAL_PairingDhkeyHandler
 .text.Cy_BLE_HAL_PairingDhkeyCheckHandler
                0x10083a18        0x8 .\CortexM4\ARM_GCC_541\Debug\cy_ble_hal_pvt.o
                0x10083a18                Cy_BLE_HAL_PairingDhkeyCheckHandler
 .text.Cy_BLE_HAL_PairingKeypressNotificationHandler
                0x10083a20        0x8 .\CortexM4\ARM_GCC_541\Debug\cy_ble_hal_pvt.o
                0x10083a20                Cy_BLE_HAL_PairingKeypressNotificationHandler
 .text.Cy_BLE_HAL_PairingRandHandler
                0x10083a28        0x8 .\CortexM4\ARM_GCC_541\Debug\cy_ble_hal_pvt.o
                0x10083a28                Cy_BLE_HAL_PairingRandHandler
 .text.Cy_BLE_HAL_PairingConfirmHandler
                0x10083a30        0x8 .\CortexM4\ARM_GCC_541\Debug\cy_ble_hal_pvt.o
                0x10083a30                Cy_BLE_HAL_PairingConfirmHandler
 .text.Cy_BLE_HAL_PairingLrConfirmingHandler
                0x10083a38        0x8 .\CortexM4\ARM_GCC_541\Debug\cy_ble_hal_pvt.o
                0x10083a38                Cy_BLE_HAL_PairingLrConfirmingHandler
 .text.Cy_BLE_HAL_PairingScTbxLocalPubkeyGenerateComplete
                0x10083a40        0x8 .\CortexM4\ARM_GCC_541\Debug\cy_ble_hal_pvt.o
                0x10083a40                Cy_BLE_HAL_PairingScTbxLocalPubkeyGenerateComplete
 .text.Cy_BLE_HAL_PairingScTbxGenerateLocalP256PublicKey
                0x10083a48        0x8 .\CortexM4\ARM_GCC_541\Debug\cy_ble_hal_pvt.o
                0x10083a48                Cy_BLE_HAL_PairingScTbxGenerateLocalP256PublicKey
 .text.Cy_BLE_HAL_SeSmpScUserPasskeyHandler
                0x10083a50        0x8 .\CortexM4\ARM_GCC_541\Debug\cy_ble_hal_pvt.o
                0x10083a50                Cy_BLE_HAL_SeSmpScUserPasskeyHandler
 .text.Cy_BLE_HAL_EccPointMult
                0x10083a58        0x4 .\CortexM4\ARM_GCC_541\Debug\cy_ble_hal_pvt.o
                0x10083a58                Cy_BLE_HAL_EccPointMult
 .text.Cy_BLE_ServiceInit
                0x10083a5c       0x10 .\CortexM4\ARM_GCC_541\Debug\cy_ble_gap.o
                0x10083a5c                Cy_BLE_ServiceInit
 .text.Cy_BLE_GAPP_StartAdvertisement
                0x10083a6c      0x120 .\CortexM4\ARM_GCC_541\Debug\cy_ble_gap.o
                0x10083a6c                Cy_BLE_GAPP_StartAdvertisement
 .text.Cy_BLE_ChangeAdDeviceAddress
                0x10083b8c       0x5c .\CortexM4\ARM_GCC_541\Debug\cy_ble_gap.o
                0x10083b8c                Cy_BLE_ChangeAdDeviceAddress
 .text.Cy_BLE_GATTS_WriteAttributeValueCCCD
                0x10083be8       0x6c .\CortexM4\ARM_GCC_541\Debug\cy_ble_gatt.o
                0x10083be8                Cy_BLE_GATTS_WriteAttributeValueCCCD
 .text.Cy_BLE_GATTS_WriteEventHandler
                0x10083c54       0x84 .\CortexM4\ARM_GCC_541\Debug\cy_ble_gatt.o
                0x10083c54                Cy_BLE_GATTS_WriteEventHandler
 .text.Cy_BLE_GATTS_ReadAttributeValueCCCDReqHandler
                0x10083cd8       0x58 .\CortexM4\ARM_GCC_541\Debug\cy_ble_gatt.o
                0x10083cd8                Cy_BLE_GATTS_ReadAttributeValueCCCDReqHandler
 .text.Cy_BLE_GATTS_WriteAttributeValueLocal
                0x10083d30       0x48 .\CortexM4\ARM_GCC_541\Debug\cy_ble_gatt.o
                0x10083d30                Cy_BLE_GATTS_WriteAttributeValueLocal
 .text.Cy_BLE_GATTS_WriteAttributeValuePeer
                0x10083d78       0x38 .\CortexM4\ARM_GCC_541\Debug\cy_ble_gatt.o
                0x10083d78                Cy_BLE_GATTS_WriteAttributeValuePeer
 .text.Cy_BLE_GATTS_ReadCccd
                0x10083db0       0xb8 .\CortexM4\ARM_GCC_541\Debug\cy_ble_gatt.o
                0x10083db0                Cy_BLE_GATTS_ReadCccd
 .text.Cy_BLE_GATTS_IsNotificationEnabled
                0x10083e68       0x20 .\CortexM4\ARM_GCC_541\Debug\cy_ble_gatt.o
                0x10083e68                Cy_BLE_GATTS_IsNotificationEnabled
 .text.Cy_BLE_GATTS_SendNotification
                0x10083e88       0x7c .\CortexM4\ARM_GCC_541\Debug\cy_ble_gatt.o
                0x10083e88                Cy_BLE_GATTS_SendNotification
 .text.Cy_BLE_SendWriteResponse
                0x10083f04       0x44 .\CortexM4\ARM_GCC_541\Debug\cy_ble_event_handler.o
 .text.Cy_BLE_RegisterServiceEventHandler
                0x10083f48       0x5c .\CortexM4\ARM_GCC_541\Debug\cy_ble_event_handler.o
                0x10083f48                Cy_BLE_RegisterServiceEventHandler
 .text.Cy_BLE_InvokeServiceEventHandler
                0x10083fa4       0x38 .\CortexM4\ARM_GCC_541\Debug\cy_ble_event_handler.o
                0x10083fa4                Cy_BLE_InvokeServiceEventHandler
 .text.Cy_BLE_IsDeviceAddressValid
                0x10083fdc       0x20 .\CortexM4\ARM_GCC_541\Debug\cy_ble_event_handler.o
                0x10083fdc                Cy_BLE_IsDeviceAddressValid
 .text.Cy_BLE_EventHandler
                0x10083ffc      0x724 .\CortexM4\ARM_GCC_541\Debug\cy_ble_event_handler.o
                0x10083ffc                Cy_BLE_EventHandler
 .text.Cy_BLE_CUSTOM_EventHandler
                0x10084720        0x4 .\CortexM4\ARM_GCC_541\Debug\cy_ble_custom.o
 .text.Cy_BLE_CUSTOM_Init
                0x10084724       0x20 .\CortexM4\ARM_GCC_541\Debug\cy_ble_custom.o
                0x10084724                Cy_BLE_CUSTOM_Init
 .text._write   0x10084744       0x24 .\CortexM4\ARM_GCC_541\Debug\retarget.o
                0x10084744                _write
 .text._read    0x10084768       0x2c .\CortexM4\ARM_GCC_541\Debug\retarget.o
                0x10084768                _read
 .text.vListInitialise
                0x10084794       0x18 .\CortexM4\ARM_GCC_541\Debug\list.o
                0x10084794                vListInitialise
 .text.vListInitialiseItem
                0x100847ac        0x8 .\CortexM4\ARM_GCC_541\Debug\list.o
                0x100847ac                vListInitialiseItem
 .text.vListInsertEnd
                0x100847b4       0x18 .\CortexM4\ARM_GCC_541\Debug\list.o
                0x100847b4                vListInsertEnd
 .text.vListInsert
                0x100847cc       0x34 .\CortexM4\ARM_GCC_541\Debug\list.o
                0x100847cc                vListInsert
 .text.uxListRemove
                0x10084800       0x28 .\CortexM4\ARM_GCC_541\Debug\list.o
                0x10084800                uxListRemove
 .text.prvIsQueueFull
                0x10084828       0x20 .\CortexM4\ARM_GCC_541\Debug\queue.o
 .text.prvIsQueueEmpty
                0x10084848       0x1c .\CortexM4\ARM_GCC_541\Debug\queue.o
 .text.prvCopyDataToQueue
                0x10084864       0x54 .\CortexM4\ARM_GCC_541\Debug\queue.o
 .text.prvCopyDataFromQueue
                0x100848b8       0x24 .\CortexM4\ARM_GCC_541\Debug\queue.o
 .text.prvUnlockQueue
                0x100848dc       0x68 .\CortexM4\ARM_GCC_541\Debug\queue.o
 .text.xQueueGenericReset
                0x10084944       0x80 .\CortexM4\ARM_GCC_541\Debug\queue.o
                0x10084944                xQueueGenericReset
 .text.prvInitialiseNewQueue
                0x100849c4       0x1c .\CortexM4\ARM_GCC_541\Debug\queue.o
 .text.xQueueGenericCreate
                0x100849e0       0x4c .\CortexM4\ARM_GCC_541\Debug\queue.o
                0x100849e0                xQueueGenericCreate
 .text.xQueueCreateCountingSemaphore
                0x10084a2c       0x40 .\CortexM4\ARM_GCC_541\Debug\queue.o
                0x10084a2c                xQueueCreateCountingSemaphore
 .text.xQueueGenericSend
                0x10084a6c      0x190 .\CortexM4\ARM_GCC_541\Debug\queue.o
                0x10084a6c                xQueueGenericSend
 .text.xQueueGenericSendFromISR
                0x10084bfc       0xe4 .\CortexM4\ARM_GCC_541\Debug\queue.o
                0x10084bfc                xQueueGenericSendFromISR
 .text.xQueueGiveFromISR
                0x10084ce0       0xbc .\CortexM4\ARM_GCC_541\Debug\queue.o
                0x10084ce0                xQueueGiveFromISR
 .text.xQueueReceive
                0x10084d9c      0x158 .\CortexM4\ARM_GCC_541\Debug\queue.o
                0x10084d9c                xQueueReceive
 .text.xQueueSemaphoreTake
                0x10084ef4      0x140 .\CortexM4\ARM_GCC_541\Debug\queue.o
                0x10084ef4                xQueueSemaphoreTake
 .text.vQueueAddToRegistry
                0x10085034       0x28 .\CortexM4\ARM_GCC_541\Debug\queue.o
                0x10085034                vQueueAddToRegistry
 .text.vQueueWaitForMessageRestricted
                0x1008505c       0x4c .\CortexM4\ARM_GCC_541\Debug\queue.o
                0x1008505c                vQueueWaitForMessageRestricted
 .text.prvResetNextTaskUnblockTime
                0x100850a8       0x2c .\CortexM4\ARM_GCC_541\Debug\tasks.o
 .text.prvDeleteTCB
                0x100850d4       0x14 .\CortexM4\ARM_GCC_541\Debug\tasks.o
 .text.prvInitialiseNewTask
                0x100850e8       0xa0 .\CortexM4\ARM_GCC_541\Debug\tasks.o
 .text.prvInitialiseTaskLists
                0x10085188       0x58 .\CortexM4\ARM_GCC_541\Debug\tasks.o
 .text.prvAddNewTaskToReadyList
                0x100851e0       0xac .\CortexM4\ARM_GCC_541\Debug\tasks.o
 .text.prvCheckTasksWaitingTermination
                0x1008528c       0x44 .\CortexM4\ARM_GCC_541\Debug\tasks.o
 .text.prvIdleTask
                0x100852d0       0x28 .\CortexM4\ARM_GCC_541\Debug\tasks.o
 .text.prvAddCurrentTaskToDelayedList
                0x100852f8       0x68 .\CortexM4\ARM_GCC_541\Debug\tasks.o
 .text.xTaskCreate
                0x10085360       0x64 .\CortexM4\ARM_GCC_541\Debug\tasks.o
                0x10085360                xTaskCreate
 .text.vTaskStartScheduler
                0x100853c4       0x7c .\CortexM4\ARM_GCC_541\Debug\tasks.o
                0x100853c4                vTaskStartScheduler
 .text.vTaskSuspendAll
                0x10085440       0x14 .\CortexM4\ARM_GCC_541\Debug\tasks.o
                0x10085440                vTaskSuspendAll
 .text.xTaskGetTickCount
                0x10085454        0xc .\CortexM4\ARM_GCC_541\Debug\tasks.o
                0x10085454                xTaskGetTickCount
 .text.xTaskIncrementTick
                0x10085460       0xfc .\CortexM4\ARM_GCC_541\Debug\tasks.o
                0x10085460                xTaskIncrementTick
 .text.xTaskResumeAll
                0x1008555c       0xf0 .\CortexM4\ARM_GCC_541\Debug\tasks.o
                0x1008555c                xTaskResumeAll
 .text.vTaskSwitchContext
                0x1008564c       0xc8 .\CortexM4\ARM_GCC_541\Debug\tasks.o
                0x1008564c                vTaskSwitchContext
 .text.vTaskPlaceOnEventList
                0x10085714       0x34 .\CortexM4\ARM_GCC_541\Debug\tasks.o
                0x10085714                vTaskPlaceOnEventList
 .text.vTaskPlaceOnEventListRestricted
                0x10085748       0x3c .\CortexM4\ARM_GCC_541\Debug\tasks.o
                0x10085748                vTaskPlaceOnEventListRestricted
 .text.xTaskRemoveFromEventList
                0x10085784       0x88 .\CortexM4\ARM_GCC_541\Debug\tasks.o
                0x10085784                xTaskRemoveFromEventList
 .text.vTaskInternalSetTimeOutState
                0x1008580c       0x14 .\CortexM4\ARM_GCC_541\Debug\tasks.o
                0x1008580c                vTaskInternalSetTimeOutState
 .text.xTaskCheckForTimeOut
                0x10085820       0x80 .\CortexM4\ARM_GCC_541\Debug\tasks.o
                0x10085820                xTaskCheckForTimeOut
 .text.vTaskMissedYield
                0x100858a0       0x10 .\CortexM4\ARM_GCC_541\Debug\tasks.o
                0x100858a0                vTaskMissedYield
 .text.xTaskGetSchedulerState
                0x100858b0       0x20 .\CortexM4\ARM_GCC_541\Debug\tasks.o
                0x100858b0                xTaskGetSchedulerState
 .text.prvGetNextExpireTime
                0x100858d0       0x20 .\CortexM4\ARM_GCC_541\Debug\timers.o
 .text.prvInsertTimerInActiveList
                0x100858f0       0x44 .\CortexM4\ARM_GCC_541\Debug\timers.o
 .text.prvCheckForValidListAndQueue
                0x10085934       0x48 .\CortexM4\ARM_GCC_541\Debug\timers.o
 .text.xTimerCreateTimerTask
                0x1008597c       0x50 .\CortexM4\ARM_GCC_541\Debug\timers.o
                0x1008597c                xTimerCreateTimerTask
 .text.xTimerGenericCommand
                0x100859cc       0x6c .\CortexM4\ARM_GCC_541\Debug\timers.o
                0x100859cc                xTimerGenericCommand
 .text.prvSwitchTimerLists
                0x10085a38       0x74 .\CortexM4\ARM_GCC_541\Debug\timers.o
 .text.prvSampleTimeNow
                0x10085aac       0x2c .\CortexM4\ARM_GCC_541\Debug\timers.o
 .text.prvProcessExpiredTimer
                0x10085ad8       0x5c .\CortexM4\ARM_GCC_541\Debug\timers.o
 .text.prvProcessTimerOrBlockTask
                0x10085b34       0x70 .\CortexM4\ARM_GCC_541\Debug\timers.o
 .text.prvProcessReceivedCommands
                0x10085ba4       0xbc .\CortexM4\ARM_GCC_541\Debug\timers.o
 .text.prvTimerTask
                0x10085c60       0x18 .\CortexM4\ARM_GCC_541\Debug\timers.o
 .text.prvTaskExitError
                0x10085c78       0x40 .\CortexM4\ARM_GCC_541\Debug\port.o
 .text.prvPortStartFirstTask
                0x10085cb8       0x28 .\CortexM4\ARM_GCC_541\Debug\port.o
 .text.vPortEnableVFP
                0x10085ce0       0x14 .\CortexM4\ARM_GCC_541\Debug\port.o
 .text.pxPortInitialiseStack
                0x10085cf4       0x2c .\CortexM4\ARM_GCC_541\Debug\port.o
                0x10085cf4                pxPortInitialiseStack
 .text.SVC_Handler
                0x10085d20       0x24 .\CortexM4\ARM_GCC_541\Debug\port.o
                0x10085d20                SVC_Handler
 .text.vPortEnterCritical
                0x10085d44       0x44 .\CortexM4\ARM_GCC_541\Debug\port.o
                0x10085d44                vPortEnterCritical
 .text.vPortExitCritical
                0x10085d88       0x2c .\CortexM4\ARM_GCC_541\Debug\port.o
                0x10085d88                vPortExitCritical
 *fill*         0x10085db4        0xc 
 .text.PendSV_Handler
                0x10085dc0       0x64 .\CortexM4\ARM_GCC_541\Debug\port.o
                0x10085dc0                PendSV_Handler
 .text.SysTick_Handler
                0x10085e24       0x2c .\CortexM4\ARM_GCC_541\Debug\port.o
                0x10085e24                SysTick_Handler
 .text.vPortSetupTimerInterrupt
                0x10085e50       0x38 .\CortexM4\ARM_GCC_541\Debug\port.o
                0x10085e50                vPortSetupTimerInterrupt
 .text.xPortStartScheduler
                0x10085e88       0xe0 .\CortexM4\ARM_GCC_541\Debug\port.o
                0x10085e88                xPortStartScheduler
 .text.vPortValidateInterruptPriority
                0x10085f68       0x58 .\CortexM4\ARM_GCC_541\Debug\port.o
                0x10085f68                vPortValidateInterruptPriority
 .text.pvPortMalloc
                0x10085fc0       0x60 .\CortexM4\ARM_GCC_541\Debug\heap_1.o
                0x10085fc0                pvPortMalloc
 .text.vPortFree
                0x10086020       0x18 .\CortexM4\ARM_GCC_541\Debug\heap_1.o
                0x10086020                vPortFree
 .text.Cy_BLE_Start
                0x10086038       0x38 .\CortexM4\ARM_GCC_541\Debug\BLE.o
                0x10086038                Cy_BLE_Start
 .text.UART_Interrupt
                0x10086070       0x14 .\CortexM4\ARM_GCC_541\Debug\UART.o
 .text.UART_Start
                0x10086084       0x64 .\CortexM4\ARM_GCC_541\Debug\UART.o
                0x10086084                UART_Start
 .text.PWM_AFE_Start
                0x100860e8       0x30 .\CortexM4\ARM_GCC_541\Debug\PWM_AFE.o
                0x100860e8                PWM_AFE_Start
 .text.I2C_2_Interrupt
                0x10086118       0x14 .\CortexM4\ARM_GCC_541\Debug\I2C_2.o
 .text.I2C_2_Start
                0x1008612c       0x78 .\CortexM4\ARM_GCC_541\Debug\I2C_2.o
                0x1008612c                I2C_2_Start
 .text.PWM_CYC_Start
                0x100861a4       0x30 .\CortexM4\ARM_GCC_541\Debug\PWM_CYC.o
                0x100861a4                PWM_CYC_Start
 .text.PWM_TIM_Start
                0x100861d4       0x30 .\CortexM4\ARM_GCC_541\Debug\PWM_TIM.o
                0x100861d4                PWM_TIM_Start
 .text          0x10086204      0x370 c:/program files (x86)/cypress/psoc creator/4.4/psoc creator/import/gnu/arm/5.4.1/bin/../lib/gcc/arm-none-eabi/5.4.1/armv7e-m/softfp\libgcc.a(_arm_addsubdf3.o)
                0x10086204                __aeabi_drsub
                0x1008620c                __aeabi_dsub
                0x1008620c                __subdf3
                0x10086210                __aeabi_dadd
                0x10086210                __adddf3
                0x10086488                __floatunsidf
                0x10086488                __aeabi_ui2d
                0x100864a8                __floatsidf
                0x100864a8                __aeabi_i2d
                0x100864cc                __aeabi_f2d
                0x100864cc                __extendsfdf2
                0x10086508                __floatundidf
                0x10086508                __aeabi_ul2d
                0x10086518                __floatdidf
                0x10086518                __aeabi_l2d
 .text          0x10086574      0x424 c:/program files (x86)/cypress/psoc creator/4.4/psoc creator/import/gnu/arm/5.4.1/bin/../lib/gcc/arm-none-eabi/5.4.1/armv7e-m/softfp\libgcc.a(_arm_muldivdf3.o)
                0x10086574                __aeabi_dmul
                0x10086574                __muldf3
                0x100867c8                __divdf3
                0x100867c8                __aeabi_ddiv
 .text          0x10086998      0x110 c:/program files (x86)/cypress/psoc creator/4.4/psoc creator/import/gnu/arm/5.4.1/bin/../lib/gcc/arm-none-eabi/5.4.1/armv7e-m/softfp\libgcc.a(_arm_cmpdf2.o)
                0x10086998                __gtdf2
                0x10086998                __gedf2
                0x100869a0                __ltdf2
                0x100869a0                __ledf2
                0x100869a8                __nedf2
                0x100869a8                __eqdf2
                0x100869a8                __cmpdf2
                0x10086a24                __aeabi_cdrcmple
                0x10086a34                __aeabi_cdcmpeq
                0x10086a34                __aeabi_cdcmple
                0x10086a44                __aeabi_dcmpeq
                0x10086a58                __aeabi_dcmplt
                0x10086a6c                __aeabi_dcmple
                0x10086a80                __aeabi_dcmpge
                0x10086a94                __aeabi_dcmpgt
 .text          0x10086aa8       0x40 c:/program files (x86)/cypress/psoc creator/4.4/psoc creator/import/gnu/arm/5.4.1/bin/../lib/gcc/arm-none-eabi/5.4.1/armv7e-m/softfp\libgcc.a(_arm_fixunsdfsi.o)
                0x10086aa8                __aeabi_d2uiz
                0x10086aa8                __fixunsdfsi
 .text.memcmp   0x10086ae8       0x1e c:/program files (x86)/cypress/psoc creator/4.4/psoc creator/import/gnu/arm/5.4.1/bin/../lib/gcc/arm-none-eabi/5.4.1/../../../../arm-none-eabi/lib/armv7e-m/softfp\libg_nano.a(lib_a-memcmp.o)
                0x10086ae8                memcmp
 .text.memcpy   0x10086b06       0x16 c:/program files (x86)/cypress/psoc creator/4.4/psoc creator/import/gnu/arm/5.4.1/bin/../lib/gcc/arm-none-eabi/5.4.1/../../../../arm-none-eabi/lib/armv7e-m/softfp\libg_nano.a(lib_a-memcpy-stub.o)
                0x10086b06                memcpy
 .text.memset   0x10086b1c       0x10 c:/program files (x86)/cypress/psoc creator/4.4/psoc creator/import/gnu/arm/5.4.1/bin/../lib/gcc/arm-none-eabi/5.4.1/../../../../arm-none-eabi/lib/armv7e-m/softfp\libg_nano.a(lib_a-memset.o)
                0x10086b1c                memset
 .text.__cvt    0x10086b2c       0xc2 c:/program files (x86)/cypress/psoc creator/4.4/psoc creator/import/gnu/arm/5.4.1/bin/../lib/gcc/arm-none-eabi/5.4.1/../../../../arm-none-eabi/lib/armv7e-m/softfp\libg_nano.a(lib_a-nano-vfprintf_float.o)
                0x10086b2c                __cvt
 .text.__exponent
                0x10086bee       0x60 c:/program files (x86)/cypress/psoc creator/4.4/psoc creator/import/gnu/arm/5.4.1/bin/../lib/gcc/arm-none-eabi/5.4.1/../../../../arm-none-eabi/lib/armv7e-m/softfp\libg_nano.a(lib_a-nano-vfprintf_float.o)
                0x10086bee                __exponent
 *fill*         0x10086c4e        0x2 
 .text._printf_float
                0x10086c50      0x488 c:/program files (x86)/cypress/psoc creator/4.4/psoc creator/import/gnu/arm/5.4.1/bin/../lib/gcc/arm-none-eabi/5.4.1/../../../../arm-none-eabi/lib/armv7e-m/softfp\libg_nano.a(lib_a-nano-vfprintf_float.o)
                0x10086c50                _printf_float
 .text._printf_common
                0x100870d8       0xec c:/program files (x86)/cypress/psoc creator/4.4/psoc creator/import/gnu/arm/5.4.1/bin/../lib/gcc/arm-none-eabi/5.4.1/../../../../arm-none-eabi/lib/armv7e-m/softfp\libg_nano.a(lib_a-nano-vfprintf_i.o)
                0x100870d8                _printf_common
 .text._printf_i
                0x100871c4      0x24c c:/program files (x86)/cypress/psoc creator/4.4/psoc creator/import/gnu/arm/5.4.1/bin/../lib/gcc/arm-none-eabi/5.4.1/../../../../arm-none-eabi/lib/armv7e-m/softfp\libg_nano.a(lib_a-nano-vfprintf_i.o)
                0x100871c4                _printf_i
 .text.printf   0x10087410       0x30 c:/program files (x86)/cypress/psoc creator/4.4/psoc creator/import/gnu/arm/5.4.1/bin/../lib/gcc/arm-none-eabi/5.4.1/../../../../arm-none-eabi/lib/armv7e-m/softfp\libg_nano.a(lib_a-printf.o)
                0x10087410                iprintf
                0x10087410                printf
 .text._puts_r  0x10087440       0xb4 c:/program files (x86)/cypress/psoc creator/4.4/psoc creator/import/gnu/arm/5.4.1/bin/../lib/gcc/arm-none-eabi/5.4.1/../../../../arm-none-eabi/lib/armv7e-m/softfp\libg_nano.a(lib_a-puts.o)
                0x10087440                _puts_r
 .text.puts     0x100874f4       0x10 c:/program files (x86)/cypress/psoc creator/4.4/psoc creator/import/gnu/arm/5.4.1/bin/../lib/gcc/arm-none-eabi/5.4.1/../../../../arm-none-eabi/lib/armv7e-m/softfp\libg_nano.a(lib_a-puts.o)
                0x100874f4                puts
 .text.setvbuf  0x10087504      0x154 c:/program files (x86)/cypress/psoc creator/4.4/psoc creator/import/gnu/arm/5.4.1/bin/../lib/gcc/arm-none-eabi/5.4.1/../../../../arm-none-eabi/lib/armv7e-m/softfp\libg_nano.a(lib_a-setvbuf.o)
                0x10087504                setvbuf
 .text          0x10087658       0x10 c:/program files (x86)/cypress/psoc creator/4.4/psoc creator/import/gnu/arm/5.4.1/bin/../lib/gcc/arm-none-eabi/5.4.1/../../../../arm-none-eabi/lib/armv7e-m/softfp\libg_nano.a(lib_a-strlen.o)
                0x10087658                strlen
 .text.strncpy  0x10087668       0x26 c:/program files (x86)/cypress/psoc creator/4.4/psoc creator/import/gnu/arm/5.4.1/bin/../lib/gcc/arm-none-eabi/5.4.1/../../../../arm-none-eabi/lib/armv7e-m/softfp\libg_nano.a(lib_a-strncpy.o)
                0x10087668                strncpy
 *fill*         0x1008768e        0x2 
 .text.__swbuf_r
                0x10087690       0xa8 c:/program files (x86)/cypress/psoc creator/4.4/psoc creator/import/gnu/arm/5.4.1/bin/../lib/gcc/arm-none-eabi/5.4.1/../../../../arm-none-eabi/lib/armv7e-m/softfp\libg_nano.a(lib_a-wbuf.o)
                0x10087690                __swbuf_r
 .text.__swsetup_r
                0x10087738       0xdc c:/program files (x86)/cypress/psoc creator/4.4/psoc creator/import/gnu/arm/5.4.1/bin/../lib/gcc/arm-none-eabi/5.4.1/../../../../arm-none-eabi/lib/armv7e-m/softfp\libg_nano.a(lib_a-wsetup.o)
                0x10087738                __swsetup_r
 .text.quorem   0x10087814      0x11e c:/program files (x86)/cypress/psoc creator/4.4/psoc creator/import/gnu/arm/5.4.1/bin/../lib/gcc/arm-none-eabi/5.4.1/../../../../arm-none-eabi/lib/armv7e-m/softfp\libg_nano.a(lib_a-dtoa.o)
 *fill*         0x10087932        0x6 
 .text._dtoa_r  0x10087938      0xb38 c:/program files (x86)/cypress/psoc creator/4.4/psoc creator/import/gnu/arm/5.4.1/bin/../lib/gcc/arm-none-eabi/5.4.1/../../../../arm-none-eabi/lib/armv7e-m/softfp\libg_nano.a(lib_a-dtoa.o)
                0x10087938                _dtoa_r
 .text.__sflush_r
                0x10088470      0x110 c:/program files (x86)/cypress/psoc creator/4.4/psoc creator/import/gnu/arm/5.4.1/bin/../lib/gcc/arm-none-eabi/5.4.1/../../../../arm-none-eabi/lib/armv7e-m/softfp\libg_nano.a(lib_a-fflush.o)
                0x10088470                __sflush_r
 .text._fflush_r
                0x10088580       0x54 c:/program files (x86)/cypress/psoc creator/4.4/psoc creator/import/gnu/arm/5.4.1/bin/../lib/gcc/arm-none-eabi/5.4.1/../../../../arm-none-eabi/lib/armv7e-m/softfp\libg_nano.a(lib_a-fflush.o)
                0x10088580                _fflush_r
 .text._cleanup_r
                0x100885d4        0xc c:/program files (x86)/cypress/psoc creator/4.4/psoc creator/import/gnu/arm/5.4.1/bin/../lib/gcc/arm-none-eabi/5.4.1/../../../../arm-none-eabi/lib/armv7e-m/softfp\libg_nano.a(lib_a-findfp.o)
                0x100885d4                _cleanup_r
 .text.std.isra.0
                0x100885e0       0x48 c:/program files (x86)/cypress/psoc creator/4.4/psoc creator/import/gnu/arm/5.4.1/bin/../lib/gcc/arm-none-eabi/5.4.1/../../../../arm-none-eabi/lib/armv7e-m/softfp\libg_nano.a(lib_a-findfp.o)
 .text.__sfmoreglue
                0x10088628       0x2c c:/program files (x86)/cypress/psoc creator/4.4/psoc creator/import/gnu/arm/5.4.1/bin/../lib/gcc/arm-none-eabi/5.4.1/../../../../arm-none-eabi/lib/armv7e-m/softfp\libg_nano.a(lib_a-findfp.o)
                0x10088628                __sfmoreglue
 .text.__sinit  0x10088654       0x60 c:/program files (x86)/cypress/psoc creator/4.4/psoc creator/import/gnu/arm/5.4.1/bin/../lib/gcc/arm-none-eabi/5.4.1/../../../../arm-none-eabi/lib/armv7e-m/softfp\libg_nano.a(lib_a-findfp.o)
                0x10088654                __sinit
 .text.__sfp    0x100886b4       0x78 c:/program files (x86)/cypress/psoc creator/4.4/psoc creator/import/gnu/arm/5.4.1/bin/../lib/gcc/arm-none-eabi/5.4.1/../../../../arm-none-eabi/lib/armv7e-m/softfp\libg_nano.a(lib_a-findfp.o)
                0x100886b4                __sfp
 .text._fwalk_reent
                0x1008872c       0x3c c:/program files (x86)/cypress/psoc creator/4.4/psoc creator/import/gnu/arm/5.4.1/bin/../lib/gcc/arm-none-eabi/5.4.1/../../../../arm-none-eabi/lib/armv7e-m/softfp\libg_nano.a(lib_a-fwalk.o)
                0x1008872c                _fwalk_reent
 .text._localeconv_r
                0x10088768        0x8 c:/program files (x86)/cypress/psoc creator/4.4/psoc creator/import/gnu/arm/5.4.1/bin/../lib/gcc/arm-none-eabi/5.4.1/../../../../arm-none-eabi/lib/armv7e-m/softfp\libg_nano.a(lib_a-locale.o)
                0x10088768                _localeconv_r
 .text.__swhatbuf_r
                0x10088770       0x46 c:/program files (x86)/cypress/psoc creator/4.4/psoc creator/import/gnu/arm/5.4.1/bin/../lib/gcc/arm-none-eabi/5.4.1/../../../../arm-none-eabi/lib/armv7e-m/softfp\libg_nano.a(lib_a-makebuf.o)
                0x10088770                __swhatbuf_r
 *fill*         0x100887b6        0x2 
 .text.__smakebuf_r
                0x100887b8       0x78 c:/program files (x86)/cypress/psoc creator/4.4/psoc creator/import/gnu/arm/5.4.1/bin/../lib/gcc/arm-none-eabi/5.4.1/../../../../arm-none-eabi/lib/armv7e-m/softfp\libg_nano.a(lib_a-makebuf.o)
                0x100887b8                __smakebuf_r
 .text.malloc   0x10088830       0x10 c:/program files (x86)/cypress/psoc creator/4.4/psoc creator/import/gnu/arm/5.4.1/bin/../lib/gcc/arm-none-eabi/5.4.1/../../../../arm-none-eabi/lib/armv7e-m/softfp\libg_nano.a(lib_a-malloc.o)
                0x10088830                malloc
 .text          0x10088840       0xa0 c:/program files (x86)/cypress/psoc creator/4.4/psoc creator/import/gnu/arm/5.4.1/bin/../lib/gcc/arm-none-eabi/5.4.1/../../../../arm-none-eabi/lib/armv7e-m/softfp\libg_nano.a(lib_a-memchr.o)
                0x10088840                memchr
 .text._Balloc  0x100888e0       0x6a c:/program files (x86)/cypress/psoc creator/4.4/psoc creator/import/gnu/arm/5.4.1/bin/../lib/gcc/arm-none-eabi/5.4.1/../../../../arm-none-eabi/lib/armv7e-m/softfp\libg_nano.a(lib_a-mprec.o)
                0x100888e0                _Balloc
 .text._Bfree   0x1008894a       0x2e c:/program files (x86)/cypress/psoc creator/4.4/psoc creator/import/gnu/arm/5.4.1/bin/../lib/gcc/arm-none-eabi/5.4.1/../../../../arm-none-eabi/lib/armv7e-m/softfp\libg_nano.a(lib_a-mprec.o)
                0x1008894a                _Bfree
 .text.__multadd
                0x10088978       0x76 c:/program files (x86)/cypress/psoc creator/4.4/psoc creator/import/gnu/arm/5.4.1/bin/../lib/gcc/arm-none-eabi/5.4.1/../../../../arm-none-eabi/lib/armv7e-m/softfp\libg_nano.a(lib_a-mprec.o)
                0x10088978                __multadd
 .text.__hi0bits
                0x100889ee       0x40 c:/program files (x86)/cypress/psoc creator/4.4/psoc creator/import/gnu/arm/5.4.1/bin/../lib/gcc/arm-none-eabi/5.4.1/../../../../arm-none-eabi/lib/armv7e-m/softfp\libg_nano.a(lib_a-mprec.o)
                0x100889ee                __hi0bits
 .text.__lo0bits
                0x10088a2e       0x5a c:/program files (x86)/cypress/psoc creator/4.4/psoc creator/import/gnu/arm/5.4.1/bin/../lib/gcc/arm-none-eabi/5.4.1/../../../../arm-none-eabi/lib/armv7e-m/softfp\libg_nano.a(lib_a-mprec.o)
                0x10088a2e                __lo0bits
 .text.__i2b    0x10088a88       0x12 c:/program files (x86)/cypress/psoc creator/4.4/psoc creator/import/gnu/arm/5.4.1/bin/../lib/gcc/arm-none-eabi/5.4.1/../../../../arm-none-eabi/lib/armv7e-m/softfp\libg_nano.a(lib_a-mprec.o)
                0x10088a88                __i2b
 .text.__multiply
                0x10088a9a      0x122 c:/program files (x86)/cypress/psoc creator/4.4/psoc creator/import/gnu/arm/5.4.1/bin/../lib/gcc/arm-none-eabi/5.4.1/../../../../arm-none-eabi/lib/armv7e-m/softfp\libg_nano.a(lib_a-mprec.o)
                0x10088a9a                __multiply
 .text.__pow5mult
                0x10088bbc       0x9c c:/program files (x86)/cypress/psoc creator/4.4/psoc creator/import/gnu/arm/5.4.1/bin/../lib/gcc/arm-none-eabi/5.4.1/../../../../arm-none-eabi/lib/armv7e-m/softfp\libg_nano.a(lib_a-mprec.o)
                0x10088bbc                __pow5mult
 .text.__lshift
                0x10088c58       0xa2 c:/program files (x86)/cypress/psoc creator/4.4/psoc creator/import/gnu/arm/5.4.1/bin/../lib/gcc/arm-none-eabi/5.4.1/../../../../arm-none-eabi/lib/armv7e-m/softfp\libg_nano.a(lib_a-mprec.o)
                0x10088c58                __lshift
 .text.__mcmp   0x10088cfa       0x38 c:/program files (x86)/cypress/psoc creator/4.4/psoc creator/import/gnu/arm/5.4.1/bin/../lib/gcc/arm-none-eabi/5.4.1/../../../../arm-none-eabi/lib/armv7e-m/softfp\libg_nano.a(lib_a-mprec.o)
                0x10088cfa                __mcmp
 .text.__mdiff  0x10088d32       0xbe c:/program files (x86)/cypress/psoc creator/4.4/psoc creator/import/gnu/arm/5.4.1/bin/../lib/gcc/arm-none-eabi/5.4.1/../../../../arm-none-eabi/lib/armv7e-m/softfp\libg_nano.a(lib_a-mprec.o)
                0x10088d32                __mdiff
 .text.__d2b    0x10088df0       0x9c c:/program files (x86)/cypress/psoc creator/4.4/psoc creator/import/gnu/arm/5.4.1/bin/../lib/gcc/arm-none-eabi/5.4.1/../../../../arm-none-eabi/lib/armv7e-m/softfp\libg_nano.a(lib_a-mprec.o)
                0x10088df0                __d2b
 .text._calloc_r
                0x10088e8c       0x1c c:/program files (x86)/cypress/psoc creator/4.4/psoc creator/import/gnu/arm/5.4.1/bin/../lib/gcc/arm-none-eabi/5.4.1/../../../../arm-none-eabi/lib/armv7e-m/softfp\libg_nano.a(lib_a-nano-callocr.o)
                0x10088e8c                _calloc_r
 .text._free_r  0x10088ea8       0x9c c:/program files (x86)/cypress/psoc creator/4.4/psoc creator/import/gnu/arm/5.4.1/bin/../lib/gcc/arm-none-eabi/5.4.1/../../../../arm-none-eabi/lib/armv7e-m/softfp\libg_nano.a(lib_a-nano-freer.o)
                0x10088ea8                _free_r
 .text._malloc_r
                0x10088f44       0xbc c:/program files (x86)/cypress/psoc creator/4.4/psoc creator/import/gnu/arm/5.4.1/bin/../lib/gcc/arm-none-eabi/5.4.1/../../../../arm-none-eabi/lib/armv7e-m/softfp\libg_nano.a(lib_a-nano-mallocr.o)
                0x10088f44                _malloc_r
 .text.__sfputc_r
                0x10089000       0x30 c:/program files (x86)/cypress/psoc creator/4.4/psoc creator/import/gnu/arm/5.4.1/bin/../lib/gcc/arm-none-eabi/5.4.1/../../../../arm-none-eabi/lib/armv7e-m/softfp\libg_nano.a(lib_a-nano-vfprintf.o)
 .text.__sfputs_r
                0x10089030       0x24 c:/program files (x86)/cypress/psoc creator/4.4/psoc creator/import/gnu/arm/5.4.1/bin/../lib/gcc/arm-none-eabi/5.4.1/../../../../arm-none-eabi/lib/armv7e-m/softfp\libg_nano.a(lib_a-nano-vfprintf.o)
                0x10089030                __sfputs_r
 .text._vfprintf_r
                0x10089054      0x238 c:/program files (x86)/cypress/psoc creator/4.4/psoc creator/import/gnu/arm/5.4.1/bin/../lib/gcc/arm-none-eabi/5.4.1/../../../../arm-none-eabi/lib/armv7e-m/softfp\libg_nano.a(lib_a-nano-vfprintf.o)
                0x10089054                _vfprintf_r
                0x10089054                _vfiprintf_r
 .text._sbrk_r  0x1008928c       0x20 c:/program files (x86)/cypress/psoc creator/4.4/psoc creator/import/gnu/arm/5.4.1/bin/../lib/gcc/arm-none-eabi/5.4.1/../../../../arm-none-eabi/lib/armv7e-m/softfp\libg_nano.a(lib_a-sbrkr.o)
                0x1008928c                _sbrk_r
 .text.__sread  0x100892ac       0x22 c:/program files (x86)/cypress/psoc creator/4.4/psoc creator/import/gnu/arm/5.4.1/bin/../lib/gcc/arm-none-eabi/5.4.1/../../../../arm-none-eabi/lib/armv7e-m/softfp\libg_nano.a(lib_a-stdio.o)
                0x100892ac                __sread
 .text.__swrite
                0x100892ce       0x38 c:/program files (x86)/cypress/psoc creator/4.4/psoc creator/import/gnu/arm/5.4.1/bin/../lib/gcc/arm-none-eabi/5.4.1/../../../../arm-none-eabi/lib/armv7e-m/softfp\libg_nano.a(lib_a-stdio.o)
                0x100892ce                __swrite
 .text.__sseek  0x10089306       0x24 c:/program files (x86)/cypress/psoc creator/4.4/psoc creator/import/gnu/arm/5.4.1/bin/../lib/gcc/arm-none-eabi/5.4.1/../../../../arm-none-eabi/lib/armv7e-m/softfp\libg_nano.a(lib_a-stdio.o)
                0x10089306                __sseek
 .text.__sclose
                0x1008932a        0x8 c:/program files (x86)/cypress/psoc creator/4.4/psoc creator/import/gnu/arm/5.4.1/bin/../lib/gcc/arm-none-eabi/5.4.1/../../../../arm-none-eabi/lib/armv7e-m/softfp\libg_nano.a(lib_a-stdio.o)
                0x1008932a                __sclose
 *fill*         0x10089332        0x2 
 .text._write_r
                0x10089334       0x24 c:/program files (x86)/cypress/psoc creator/4.4/psoc creator/import/gnu/arm/5.4.1/bin/../lib/gcc/arm-none-eabi/5.4.1/../../../../arm-none-eabi/lib/armv7e-m/softfp\libg_nano.a(lib_a-writer.o)
                0x10089334                _write_r
 .text._close_r
                0x10089358       0x20 c:/program files (x86)/cypress/psoc creator/4.4/psoc creator/import/gnu/arm/5.4.1/bin/../lib/gcc/arm-none-eabi/5.4.1/../../../../arm-none-eabi/lib/armv7e-m/softfp\libg_nano.a(lib_a-closer.o)
                0x10089358                _close_r
 .text._fstat_r
                0x10089378       0x24 c:/program files (x86)/cypress/psoc creator/4.4/psoc creator/import/gnu/arm/5.4.1/bin/../lib/gcc/arm-none-eabi/5.4.1/../../../../arm-none-eabi/lib/armv7e-m/softfp\libg_nano.a(lib_a-fstatr.o)
                0x10089378                _fstat_r
 .text._isatty_r
                0x1008939c       0x20 c:/program files (x86)/cypress/psoc creator/4.4/psoc creator/import/gnu/arm/5.4.1/bin/../lib/gcc/arm-none-eabi/5.4.1/../../../../arm-none-eabi/lib/armv7e-m/softfp\libg_nano.a(lib_a-isattyr.o)
                0x1008939c                _isatty_r
 .text._lseek_r
                0x100893bc       0x24 c:/program files (x86)/cypress/psoc creator/4.4/psoc creator/import/gnu/arm/5.4.1/bin/../lib/gcc/arm-none-eabi/5.4.1/../../../../arm-none-eabi/lib/armv7e-m/softfp\libg_nano.a(lib_a-lseekr.o)
                0x100893bc                _lseek_r
 .text.__malloc_lock
                0x100893e0        0x2 c:/program files (x86)/cypress/psoc creator/4.4/psoc creator/import/gnu/arm/5.4.1/bin/../lib/gcc/arm-none-eabi/5.4.1/../../../../arm-none-eabi/lib/armv7e-m/softfp\libg_nano.a(lib_a-mlock.o)
                0x100893e0                __malloc_lock
 .text.__malloc_unlock
                0x100893e2        0x2 c:/program files (x86)/cypress/psoc creator/4.4/psoc creator/import/gnu/arm/5.4.1/bin/../lib/gcc/arm-none-eabi/5.4.1/../../../../arm-none-eabi/lib/armv7e-m/softfp\libg_nano.a(lib_a-mlock.o)
                0x100893e2                __malloc_unlock
 .text._read_r  0x100893e4       0x24 c:/program files (x86)/cypress/psoc creator/4.4/psoc creator/import/gnu/arm/5.4.1/bin/../lib/gcc/arm-none-eabi/5.4.1/../../../../arm-none-eabi/lib/armv7e-m/softfp\libg_nano.a(lib_a-readr.o)
                0x100893e4                _read_r
 .text          0x10089408       0x2c c:/program files (x86)/cypress/psoc creator/4.4/psoc creator/import/gnu/arm/5.4.1/bin/../lib/gcc/arm-none-eabi/5.4.1/armv7e-m/softfp\libgcc.a(_arm_unorddf2.o)
                0x10089408                __unorddf2
                0x10089408                __aeabi_dcmpun
 .text          0x10089434       0x50 c:/program files (x86)/cypress/psoc creator/4.4/psoc creator/import/gnu/arm/5.4.1/bin/../lib/gcc/arm-none-eabi/5.4.1/armv7e-m/softfp\libgcc.a(_arm_fixdfsi.o)
                0x10089434                __aeabi_d2iz
                0x10089434                __fixdfsi
 .text._close   0x10089484       0x10 c:/program files (x86)/cypress/psoc creator/4.4/psoc creator/import/gnu/arm/5.4.1/bin/../lib/gcc/arm-none-eabi/5.4.1/../../../../arm-none-eabi/lib/armv7e-m/softfp\libnosys.a(close.o)
                0x10089484                _close
 .text._fstat   0x10089494       0x10 c:/program files (x86)/cypress/psoc creator/4.4/psoc creator/import/gnu/arm/5.4.1/bin/../lib/gcc/arm-none-eabi/5.4.1/../../../../arm-none-eabi/lib/armv7e-m/softfp\libnosys.a(fstat.o)
                0x10089494                _fstat
 .text._isatty  0x100894a4       0x10 c:/program files (x86)/cypress/psoc creator/4.4/psoc creator/import/gnu/arm/5.4.1/bin/../lib/gcc/arm-none-eabi/5.4.1/../../../../arm-none-eabi/lib/armv7e-m/softfp\libnosys.a(isatty.o)
                0x100894a4                _isatty
 .text._lseek   0x100894b4       0x10 c:/program files (x86)/cypress/psoc creator/4.4/psoc creator/import/gnu/arm/5.4.1/bin/../lib/gcc/arm-none-eabi/5.4.1/../../../../arm-none-eabi/lib/armv7e-m/softfp\libnosys.a(lseek.o)
                0x100894b4                _lseek
 .text._sbrk    0x100894c4       0x1c c:/program files (x86)/cypress/psoc creator/4.4/psoc creator/import/gnu/arm/5.4.1/bin/../lib/gcc/arm-none-eabi/5.4.1/../../../../arm-none-eabi/lib/armv7e-m/softfp\libnosys.a(sbrk.o)
                0x100894c4                _sbrk
 *(.init)
 .init          0x100894e0        0x4 c:/program files (x86)/cypress/psoc creator/4.4/psoc creator/import/gnu/arm/5.4.1/bin/../lib/gcc/arm-none-eabi/5.4.1/armv7e-m/softfp/crti.o
                0x100894e0                _init
 .init          0x100894e4        0x8 c:/program files (x86)/cypress/psoc creator/4.4/psoc creator/import/gnu/arm/5.4.1/bin/../lib/gcc/arm-none-eabi/5.4.1/armv7e-m/softfp/crtn.o
 *(.fini)
 .fini          0x100894ec        0x4 c:/program files (x86)/cypress/psoc creator/4.4/psoc creator/import/gnu/arm/5.4.1/bin/../lib/gcc/arm-none-eabi/5.4.1/armv7e-m/softfp/crti.o
                0x100894ec                _fini
 .fini          0x100894f0        0x8 c:/program files (x86)/cypress/psoc creator/4.4/psoc creator/import/gnu/arm/5.4.1/bin/../lib/gcc/arm-none-eabi/5.4.1/armv7e-m/softfp/crtn.o
 *crtbegin.o(.ctors)
 *crtbegin?.o(.ctors)
 *(EXCLUDE_FILE(*crtend.o *crtend?.o) .ctors)
 *(SORT(.ctors.*))
 *(.ctors)
 *crtbegin.o(.dtors)
 *crtbegin?.o(.dtors)
 *(EXCLUDE_FILE(*crtend.o *crtend?.o) .dtors)
 *(SORT(.dtors.*))
 *(.dtors)
 *(.rodata .rodata.* .constdata .constdata.* .conststring .conststring.*)
 .rodata        0x100894f8      0x168 .\CortexM4\ARM_GCC_541\Debug\led_task.o
 .rodata.str1.4
                0x10089660      0x165 .\CortexM4\ARM_GCC_541\Debug\led_task.o
 *fill*         0x100897c5        0x3 
 .rodata.str1.4
                0x100897c8       0x7f .\CortexM4\ARM_GCC_541\Debug\main_cm4.o
 *fill*         0x10089847        0x1 
 .rodata        0x10089848       0x34 .\CortexM4\ARM_GCC_541\Debug\system_psoc6_cm4.o
 .rodata        0x1008987c       0x38 .\CortexM4\ARM_GCC_541\Debug\cyfitter_sysint_cfg.o
                0x1008987c                ISR_TIM_cfg
                0x10089884                ISR_CYC_cfg
                0x1008988c                ISR_AFE1_cfg
                0x10089894                ISR_AFE0_cfg
                0x1008989c                UART_SCB_IRQ_cfg
                0x100898a4                I2C_2_SCB_IRQ_cfg
                0x100898ac                I2C_1_SCB_IRQ_cfg
 .rodata        0x100898b4       0x14 .\CortexM4\ARM_GCC_541\Debug\I2C_1.o
                0x100898b4                I2C_1_config
 .rodata.str1.4
                0x100898c8       0x3f .\CortexM4\ARM_GCC_541\Debug\cy_flash.o
 *fill*         0x10089907        0x1 
 .rodata.str1.4
                0x10089908       0x7f .\CortexM4\ARM_GCC_541\Debug\cy_ipc_drv.o
 .rodata.str1.4
                0x10089987       0x3f .\CortexM4\ARM_GCC_541\Debug\cy_ipc_sema.o
 *fill*         0x10089987        0x1 
 .rodata.str1.4
                0x10089988       0x40 .\CortexM4\ARM_GCC_541\Debug\cy_ipc_pipe.o
                                 0x7f (size before relaxing)
 .rodata.str1.4
                0x100899c8       0xc3 .\CortexM4\ARM_GCC_541\Debug\cy_scb_i2c.o
 *fill*         0x10089a8b        0x1 
 .rodata.str1.4
                0x10089a8c       0x80 .\CortexM4\ARM_GCC_541\Debug\cy_scb_uart.o
                                 0xc4 (size before relaxing)
 .rodata.str1.4
                0x10089b0c       0x41 .\CortexM4\ARM_GCC_541\Debug\cy_sysint.o
 *fill*         0x10089b4d        0x3 
 .rodata        0x10089b50      0x170 .\CortexM4\ARM_GCC_541\Debug\cy_device.o
                0x10089b50                cy_deviceIpBlockCfgPSoC6_02
                0x10089c08                cy_deviceIpBlockCfgPSoC6_01
 .rodata        0x10089cc0       0x14 .\CortexM4\ARM_GCC_541\Debug\cy_ble.o
 .rodata        0x10089cd4      0x100 .\CortexM4\ARM_GCC_541\Debug\cy_ble_hal_pvt.o
 .rodata        0x10089dd4        0x2 .\CortexM4\ARM_GCC_541\Debug\cy_ble_event_handler.o
 *fill*         0x10089dd6        0x2 
 .rodata.str1.4
                0x10089dd8       0x37 .\CortexM4\ARM_GCC_541\Debug\cy_ble_event_handler.o
 *fill*         0x10089e0f        0x1 
 .rodata.str1.4
                0x10089e10        0x5 .\CortexM4\ARM_GCC_541\Debug\tasks.o
 *fill*         0x10089e15        0x3 
 .rodata.str1.4
                0x10089e18       0x10 .\CortexM4\ARM_GCC_541\Debug\timers.o
 .rodata        0x10089e28      0x216 .\CortexM4\ARM_GCC_541\Debug\BLE_config.o
 *fill*         0x1008a03e        0x2 
 .rodata        0x1008a040        0xe .\CortexM4\ARM_GCC_541\Debug\BLE_custom_config.o
 *fill*         0x1008a04e        0x2 
 .rodata        0x1008a050       0x40 .\CortexM4\ARM_GCC_541\Debug\UART.o
                0x1008a050                UART_config
 .rodata        0x1008a090       0x64 .\CortexM4\ARM_GCC_541\Debug\PWM_AFE.o
                0x1008a090                PWM_AFE_config
 .rodata        0x1008a0f4       0x14 .\CortexM4\ARM_GCC_541\Debug\I2C_2.o
                0x1008a0f4                I2C_2_config
 .rodata        0x1008a108       0x64 .\CortexM4\ARM_GCC_541\Debug\PWM_CYC.o
                0x1008a108                PWM_CYC_config
 .rodata        0x1008a16c       0x64 .\CortexM4\ARM_GCC_541\Debug\PWM_TIM.o
                0x1008a16c                PWM_TIM_config
 .constdata     0x1008a1d0       0x18 Generated_Source\PSoC6\pdl\middleware\ble\lib\cy_ble_stack_gcc_host_ipc_cm4.a(BT_os.o)
                0x1008a1d0                cyBleStackMemoryConfig
 .constdata     0x1008a1e8       0x58 Generated_Source\PSoC6\pdl\middleware\ble\lib\cy_ble_stack_gcc_host_ipc_cm4.a(l2cap_init.o)
                0x1008a1e8                l2cap_le_sig_handler
 .constdata     0x1008a240       0x3c Generated_Source\PSoC6\pdl\middleware\ble\lib\cy_ble_stack_gcc_host_ipc_cm4.a(fsm_engine_pl.o)
                0x1008a240                fsm_module_table
 .constdata     0x1008a27c      0x110 Generated_Source\PSoC6\pdl\middleware\ble\lib\cy_ble_stack_gcc_host_ipc_cm4.a(gap_hci_iface.o)
                0x1008a27c                hciCommandCompleteEventHandlers
 .constdata     0x1008a38c       0x20 Generated_Source\PSoC6\pdl\middleware\ble\lib\cy_ble_stack_gcc_host_ipc_cm4.a(gap_privacy.o)
 .constdata     0x1008a3ac       0x32 Generated_Source\PSoC6\pdl\middleware\ble\lib\cy_ble_stack_gcc_host_ipc_cm4.a(smp_core.o)
                0x1008a3ac                smp_iocap_assoc_map
                0x1008a3c5                smp_sc_iocap_assoc_map
 *fill*         0x1008a3de        0x2 
 .constdata     0x1008a3e0        0xc Generated_Source\PSoC6\pdl\middleware\ble\lib\cy_ble_stack_gcc_host_ipc_cm4.a(smp_interface.o)
                0x1008a3e0                smp_event_fp
 .constdata     0x1008a3ec       0x22 Generated_Source\PSoC6\pdl\middleware\ble\lib\cy_ble_stack_gcc_host_ipc_cm4.a(smp_utils.o)
                0x1008a3ec                smp_event_map
 *fill*         0x1008a40e        0x2 
 .constdata     0x1008a410       0xb4 Generated_Source\PSoC6\pdl\middleware\ble\lib\cy_ble_stack_gcc_host_ipc_cm4.a(smp_fsm_table.o)
                0x1008a410                smp_state_event_table
 .constdata     0x1008a4c4      0x110 Generated_Source\PSoC6\pdl\middleware\ble\lib\cy_ble_stack_gcc_host_ipc_cm4.a(smp_fsm_table.o)
                0x1008a4c4                smp_event_handler_table
 .constdata     0x1008a5d4       0x20 Generated_Source\PSoC6\pdl\middleware\ble\lib\cy_ble_stack_gcc_host_ipc_cm4.a(aes_cmac.o)
                0x1008a5d4                cmac_zero_data
                0x1008a5e4                cmac_rb_data
 .constdata     0x1008a5f4       0x60 Generated_Source\PSoC6\pdl\middleware\ble\lib\cy_ble_stack_gcc_host_ipc_cm4.a(att_fsm_table.o)
                0x1008a5f4                att_state_event_table
 .constdata     0x1008a654       0x58 Generated_Source\PSoC6\pdl\middleware\ble\lib\cy_ble_stack_gcc_host_ipc_cm4.a(att_fsm_table.o)
                0x1008a654                att_event_handler_table
 .rodata.str1.1
                0x1008a6ac        0x2 c:/program files (x86)/cypress/psoc creator/4.4/psoc creator/import/gnu/arm/5.4.1/bin/../lib/gcc/arm-none-eabi/5.4.1/../../../../arm-none-eabi/lib/armv7e-m/softfp\libg_nano.a(lib_a-impure.o)
 *fill*         0x1008a6ae        0x2 
 .rodata._global_impure_ptr
                0x1008a6b0        0x4 c:/program files (x86)/cypress/psoc creator/4.4/psoc creator/import/gnu/arm/5.4.1/bin/../lib/gcc/arm-none-eabi/5.4.1/../../../../arm-none-eabi/lib/armv7e-m/softfp\libg_nano.a(lib_a-impure.o)
                0x1008a6b0                _global_impure_ptr
 .rodata.str1.1
                0x1008a6b4       0x12 c:/program files (x86)/cypress/psoc creator/4.4/psoc creator/import/gnu/arm/5.4.1/bin/../lib/gcc/arm-none-eabi/5.4.1/../../../../arm-none-eabi/lib/armv7e-m/softfp\libg_nano.a(lib_a-nano-vfprintf_float.o)
 .rodata.str1.1
                0x1008a6c6       0x22 c:/program files (x86)/cypress/psoc creator/4.4/psoc creator/import/gnu/arm/5.4.1/bin/../lib/gcc/arm-none-eabi/5.4.1/../../../../arm-none-eabi/lib/armv7e-m/softfp\libg_nano.a(lib_a-nano-vfprintf_i.o)
 .rodata.str1.1
                0x1008a6e8        0xd c:/program files (x86)/cypress/psoc creator/4.4/psoc creator/import/gnu/arm/5.4.1/bin/../lib/gcc/arm-none-eabi/5.4.1/../../../../arm-none-eabi/lib/armv7e-m/softfp\libg_nano.a(lib_a-dtoa.o)
                                  0xf (size before relaxing)
 *fill*         0x1008a6f5        0x3 
 .rodata.__sf_fake_stdin
                0x1008a6f8       0x20 c:/program files (x86)/cypress/psoc creator/4.4/psoc creator/import/gnu/arm/5.4.1/bin/../lib/gcc/arm-none-eabi/5.4.1/../../../../arm-none-eabi/lib/armv7e-m/softfp\libg_nano.a(lib_a-findfp.o)
                0x1008a6f8                __sf_fake_stdin
 .rodata.__sf_fake_stdout
                0x1008a718       0x20 c:/program files (x86)/cypress/psoc creator/4.4/psoc creator/import/gnu/arm/5.4.1/bin/../lib/gcc/arm-none-eabi/5.4.1/../../../../arm-none-eabi/lib/armv7e-m/softfp\libg_nano.a(lib_a-findfp.o)
                0x1008a718                __sf_fake_stdout
 .rodata.__sf_fake_stderr
                0x1008a738       0x20 c:/program files (x86)/cypress/psoc creator/4.4/psoc creator/import/gnu/arm/5.4.1/bin/../lib/gcc/arm-none-eabi/5.4.1/../../../../arm-none-eabi/lib/armv7e-m/softfp\libg_nano.a(lib_a-findfp.o)
                0x1008a738                __sf_fake_stderr
 .rodata.str1.1
                0x1008a758        0x8 c:/program files (x86)/cypress/psoc creator/4.4/psoc creator/import/gnu/arm/5.4.1/bin/../lib/gcc/arm-none-eabi/5.4.1/../../../../arm-none-eabi/lib/armv7e-m/softfp\libg_nano.a(lib_a-locale.o)
                                  0xb (size before relaxing)
 .rodata.p05.5410
                0x1008a760        0xc c:/program files (x86)/cypress/psoc creator/4.4/psoc creator/import/gnu/arm/5.4.1/bin/../lib/gcc/arm-none-eabi/5.4.1/../../../../arm-none-eabi/lib/armv7e-m/softfp\libg_nano.a(lib_a-mprec.o)
 *fill*         0x1008a76c        0x4 
 .rodata.__mprec_bigtens
                0x1008a770       0x28 c:/program files (x86)/cypress/psoc creator/4.4/psoc creator/import/gnu/arm/5.4.1/bin/../lib/gcc/arm-none-eabi/5.4.1/../../../../arm-none-eabi/lib/armv7e-m/softfp\libg_nano.a(lib_a-mprec.o)
                0x1008a770                __mprec_bigtens
 .rodata.__mprec_tens
                0x1008a798       0xc8 c:/program files (x86)/cypress/psoc creator/4.4/psoc creator/import/gnu/arm/5.4.1/bin/../lib/gcc/arm-none-eabi/5.4.1/../../../../arm-none-eabi/lib/armv7e-m/softfp\libg_nano.a(lib_a-mprec.o)
                0x1008a798                __mprec_tens
 .rodata.str1.1
                0x1008a860       0x11 c:/program files (x86)/cypress/psoc creator/4.4/psoc creator/import/gnu/arm/5.4.1/bin/../lib/gcc/arm-none-eabi/5.4.1/../../../../arm-none-eabi/lib/armv7e-m/softfp\libg_nano.a(lib_a-nano-vfprintf.o)
 *(.eh_frame*)
 *fill*         0x1008a871        0x3 
 .eh_frame      0x1008a874        0x0 c:/program files (x86)/cypress/psoc creator/4.4/psoc creator/import/gnu/arm/5.4.1/bin/../lib/gcc/arm-none-eabi/5.4.1/armv7e-m/softfp/crtbegin.o
 .eh_frame      0x1008a874        0x4 c:/program files (x86)/cypress/psoc creator/4.4/psoc creator/import/gnu/arm/5.4.1/bin/../lib/gcc/arm-none-eabi/5.4.1/armv7e-m/softfp/crtend.o

.glue_7         0x1008a878        0x0
 .glue_7        0x1008a878        0x0 linker stubs

.glue_7t        0x1008a878        0x0
 .glue_7t       0x1008a878        0x0 linker stubs

.vfp11_veneer   0x1008a878        0x0
 .vfp11_veneer  0x1008a878        0x0 linker stubs

.v4_bx          0x1008a878        0x0
 .v4_bx         0x1008a878        0x0 linker stubs

.iplt           0x1008a878        0x0
 .iplt          0x1008a878        0x0 c:/program files (x86)/cypress/psoc creator/4.4/psoc creator/import/gnu/arm/5.4.1/bin/../lib/gcc/arm-none-eabi/5.4.1/armv7e-m/softfp/crtbegin.o

i.CyBleStackMgr_Init
                0x1008a878       0xdc
 i.CyBleStackMgr_Init
                0x1008a878       0xdc Generated_Source\PSoC6\pdl\middleware\ble\lib\cy_ble_stack_gcc_host_ipc_cm4.a(CyBleStackMgrIP_Interface.o)
                0x1008a878                CyBleStackMgr_Init

i.CyBleStackMgr_ProcessBleEvents
                0x1008a954       0x14
 i.CyBleStackMgr_ProcessBleEvents
                0x1008a954       0x14 Generated_Source\PSoC6\pdl\middleware\ble\lib\cy_ble_stack_gcc_host_ipc_cm4.a(CyBleStackMgrIP_Interface.o)
                0x1008a954                CyBleStackMgr_ProcessBleEvents

i.CyBleStackMgr_Shutdown
                0x1008a968       0x20
 i.CyBleStackMgr_Shutdown
                0x1008a968       0x20 Generated_Source\PSoC6\pdl\middleware\ble\lib\cy_ble_stack_gcc_host_ipc_cm4.a(CyBleStackMgrIP_Interface.o)
                0x1008a968                CyBleStackMgr_Shutdown

i.CyBle_GetHeapMemory
                0x1008a988       0x3c
 i.CyBle_GetHeapMemory
                0x1008a988       0x3c Generated_Source\PSoC6\pdl\middleware\ble\lib\cy_ble_stack_gcc_host_ipc_cm4.a(CyBleStackMgrIP_Interface.o)
                0x1008a988                CyBle_GetHeapMemory

i.CyBle_GetNumAppBufferPools
                0x1008a9c4        0xc
 i.CyBle_GetNumAppBufferPools
                0x1008a9c4        0xc Generated_Source\PSoC6\pdl\middleware\ble\lib\cy_ble_stack_gcc_host_ipc_cm4.a(CyBleStackMgrIP_Interface.o)
                0x1008a9c4                CyBle_GetNumAppBufferPools

i.CyBle_HostStackBufferPoolInit
                0x1008a9d0       0xc4
 i.CyBle_HostStackBufferPoolInit
                0x1008a9d0       0xc4 Generated_Source\PSoC6\pdl\middleware\ble\lib\cy_ble_stack_gcc_host_ipc_cm4.a(CyBleStackMgrIP_Interface.o)

i.CyBle_SortBufers
                0x1008aa94       0x40
 i.CyBle_SortBufers
                0x1008aa94       0x40 Generated_Source\PSoC6\pdl\middleware\ble\lib\cy_ble_stack_gcc_host_ipc_cm4.a(CyBleStackMgrIP_Interface.o)
                0x1008aa94                CyBle_SortBufers

i.CyBle_StackGetConfigPtr
                0x1008aad4        0x8
 i.CyBle_StackGetConfigPtr
                0x1008aad4        0x8 Generated_Source\PSoC6\pdl\middleware\ble\lib\cy_ble_stack_gcc_host_ipc_cm4.a(CyBleStackMgrIP_Interface.o)
                0x1008aad4                CyBle_StackGetConfigPtr

i.Cy_BLE_ProcessEvents
                0x1008aadc        0x4
 i.Cy_BLE_ProcessEvents
                0x1008aadc        0x4 Generated_Source\PSoC6\pdl\middleware\ble\lib\cy_ble_stack_gcc_host_ipc_cm4.a(CyBleStackMgrIP_Interface.o)
                0x1008aadc                Cy_BLE_ProcessEvents

i.Cy_BLE_StackEnterLPM
                0x1008aae0       0x16
 i.Cy_BLE_StackEnterLPM
                0x1008aae0       0x16 Generated_Source\PSoC6\pdl\middleware\ble\lib\cy_ble_stack_gcc_host_ipc_cm4.a(CyBleStackMgrIP_Interface.o)
                0x1008aae0                Cy_BLE_StackEnterLPM

i.Cy_BLE_StackGetBleSsState
                0x1008aaf6        0x4
 i.Cy_BLE_StackGetBleSsState
                0x1008aaf6        0x4 Generated_Source\PSoC6\pdl\middleware\ble\lib\cy_ble_stack_gcc_host_ipc_cm4.a(CyBleStackMgrIP_Interface.o)
                0x1008aaf6                Cy_BLE_StackGetBleSsState

i.Cy_BLE_StackGetFeatureConfig
                0x1008aafc       0x20
 i.Cy_BLE_StackGetFeatureConfig
                0x1008aafc       0x20 Generated_Source\PSoC6\pdl\middleware\ble\lib\cy_ble_stack_gcc_host_ipc_cm4.a(CyBleStackMgrIP_Interface.o)
                0x1008aafc                Cy_BLE_StackGetFeatureConfig

i.Cy_BLE_StackInit
                0x1008ab1c       0x70
 i.Cy_BLE_StackInit
                0x1008ab1c       0x70 Generated_Source\PSoC6\pdl\middleware\ble\lib\cy_ble_stack_gcc_host_ipc_cm4.a(CyBleStackMgrIP_Interface.o)
                0x1008ab1c                Cy_BLE_StackInit

i.Cy_BLE_StackSetFeatureConfig
                0x1008ab8c       0x54