Archive member included to satisfy reference by file (symbol)

Generated_Source\PSoC6\pdl\middleware\ble\lib\cy_ble_stack_gcc_host_ipc_cm4.a(CyBleStackMgrIP_Interface.o)
                              .\CortexM4\ARM_GCC_541\Debug\main_cm4.o (Cy_BLE_ProcessEvents)
Generated_Source\PSoC6\pdl\middleware\ble\lib\cy_ble_stack_gcc_host_ipc_cm4.a(BT_os.o)
                              Generated_Source\PSoC6\pdl\middleware\ble\lib\cy_ble_stack_gcc_host_ipc_cm4.a(CyBleStackMgrIP_Interface.o) (cyBleStackMemoryConfig)
Generated_Source\PSoC6\pdl\middleware\ble\lib\cy_ble_stack_gcc_host_ipc_cm4.a(CyBleStackMgr_StackTaskHandler.o)
                              Generated_Source\PSoC6\pdl\middleware\ble\lib\cy_ble_stack_gcc_host_ipc_cm4.a(CyBleStackMgrIP_Interface.o) (CyBle_CreateBleStackTask)
Generated_Source\PSoC6\pdl\middleware\ble\lib\cy_ble_stack_gcc_host_ipc_cm4.a(storage_pl.o)
                              Generated_Source\PSoC6\pdl\middleware\ble\lib\cy_ble_stack_gcc_host_ipc_cm4.a(CyBleStackMgrIP_Interface.o) (storage_manager_init)
Generated_Source\PSoC6\pdl\middleware\ble\lib\cy_ble_stack_gcc_host_ipc_cm4.a(mint_os.o)
                              Generated_Source\PSoC6\pdl\middleware\ble\lib\cy_ble_stack_gcc_host_ipc_cm4.a(CyBleStackMgrIP_Interface.o) (OS_init)
Generated_Source\PSoC6\pdl\middleware\ble\lib\cy_ble_stack_gcc_host_ipc_cm4.a(mint_os_queue.o)
                              Generated_Source\PSoC6\pdl\middleware\ble\lib\cy_ble_stack_gcc_host_ipc_cm4.a(mint_os.o) (OS_TOTAL_QUEUES)
Generated_Source\PSoC6\pdl\middleware\ble\lib\cy_ble_stack_gcc_host_ipc_cm4.a(mint_os_task.o)
                              Generated_Source\PSoC6\pdl\middleware\ble\lib\cy_ble_stack_gcc_host_ipc_cm4.a(mint_os.o) (idle_func_handler)
Generated_Source\PSoC6\pdl\middleware\ble\lib\cy_ble_stack_gcc_host_ipc_cm4.a(mint_buf_mgmt.o)
                              Generated_Source\PSoC6\pdl\middleware\ble\lib\cy_ble_stack_gcc_host_ipc_cm4.a(BT_os.o) (mint_buf_mgmt_allocate_buffer)
Generated_Source\PSoC6\pdl\middleware\ble\lib\cy_ble_stack_gcc_host_ipc_cm4.a(transport_ipc.o)
                              Generated_Source\PSoC6\pdl\middleware\ble\lib\cy_ble_stack_gcc_host_ipc_cm4.a(CyBleStackMgr_StackTaskHandler.o) (CyBleHost_HciIpcFreePktBuffer)
Generated_Source\PSoC6\pdl\middleware\ble\lib\cy_ble_stack_gcc_host_ipc_cm4.a(CyBleStackMgr_PSoCIPCHal.o)
                              Generated_Source\PSoC6\pdl\middleware\ble\lib\cy_ble_stack_gcc_host_ipc_cm4.a(transport_ipc.o) (CyBleHost_IPC_HAL_InitWithStaticMem)
Generated_Source\PSoC6\pdl\middleware\ble\lib\cy_ble_stack_gcc_host_ipc_cm4.a(host_main.o)
                              Generated_Source\PSoC6\pdl\middleware\ble\lib\cy_ble_stack_gcc_host_ipc_cm4.a(CyBleStackMgrIP_Interface.o) (CyBle_HostInit)
Generated_Source\PSoC6\pdl\middleware\ble\lib\cy_ble_stack_gcc_host_ipc_cm4.a(att_api.o)
                              Generated_Source\PSoC6\pdl\middleware\ble\lib\cy_ble_stack_gcc_host_ipc_cm4.a(host_main.o) (BT_att_register)
Generated_Source\PSoC6\pdl\middleware\ble\lib\cy_ble_stack_gcc_host_ipc_cm4.a(att_init.o)
                              Generated_Source\PSoC6\pdl\middleware\ble\lib\cy_ble_stack_gcc_host_ipc_cm4.a(att_api.o) (att_connections)
Generated_Source\PSoC6\pdl\middleware\ble\lib\cy_ble_stack_gcc_host_ipc_cm4.a(att_internal.o)
                              Generated_Source\PSoC6\pdl\middleware\ble\lib\cy_ble_stack_gcc_host_ipc_cm4.a(att_api.o) (att_get_fsm_event)
Generated_Source\PSoC6\pdl\middleware\ble\lib\cy_ble_stack_gcc_host_ipc_cm4.a(BT_common.o)
                              Generated_Source\PSoC6\pdl\middleware\ble\lib\cy_ble_stack_gcc_host_ipc_cm4.a(host_main.o) (BT_bluetooth_off)
Generated_Source\PSoC6\pdl\middleware\ble\lib\cy_ble_stack_gcc_host_ipc_cm4.a(device_queue.o)
                              Generated_Source\PSoC6\pdl\middleware\ble\lib\cy_ble_stack_gcc_host_ipc_cm4.a(host_main.o) (CyBle_DeviceQueueHeapDeInit)
Generated_Source\PSoC6\pdl\middleware\ble\lib\cy_ble_stack_gcc_host_ipc_cm4.a(l2cap.o)
                              Generated_Source\PSoC6\pdl\middleware\ble\lib\cy_ble_stack_gcc_host_ipc_cm4.a(host_main.o) (CyBle_L2capCB)
Generated_Source\PSoC6\pdl\middleware\ble\lib\cy_ble_stack_gcc_host_ipc_cm4.a(l2cap_disconnect.o)
                              Generated_Source\PSoC6\pdl\middleware\ble\lib\cy_ble_stack_gcc_host_ipc_cm4.a(l2cap.o) (l2ca_disconnect_req)
Generated_Source\PSoC6\pdl\middleware\ble\lib\cy_ble_stack_gcc_host_ipc_cm4.a(l2cap_init.o)
                              Generated_Source\PSoC6\pdl\middleware\ble\lib\cy_ble_stack_gcc_host_ipc_cm4.a(l2cap_disconnect.o) (l2cap_fixed_channel)
Generated_Source\PSoC6\pdl\middleware\ble\lib\cy_ble_stack_gcc_host_ipc_cm4.a(l2cap_utils.o)
                              Generated_Source\PSoC6\pdl\middleware\ble\lib\cy_ble_stack_gcc_host_ipc_cm4.a(l2cap_disconnect.o) (l2cap_buffer_dequeue)
Generated_Source\PSoC6\pdl\middleware\ble\lib\cy_ble_stack_gcc_host_ipc_cm4.a(l2cap_lmp.o)
[...]
Memory Configuration

Name             Origin             Length             Attributes
ram              0x08024000         0x00023800         xrw
flash            0x10080000         0x00080000         xr
em_eeprom        0x14000000         0x00008000         xr
sflash_user_data 0x16000800         0x00000800         xr
sflash_nar       0x16001a00         0x00000200         xr
sflash_public_key 0x16005a00         0x00000c00         xr
sflash_toc_2     0x16007c00         0x00000200         xr
sflash_rtoc_2    0x16007e00         0x00000200         xr
xip              0x18000000         0x08000000         xr
efuse            0x90700000         0x00100000         r
*default*        0x00000000         0xffffffff

Linker script and memory map

LOAD c:/program files (x86)/cypress/psoc creator/4.4/psoc creator/import/gnu/arm/5.4.1/bin/../lib/gcc/arm-none-eabi/5.4.1/armv7e-m/softfp/crti.o
LOAD c:/program files (x86)/cypress/psoc creator/4.4/psoc creator/import/gnu/arm/5.4.1/bin/../lib/gcc/arm-none-eabi/5.4.1/armv7e-m/softfp/crtbegin.o
LOAD c:/program files (x86)/cypress/psoc creator/4.4/psoc creator/import/gnu/arm/5.4.1/bin/../lib/gcc/arm-none-eabi/5.4.1/../../../../arm-none-eabi/lib/armv7e-m/softfp/crt0.o
START GROUP
LOAD Generated_Source\PSoC6\pdl\middleware\ble\lib\cy_ble_stack_gcc_host_ipc_cm4.a
LOAD .\CortexM4\ARM_GCC_541\Debug\led_task.o
LOAD .\CortexM4\ARM_GCC_541\Debug\startup_psoc6_01_cm4.o
LOAD .\CortexM4\ARM_GCC_541\Debug\main_cm4.o
LOAD .\CortexM4\ARM_GCC_541\Debug\system_psoc6_cm4.o
LOAD .\CortexM4\ARM_GCC_541\Debug\AFE4404.o
LOAD .\CortexM4\ARM_GCC_541\Debug\stdio_user.o
LOAD .\CortexM4\ARM_GCC_541\Debug\cyfitter_sysint_cfg.o
LOAD .\CortexM4\ARM_GCC_541\Debug\cymetadata.o
LOAD .\CortexM4\ARM_GCC_541\Debug\I2C_1.o
LOAD .\CortexM4\ARM_GCC_541\Debug\cy_efuse.o
LOAD .\CortexM4\ARM_GCC_541\Debug\cy_flash.o
LOAD .\CortexM4\ARM_GCC_541\Debug\cy_gpio.o
LOAD .\CortexM4\ARM_GCC_541\Debug\cy_ipc_drv.o
LOAD .\CortexM4\ARM_GCC_541\Debug\cy_ipc_sema.o
LOAD .\CortexM4\ARM_GCC_541\Debug\cy_ipc_pipe.o
LOAD .\CortexM4\ARM_GCC_541\Debug\cy_lvd.o
LOAD .\CortexM4\ARM_GCC_541\Debug\cy_profile.o
LOAD .\CortexM4\ARM_GCC_541\Debug\cy_prot.o
LOAD .\CortexM4\ARM_GCC_541\Debug\cy_scb_common.o
LOAD .\CortexM4\ARM_GCC_541\Debug\cy_scb_i2c.o
LOAD .\CortexM4\ARM_GCC_541\Debug\cy_scb_ezi2c.o
LOAD .\CortexM4\ARM_GCC_541\Debug\cy_scb_spi.o
LOAD .\CortexM4\ARM_GCC_541\Debug\cy_scb_uart.o
LOAD .\CortexM4\ARM_GCC_541\Debug\cy_sysanalog.o
LOAD .\CortexM4\ARM_GCC_541\Debug\cy_sysclk.o
LOAD .\CortexM4\ARM_GCC_541\Debug\cy_sysint.o
LOAD .\CortexM4\ARM_GCC_541\Debug\cy_syslib.o
LOAD .\CortexM4\ARM_GCC_541\Debug\cy_syslib_gcc.o
LOAD .\CortexM4\ARM_GCC_541\Debug\cy_syspm.o
LOAD .\CortexM4\ARM_GCC_541\Debug\cy_systick.o
LOAD .\CortexM4\ARM_GCC_541\Debug\cy_trigmux.o
LOAD .\CortexM4\ARM_GCC_541\Debug\cy_wdt.o
LOAD .\CortexM4\ARM_GCC_541\Debug\cy_device.o
LOAD .\CortexM4\ARM_GCC_541\Debug\cy_tcpwm_counter.o
LOAD .\CortexM4\ARM_GCC_541\Debug\cy_tcpwm_pwm.o
LOAD .\CortexM4\ARM_GCC_541\Debug\cy_tcpwm_quaddec.o
LOAD .\CortexM4\ARM_GCC_541\Debug\cy_ble_clk.o
LOAD .\CortexM4\ARM_GCC_541\Debug\cy_ble.o
LOAD .\CortexM4\ARM_GCC_541\Debug\cy_ble_hal_int.o
LOAD .\CortexM4\ARM_GCC_541\Debug\cy_ble_hal_pvt.o
LOAD .\CortexM4\ARM_GCC_541\Debug\cy_ble_gap.o
LOAD .\CortexM4\ARM_GCC_541\Debug\cy_ble_gatt.o
LOAD .\CortexM4\ARM_GCC_541\Debug\cy_ble_event_handler.o
LOAD .\CortexM4\ARM_GCC_541\Debug\cy_ble_ancs.o
LOAD .\CortexM4\ARM_GCC_541\Debug\cy_ble_ans.o
LOAD .\CortexM4\ARM_GCC_541\Debug\cy_ble_aios.o
LOAD .\CortexM4\ARM_GCC_541\Debug\cy_ble_bas.o
LOAD .\CortexM4\ARM_GCC_541\Debug\cy_ble_bcs.o
LOAD .\CortexM4\ARM_GCC_541\Debug\cy_ble_bls.o
LOAD .\CortexM4\ARM_GCC_541\Debug\cy_ble_bms.o
LOAD .\CortexM4\ARM_GCC_541\Debug\cy_ble_bts.o
LOAD .\CortexM4\ARM_GCC_541\Debug\cy_ble_cgms.o
LOAD .\CortexM4\ARM_GCC_541\Debug\cy_ble_cps.o
LOAD .\CortexM4\ARM_GCC_541\Debug\cy_ble_cscs.o
LOAD .\CortexM4\ARM_GCC_541\Debug\cy_ble_cts.o
LOAD .\CortexM4\ARM_GCC_541\Debug\cy_ble_custom.o
LOAD .\CortexM4\ARM_GCC_541\Debug\cy_ble_dis.o
LOAD .\CortexM4\ARM_GCC_541\Debug\cy_ble_ess.o
LOAD .\CortexM4\ARM_GCC_541\Debug\cy_ble_gls.o
LOAD .\CortexM4\ARM_GCC_541\Debug\cy_ble_hids.o
LOAD .\CortexM4\ARM_GCC_541\Debug\cy_ble_hps.o
LOAD .\CortexM4\ARM_GCC_541\Debug\cy_ble_hrs.o
LOAD .\CortexM4\ARM_GCC_541\Debug\cy_ble_hts.o
LOAD .\CortexM4\ARM_GCC_541\Debug\cy_ble_ias.o
LOAD .\CortexM4\ARM_GCC_541\Debug\cy_ble_ips.o
LOAD .\CortexM4\ARM_GCC_541\Debug\cy_ble_lls.o
LOAD .\CortexM4\ARM_GCC_541\Debug\cy_ble_lns.o
LOAD .\CortexM4\ARM_GCC_541\Debug\cy_ble_ndcs.o
LOAD .\CortexM4\ARM_GCC_541\Debug\cy_ble_plxs.o
LOAD .\CortexM4\ARM_GCC_541\Debug\cy_ble_pass.o
LOAD .\CortexM4\ARM_GCC_541\Debug\cy_ble_rscs.o
LOAD .\CortexM4\ARM_GCC_541\Debug\cy_ble_rtus.o
LOAD .\CortexM4\ARM_GCC_541\Debug\cy_ble_scps.o
LOAD .\CortexM4\ARM_GCC_541\Debug\cy_ble_tps.o
LOAD .\CortexM4\ARM_GCC_541\Debug\cy_ble_uds.o
LOAD .\CortexM4\ARM_GCC_541\Debug\cy_ble_wpts.o
LOAD .\CortexM4\ARM_GCC_541\Debug\cy_ble_wss.o
LOAD .\CortexM4\ARM_GCC_541\Debug\retarget.o
LOAD .\CortexM4\ARM_GCC_541\Debug\croutine.o
LOAD .\CortexM4\ARM_GCC_541\Debug\event_groups.o
LOAD .\CortexM4\ARM_GCC_541\Debug\list.o
LOAD .\CortexM4\ARM_GCC_541\Debug\queue.o
LOAD .\CortexM4\ARM_GCC_541\Debug\tasks.o
LOAD .\CortexM4\ARM_GCC_541\Debug\timers.o
LOAD .\CortexM4\ARM_GCC_541\Debug\stream_buffer.o
LOAD .\CortexM4\ARM_GCC_541\Debug\port.o
LOAD .\CortexM4\ARM_GCC_541\Debug\heap_1.o
LOAD .\CortexM4\ARM_GCC_541\Debug\BLE.o
LOAD .\CortexM4\ARM_GCC_541\Debug\BLE_config.o
LOAD .\CortexM4\ARM_GCC_541\Debug\BLE_custom_config.o
LOAD .\CortexM4\ARM_GCC_541\Debug\UART.o
LOAD .\CortexM4\ARM_GCC_541\Debug\PWM_AFE.o
LOAD .\CortexM4\ARM_GCC_541\Debug\I2C_2.o
LOAD .\CortexM4\ARM_GCC_541\Debug\PWM_CYC.o
LOAD .\CortexM4\ARM_GCC_541\Debug\PWM_TIM.o
END GROUP
START GROUP
LOAD c:/program files (x86)/cypress/psoc creator/4.4/psoc creator/import/gnu/arm/5.4.1/bin/../lib/gcc/arm-none-eabi/5.4.1/armv7e-m/softfp\libgcc.a
LOAD c:/program files (x86)/cypress/psoc creator/4.4/psoc creator/import/gnu/arm/5.4.1/bin/../lib/gcc/arm-none-eabi/5.4.1/../../../../arm-none-eabi/lib/armv7e-m/softfp\libg_nano.a
LOAD c:/program files (x86)/cypress/psoc creator/4.4/psoc creator/import/gnu/arm/5.4.1/bin/../lib/gcc/arm-none-eabi/5.4.1/../../../../arm-none-eabi/lib/armv7e-m/softfp\libc_nano.a
END GROUP
START GROUP
LOAD c:/program files (x86)/cypress/psoc creator/4.4/psoc creator/import/gnu/arm/5.4.1/bin/../lib/gcc/arm-none-eabi/5.4.1/armv7e-m/softfp\libgcc.a
LOAD c:/program files (x86)/cypress/psoc creator/4.4/psoc creator/import/gnu/arm/5.4.1/bin/../lib/gcc/arm-none-eabi/5.4.1/../../../../arm-none-eabi/lib/armv7e-m/softfp\libc_nano.a
END GROUP
LOAD c:/program files (x86)/cypress/psoc creator/4.4/psoc creator/import/gnu/arm/5.4.1/bin/../lib/gcc/arm-none-eabi/5.4.1/armv7e-m/softfp/crtend.o
LOAD c:/program files (x86)/cypress/psoc creator/4.4/psoc creator/import/gnu/arm/5.4.1/bin/../lib/gcc/arm-none-eabi/5.4.1/armv7e-m/softfp/crtn.o
START GROUP
LOAD c:/program files (x86)/cypress/psoc creator/4.4/psoc creator/import/gnu/arm/5.4.1/bin/../lib/gcc/arm-none-eabi/5.4.1/armv7e-m/softfp\libgcc.a
LOAD c:/program files (x86)/cypress/psoc creator/4.4/psoc creator/import/gnu/arm/5.4.1/bin/../lib/gcc/arm-none-eabi/5.4.1/../../../../arm-none-eabi/lib/armv7e-m/softfp\libc.a
LOAD c:/program files (x86)/cypress/psoc creator/4.4/psoc creator/import/gnu/arm/5.4.1/bin/../lib/gcc/arm-none-eabi/5.4.1/../../../../arm-none-eabi/lib/armv7e-m/softfp\libnosys.a
END GROUP
START GROUP
LOAD c:/program files (x86)/cypress/psoc creator/4.4/psoc creator/import/gnu/arm/5.4.1/bin/../lib/gcc/arm-none-eabi/5.4.1/armv7e-m/softfp\libgcc.a
LOAD c:/program files (x86)/cypress/psoc creator/4.4/psoc creator/import/gnu/arm/5.4.1/bin/../lib/gcc/arm-none-eabi/5.4.1/../../../../arm-none-eabi/lib/armv7e-m/softfp\libc.a
LOAD c:/program files (x86)/cypress/psoc creator/4.4/psoc creator/import/gnu/arm/5.4.1/bin/../lib/gcc/arm-none-eabi/5.4.1/../../../../arm-none-eabi/lib/armv7e-m/softfp\libm.a
LOAD c:/program files (x86)/cypress/psoc creator/4.4/psoc creator/import/gnu/arm/5.4.1/bin/../lib/gcc/arm-none-eabi/5.4.1/../../../../arm-none-eabi/lib/armv7e-m/softfp\libnosys.a
END GROUP

.text           0x10080000     0xac78
                0x10080000                . = ALIGN (0x4)
                0x10080000                __Vectors = .
 *(.vectors)
 .vectors       0x10080000      0x28c .\CortexM4\ARM_GCC_541\Debug\startup_psoc6_01_cm4.o
                0x1008028c                . = ALIGN (0x4)
                0x1008028c                __Vectors_End = .
                0x0000028c                __Vectors_Size = (__Vectors_End - __Vectors)
                0x1008028c                __end__ = .
                0x1008028c                . = ALIGN (0x4)
 *(.text*)
 .text          0x1008028c       0x5c c:/program files (x86)/cypress/psoc creator/4.4/psoc creator/import/gnu/arm/5.4.1/bin/../lib/gcc/arm-none-eabi/5.4.1/armv7e-m/softfp/crtbegin.o
 .text.AFE1_hdr
                0x100802e8       0x20 .\CortexM4\ARM_GCC_541\Debug\led_task.o
 .text.AFE0_hdr
                0x10080308       0x1c .\CortexM4\ARM_GCC_541\Debug\led_task.o
 *fill*         0x10080324        0x4 
 .text.AFE_samp
                0x10080328      0x2e8 .\CortexM4\ARM_GCC_541\Debug\led_task.o
 .text.AFE_act  0x10080610      0x158 .\CortexM4\ARM_GCC_541\Debug\led_task.o
                0x10080610                AFE_act
 .text.AFE_clr  0x10080768       0x20 .\CortexM4\ARM_GCC_541\Debug\led_task.o
                0x10080768                AFE_clr
 .text.AFE_init
                0x10080788      0x150 .\CortexM4\ARM_GCC_541\Debug\led_task.o
                0x10080788                AFE_init
 .text.Task_LED
                0x100808d8       0x58 .\CortexM4\ARM_GCC_541\Debug\led_task.o
                0x100808d8                Task_LED
 .text          0x10080930       0x84 .\CortexM4\ARM_GCC_541\Debug\startup_psoc6_01_cm4.o
                0x10080930                Cy_OnResetUser
                0x10080932                Reset_Handler
                0x10080994                cpuss_interrupts_ipc_6_IRQHandler
                0x10080994                DebugMon_Handler
                0x10080994                tcpwm_1_interrupts_11_IRQHandler
                0x10080994                cpuss_interrupts_ipc_0_IRQHandler
                0x10080994                tcpwm_1_interrupts_15_IRQHandler
                0x10080994                ioss_interrupts_gpio_13_IRQHandler
                0x10080994                tcpwm_1_interrupts_13_IRQHandler
                0x10080994                cpuss_interrupts_dw1_8_IRQHandler
                0x10080994                tcpwm_0_interrupts_0_IRQHandler
                0x10080994                cpuss_interrupt_fm_IRQHandler
                0x10080994                cpuss_interrupts_ipc_7_IRQHandler
                0x10080994                tcpwm_1_interrupts_14_IRQHandler
                0x10080994                cpuss_interrupts_dw0_5_IRQHandler
                0x10080994                tcpwm_1_interrupts_9_IRQHandler
                0x10080994                cpuss_interrupts_cm0_cti_1_IRQHandler
                0x10080994                tcpwm_1_interrupts_22_IRQHandler
                0x10080994                cpuss_interrupts_dw0_4_IRQHandler
                0x10080994                NMI_Handler
                0x10080994                cpuss_interrupts_dw1_12_IRQHandler
                0x10080994                tcpwm_1_interrupts_12_IRQHandler
                0x10080994                smif_interrupt_IRQHandler
                0x10080994                tcpwm_1_interrupts_2_IRQHandler
                0x10080994                cpuss_interrupts_ipc_13_IRQHandler
                0x10080994                udb_interrupts_11_IRQHandler
                0x10080994                tcpwm_1_interrupts_18_IRQHandler
                0x10080994                cpuss_interrupts_dw0_11_IRQHandler
                0x10080994                tcpwm_0_interrupts_2_IRQHandler
                0x10080994                cpuss_interrupts_dw0_13_IRQHandler
                0x10080994                udb_interrupts_2_IRQHandler
                0x10080994                cpuss_interrupts_dw1_7_IRQHandler
                0x10080994                ioss_interrupts_gpio_1_IRQHandler
                0x10080994                ioss_interrupts_gpio_7_IRQHandler
                0x10080994                scb_5_interrupt_IRQHandler
                0x10080994                udb_interrupts_6_IRQHandler
                0x10080994                cpuss_interrupts_fault_1_IRQHandler
                0x10080994                cpuss_interrupts_ipc_4_IRQHandler
                0x10080994                cpuss_interrupts_ipc_5_IRQHandler
                0x10080994                cpuss_interrupts_dw1_10_IRQHandler
                0x10080994                udb_interrupts_0_IRQHandler
                0x10080994                tcpwm_1_interrupts_6_IRQHandler
                0x10080994                scb_4_interrupt_IRQHandler
                0x10080994                pass_interrupt_dacs_IRQHandler
                0x10080994                ioss_interrupts_gpio_2_IRQHandler
                0x10080994                cpuss_interrupts_dw1_9_IRQHandler
                0x10080994                cpuss_interrupts_dw1_13_IRQHandler
                0x10080994                scb_2_interrupt_IRQHandler
                0x10080994                cpuss_interrupts_cm0_cti_0_IRQHandler
                0x10080994                udb_interrupts_5_IRQHandler
                0x10080994                srss_interrupt_IRQHandler
                0x10080994                udb_interrupts_12_IRQHandler
                0x10080994                scb_0_interrupt_IRQHandler
                0x10080994                csd_interrupt_IRQHandler
                0x10080994                udb_interrupts_1_IRQHandler
                0x10080994                profile_interrupt_IRQHandler
                0x10080994                tcpwm_1_interrupts_1_IRQHandler
                0x10080994                cpuss_interrupts_ipc_12_IRQHandler
                0x10080994                tcpwm_1_interrupts_3_IRQHandler
                0x10080994                tcpwm_0_interrupts_7_IRQHandler
                0x10080994                cpuss_interrupts_dw1_1_IRQHandler
                0x10080994                cpuss_interrupts_dw1_0_IRQHandler
                0x10080994                cpuss_interrupts_dw0_9_IRQHandler
                0x10080994                lpcomp_interrupt_IRQHandler
                0x10080994                tcpwm_1_interrupts_23_IRQHandler
                0x10080994                udb_interrupts_4_IRQHandler
                0x10080994                tcpwm_1_interrupts_20_IRQHandler
                0x10080994                ioss_interrupt_gpio_IRQHandler
                0x10080994                tcpwm_0_interrupts_1_IRQHandler
                0x10080994                ioss_interrupts_gpio_8_IRQHandler
                0x10080994                tcpwm_0_interrupts_6_IRQHandler
                0x10080994                scb_7_interrupt_IRQHandler
                0x10080994                tcpwm_1_interrupts_7_IRQHandler
                0x10080994                cpuss_interrupts_ipc_11_IRQHandler
                0x10080994                udb_interrupts_13_IRQHandler
                0x10080994                cpuss_interrupts_dw0_15_IRQHandler
                0x10080994                udb_interrupts_7_IRQHandler
                0x10080994                cpuss_interrupts_dw1_6_IRQHandler
                0x10080994                cpuss_interrupt_crypto_IRQHandler
                0x10080994                scb_1_interrupt_IRQHandler
                0x10080994                Default_Handler
                0x10080994                usb_interrupt_hi_IRQHandler
                0x10080994                tcpwm_1_interrupts_0_IRQHandler
                0x10080994                udb_interrupts_9_IRQHandler
                0x10080994                audioss_interrupt_pdm_IRQHandler
                0x10080994                srss_interrupt_mcwdt_0_IRQHandler
                0x10080994                scb_3_interrupt_IRQHandler
                0x10080994                pass_interrupt_ctbs_IRQHandler
                0x10080994                udb_interrupts_8_IRQHandler
                0x10080994                ioss_interrupts_gpio_3_IRQHandler
                0x10080994                scb_6_interrupt_IRQHandler
                0x10080994                cpuss_interrupts_cm4_cti_0_IRQHandler
                0x10080994                cpuss_interrupts_dw1_3_IRQHandler
                0x10080994                pass_interrupt_sar_IRQHandler
                0x10080994                ioss_interrupts_gpio_0_IRQHandler
                0x10080994                ioss_interrupts_gpio_14_IRQHandler
                0x10080994                tcpwm_0_interrupts_4_IRQHandler
                0x10080994                udb_interrupts_3_IRQHandler
                0x10080994                tcpwm_0_interrupts_5_IRQHandler
                0x10080994                cpuss_interrupts_ipc_15_IRQHandler
                0x10080994                cpuss_interrupts_cm4_cti_1_IRQHandler
                0x10080994                scb_8_interrupt_IRQHandler
                0x10080994                srss_interrupt_mcwdt_1_IRQHandler
                0x10080994                cpuss_interrupts_dw1_2_IRQHandler
                0x10080994                cpuss_interrupts_dw1_5_IRQHandler
                0x10080994                cpuss_interrupts_ipc_1_IRQHandler
                0x10080994                cpuss_interrupts_dw0_0_IRQHandler
                0x10080994                ioss_interrupts_gpio_12_IRQHandler
                0x10080994                cpuss_interrupts_ipc_3_IRQHandler
                0x10080994                tcpwm_1_interrupts_17_IRQHandler
                0x10080994                srss_interrupt_backup_IRQHandler
                0x10080994                bless_interrupt_IRQHandler
                0x10080994                cpuss_interrupts_ipc_10_IRQHandler
                0x10080994                cpuss_interrupts_ipc_9_IRQHandler
                0x10080994                cpuss_interrupts_dw0_14_IRQHandler
                0x10080994                tcpwm_1_interrupts_4_IRQHandler
                0x10080994                tcpwm_0_interrupts_3_IRQHandler
                0x10080994                cpuss_interrupts_dw1_15_IRQHandler
                0x10080994                ioss_interrupts_gpio_10_IRQHandler
                0x10080994                udb_interrupts_10_IRQHandler
                0x10080994                cpuss_interrupts_dw0_8_IRQHandler
                0x10080994                ioss_interrupts_gpio_11_IRQHandler
                0x10080994                cpuss_interrupts_ipc_14_IRQHandler
                0x10080994                ioss_interrupts_gpio_5_IRQHandler
                0x10080994                ioss_interrupts_gpio_4_IRQHandler
                0x10080994                tcpwm_1_interrupts_8_IRQHandler
                0x10080994                cpuss_interrupts_dw1_14_IRQHandler
                0x10080994                usb_interrupt_med_IRQHandler
                0x10080994                cpuss_interrupts_dw0_2_IRQHandler
                0x10080994                tcpwm_1_interrupts_10_IRQHandler
                0x10080994                cpuss_interrupts_fault_0_IRQHandler
                0x10080994                cpuss_interrupts_dw0_12_IRQHandler
                0x10080994                ioss_interrupts_gpio_6_IRQHandler
                0x10080994                tcpwm_1_interrupts_21_IRQHandler
                0x10080994                tcpwm_1_interrupts_16_IRQHandler
                0x10080994                cpuss_interrupts_dw1_4_IRQHandler
                0x10080994                udb_interrupts_15_IRQHandler
                0x10080994                cpuss_interrupts_dw1_11_IRQHandler
                0x10080994                cpuss_interrupts_dw0_6_IRQHandler
                0x10080994                ioss_interrupt_vdd_IRQHandler
                0x10080994                cpuss_interrupts_dw0_7_IRQHandler
                0x10080994                audioss_interrupt_i2s_IRQHandler
                0x10080994                tcpwm_1_interrupts_5_IRQHandler
                0x10080994                cpuss_interrupts_ipc_2_IRQHandler
                0x10080994                cpuss_interrupts_dw0_10_IRQHandler
                0x10080994                tcpwm_1_interrupts_19_IRQHandler
                0x10080994                cpuss_interrupts_dw0_1_IRQHandler
                0x10080994                ioss_interrupts_gpio_9_IRQHandler
                0x10080994                usb_interrupt_lo_IRQHandler
                0x10080994                cpuss_interrupts_ipc_8_IRQHandler
                0x10080994                udb_interrupts_14_IRQHandler
                0x10080994                cpuss_interrupts_dw0_3_IRQHandler
                0x10080998                UsageFault_Handler
                0x10080998                HardFault_Handler
                0x10080998                MemManage_Handler
                0x10080998                BusFault_Handler
 .text.genericEventHandler
                0x100809b4       0x58 .\CortexM4\ARM_GCC_541\Debug\main_cm4.o
                0x100809b4                genericEventHandler
 .text.bleInterruptNotify
                0x10080a0c       0x38 .\CortexM4\ARM_GCC_541\Debug\main_cm4.o
                0x10080a0c                bleInterruptNotify
 .text.bleTask  0x10080a44       0xd4 .\CortexM4\ARM_GCC_541\Debug\main_cm4.o
                0x10080a44                bleTask
 .text.PWM_Timer_init
                0x10080b18       0x8c .\CortexM4\ARM_GCC_541\Debug\main_cm4.o
 .text.PWM_TIM_hdr
                0x10080ba4       0x44 .\CortexM4\ARM_GCC_541\Debug\main_cm4.o
 .text.PWM_CYC_hdr
                0x10080be8       0x68 .\CortexM4\ARM_GCC_541\Debug\main_cm4.o
 .text.main     0x10080c50       0xac .\CortexM4\ARM_GCC_541\Debug\main_cm4.o
                0x10080c50                main
 .text.vApplicationStackOverflowHook
                0x10080cfc       0x14 .\CortexM4\ARM_GCC_541\Debug\main_cm4.o
                0x10080cfc                vApplicationStackOverflowHook
 .text.Cy_SysIpcPipeIsrCm4
                0x10080d10        0xc .\CortexM4\ARM_GCC_541\Debug\system_psoc6_cm4.o
                0x10080d10                Cy_SysIpcPipeIsrCm4
 .text.Cy_SystemInit
                0x10080d1c        0x4 .\CortexM4\ARM_GCC_541\Debug\system_psoc6_cm4.o
                0x10080d1c                Cy_SystemInit
 .text.SystemCoreClockUpdate
                0x10080d20      0x190 .\CortexM4\ARM_GCC_541\Debug\system_psoc6_cm4.o
                0x10080d20                SystemCoreClockUpdate
 .text.SystemInit
                0x10080eb0       0x48 .\CortexM4\ARM_GCC_541\Debug\system_psoc6_cm4.o
                0x10080eb0                SystemInit
 .text.Cy_SystemInitFpuEnable
                0x10080ef8       0x28 .\CortexM4\ARM_GCC_541\Debug\system_psoc6_cm4.o
                0x10080ef8                Cy_SystemInitFpuEnable
 .text.afe4404Read
                0x10080f20       0x8c .\CortexM4\ARM_GCC_541\Debug\AFE4404.o
                0x10080f20                afe4404Read
 .text.afe4404ContiRead
                0x10080fac       0x28 .\CortexM4\ARM_GCC_541\Debug\AFE4404.o
                0x10080fac                afe4404ContiRead
 .text.afe4404Write
                0x10080fd4       0x70 .\CortexM4\ARM_GCC_541\Debug\AFE4404.o
                0x10080fd4                afe4404Write
 .text.afe4404ContiWrite
                0x10081044       0x28 .\CortexM4\ARM_GCC_541\Debug\AFE4404.o
                0x10081044                afe4404ContiWrite
 .text.STDIO_PutChar
                0x1008106c       0x18 .\CortexM4\ARM_GCC_541\Debug\stdio_user.o
                0x1008106c                STDIO_PutChar
 .text.STDIO_GetChar
                0x10081084       0x1c .\CortexM4\ARM_GCC_541\Debug\stdio_user.o
                0x10081084                STDIO_GetChar
 .text.I2C_1_Interrupt
                0x100810a0       0x14 .\CortexM4\ARM_GCC_541\Debug\I2C_1.o
 .text.I2C_1_Start
                0x100810b4       0x78 .\CortexM4\ARM_GCC_541\Debug\I2C_1.o
                0x100810b4                I2C_1_Start
 .text.Cy_Flash_ProcessOpcode
                0x1008112c       0xac .\CortexM4\ARM_GCC_541\Debug\cy_flash.o
 .text.Cy_Flash_OperationStatus
                0x100811d8       0x5c .\CortexM4\ARM_GCC_541\Debug\cy_flash.o
 .text.Cy_Flash_InitExt
                0x10081234       0x80 .\CortexM4\ARM_GCC_541\Debug\cy_flash.o
                0x10081234                Cy_Flash_InitExt
 .text.Cy_Flash_Init
                0x100812b4       0x10 .\CortexM4\ARM_GCC_541\Debug\cy_flash.o
                0x100812b4                Cy_Flash_Init
 .text.Cy_IPC_Drv_LockRelease
                0x100812c4       0x3c .\CortexM4\ARM_GCC_541\Debug\cy_ipc_drv.o
                0x100812c4                Cy_IPC_Drv_LockRelease
 .text.Cy_IPC_Drv_SendMsgWord
                0x10081300       0x3c .\CortexM4\ARM_GCC_541\Debug\cy_ipc_drv.o
                0x10081300                Cy_IPC_Drv_SendMsgWord
 .text.Cy_IPC_Drv_ReadMsgWord
                0x1008133c       0x38 .\CortexM4\ARM_GCC_541\Debug\cy_ipc_drv.o
                0x1008133c                Cy_IPC_Drv_ReadMsgWord
 .text.Cy_IPC_Sema_InitExt
                0x10081374       0xac .\CortexM4\ARM_GCC_541\Debug\cy_ipc_sema.o
                0x10081374                Cy_IPC_Sema_InitExt
 .text.Cy_IPC_Sema_Init
                0x10081420       0x64 .\CortexM4\ARM_GCC_541\Debug\cy_ipc_sema.o
                0x10081420                Cy_IPC_Sema_Init
 .text.Cy_IPC_Sema_Clear
                0x10081484       0x88 .\CortexM4\ARM_GCC_541\Debug\cy_ipc_sema.o
                0x10081484                Cy_IPC_Sema_Clear
 .text.Cy_IPC_Sema_Status
                0x1008150c       0x40 .\CortexM4\ARM_GCC_541\Debug\cy_ipc_sema.o
                0x1008150c                Cy_IPC_Sema_Status
 .text.Cy_IPC_Pipe_Config
                0x1008154c       0x10 .\CortexM4\ARM_GCC_541\Debug\cy_ipc_pipe.o
                0x1008154c                Cy_IPC_Pipe_Config
 .text.Cy_IPC_Pipe_EndpointInit
                0x1008155c       0xd0 .\CortexM4\ARM_GCC_541\Debug\cy_ipc_pipe.o
                0x1008155c                Cy_IPC_Pipe_EndpointInit
 .text.Cy_IPC_Pipe_Init
                0x1008162c       0xb4 .\CortexM4\ARM_GCC_541\Debug\cy_ipc_pipe.o
                0x1008162c                Cy_IPC_Pipe_Init
 .text.Cy_IPC_Pipe_SendMessage
                0x100816e0       0xa4 .\CortexM4\ARM_GCC_541\Debug\cy_ipc_pipe.o
                0x100816e0                Cy_IPC_Pipe_SendMessage
 .text.Cy_IPC_Pipe_RegisterCallback
                0x10081784       0x50 .\CortexM4\ARM_GCC_541\Debug\cy_ipc_pipe.o
                0x10081784                Cy_IPC_Pipe_RegisterCallback
 .text.Cy_IPC_Pipe_RegisterCallbackRel
                0x100817d4       0x2c .\CortexM4\ARM_GCC_541\Debug\cy_ipc_pipe.o
                0x100817d4                Cy_IPC_Pipe_RegisterCallbackRel
 .text.Cy_IPC_Pipe_ExecCallback
                0x10081800       0xbc .\CortexM4\ARM_GCC_541\Debug\cy_ipc_pipe.o
                0x10081800                Cy_IPC_Pipe_ExecCallback
 .text.Cy_IPC_Pipe_ExecuteCallback
                0x100818bc       0x2c .\CortexM4\ARM_GCC_541\Debug\cy_ipc_pipe.o
                0x100818bc                Cy_IPC_Pipe_ExecuteCallback
 .text.Cy_IPC_Pipe_EndpointPause
                0x100818e8       0x54 .\CortexM4\ARM_GCC_541\Debug\cy_ipc_pipe.o
                0x100818e8                Cy_IPC_Pipe_EndpointPause
 .text.Cy_IPC_Pipe_EndpointResume
                0x1008193c       0x48 .\CortexM4\ARM_GCC_541\Debug\cy_ipc_pipe.o
                0x1008193c                Cy_IPC_Pipe_EndpointResume
 .text.Cy_SCB_ReadArrayNoCheck
                0x10081984       0x38 .\CortexM4\ARM_GCC_541\Debug\cy_scb_common.o
                0x10081984                Cy_SCB_ReadArrayNoCheck
 .text.Cy_SCB_ReadArray
                0x100819bc       0x1c .\CortexM4\ARM_GCC_541\Debug\cy_scb_common.o
                0x100819bc                Cy_SCB_ReadArray
 .text.Cy_SCB_Write
                0x100819d8       0x28 .\CortexM4\ARM_GCC_541\Debug\cy_scb_common.o
                0x100819d8                Cy_SCB_Write
 .text.Cy_SCB_WriteArrayNoCheck
                0x10081a00       0x38 .\CortexM4\ARM_GCC_541\Debug\cy_scb_common.o
                0x10081a00                Cy_SCB_WriteArrayNoCheck
 .text.Cy_SCB_WriteArray
                0x10081a38       0x2c .\CortexM4\ARM_GCC_541\Debug\cy_scb_common.o
                0x10081a38                Cy_SCB_WriteArray
 .text.Cy_SCB_WriteDefaultArrayNoCheck
                0x10081a64       0x10 .\CortexM4\ARM_GCC_541\Debug\cy_scb_common.o
                0x10081a64                Cy_SCB_WriteDefaultArrayNoCheck
 .text.Cy_SCB_WriteDefaultArray
                0x10081a74       0x2c .\CortexM4\ARM_GCC_541\Debug\cy_scb_common.o
                0x10081a74                Cy_SCB_WriteDefaultArray
 .text.SlaveHandleStop
                0x10081aa0       0xec .\CortexM4\ARM_GCC_541\Debug\cy_scb_i2c.o
 .text.MasterHandleEvents
                0x10081b8c       0x74 .\CortexM4\ARM_GCC_541\Debug\cy_scb_i2c.o
 .text.MasterHandleStop
                0x10081c00       0x2c .\CortexM4\ARM_GCC_541\Debug\cy_scb_i2c.o
 .text.MasterHandleComplete
                0x10081c2c       0xf4 .\CortexM4\ARM_GCC_541\Debug\cy_scb_i2c.o
 .text.HandleStatus
                0x10081d20       0xf0 .\CortexM4\ARM_GCC_541\Debug\cy_scb_i2c.o
 .text.WaitOneUnit
                0x10081e10       0x24 .\CortexM4\ARM_GCC_541\Debug\cy_scb_i2c.o
 .text.SlaveHandleDataTransmit
                0x10081e34       0xe8 .\CortexM4\ARM_GCC_541\Debug\cy_scb_i2c.o
 .text.MasterHandleDataTransmit
                0x10081f1c       0xb8 .\CortexM4\ARM_GCC_541\Debug\cy_scb_i2c.o
 .text.SlaveHandleAddress
                0x10081fd4      0x158 .\CortexM4\ARM_GCC_541\Debug\cy_scb_i2c.o
 .text.MasterHandleDataReceive
                0x1008212c       0xf0 .\CortexM4\ARM_GCC_541\Debug\cy_scb_i2c.o
 .text.SlaveHandleDataReceive
                0x1008221c       0xbc .\CortexM4\ARM_GCC_541\Debug\cy_scb_i2c.o
 .text.Cy_SCB_I2C_Init
                0x100822d8      0x18c .\CortexM4\ARM_GCC_541\Debug\cy_scb_i2c.o
                0x100822d8                Cy_SCB_I2C_Init
 .text.Cy_SCB_I2C_GetDataRate
                0x10082464       0x90 .\CortexM4\ARM_GCC_541\Debug\cy_scb_i2c.o
                0x10082464                Cy_SCB_I2C_GetDataRate
 .text.Cy_SCB_I2C_SetDataRate
                0x100824f4      0x1d0 .\CortexM4\ARM_GCC_541\Debug\cy_scb_i2c.o
                0x100824f4                Cy_SCB_I2C_SetDataRate
 .text.Cy_SCB_I2C_MasterSendStart
                0x100826c4       0xf0 .\CortexM4\ARM_GCC_541\Debug\cy_scb_i2c.o
                0x100826c4                Cy_SCB_I2C_MasterSendStart
 .text.Cy_SCB_I2C_MasterSendReStart
                0x100827b4       0xd4 .\CortexM4\ARM_GCC_541\Debug\cy_scb_i2c.o
                0x100827b4                Cy_SCB_I2C_MasterSendReStart
 .text.Cy_SCB_I2C_MasterSendStop
                0x10082888       0x64 .\CortexM4\ARM_GCC_541\Debug\cy_scb_i2c.o
                0x10082888                Cy_SCB_I2C_MasterSendStop
 .text.Cy_SCB_I2C_MasterReadByte
                0x100828ec       0xb4 .\CortexM4\ARM_GCC_541\Debug\cy_scb_i2c.o
                0x100828ec                Cy_SCB_I2C_MasterReadByte
 .text.Cy_SCB_I2C_MasterWriteByte
                0x100829a0       0x68 .\CortexM4\ARM_GCC_541\Debug\cy_scb_i2c.o
                0x100829a0                Cy_SCB_I2C_MasterWriteByte
 .text.Cy_SCB_I2C_SlaveInterrupt
                0x10082a08       0xe4 .\CortexM4\ARM_GCC_541\Debug\cy_scb_i2c.o
                0x10082a08                Cy_SCB_I2C_SlaveInterrupt
 .text.Cy_SCB_I2C_MasterInterrupt
                0x10082aec       0x8c .\CortexM4\ARM_GCC_541\Debug\cy_scb_i2c.o
                0x10082aec                Cy_SCB_I2C_MasterInterrupt
 .text.Cy_SCB_I2C_Interrupt
                0x10082b78       0x18 .\CortexM4\ARM_GCC_541\Debug\cy_scb_i2c.o
                0x10082b78                Cy_SCB_I2C_Interrupt
 .text.HandleDataTransmit
                0x10082b90       0xdc .\CortexM4\ARM_GCC_541\Debug\cy_scb_uart.o
 .text.HandleDataReceive
                0x10082c6c       0xf8 .\CortexM4\ARM_GCC_541\Debug\cy_scb_uart.o
 .text.Cy_SCB_UART_Init
                0x10082d64      0x364 .\CortexM4\ARM_GCC_541\Debug\cy_scb_uart.o
                0x10082d64                Cy_SCB_UART_Init
 .text.Cy_SCB_UART_GetNumInRingBuffer
                0x100830c8       0x18 .\CortexM4\ARM_GCC_541\Debug\cy_scb_uart.o
                0x100830c8                Cy_SCB_UART_GetNumInRingBuffer
 .text.HandleRingBuffer
                0x100830e0       0xcc .\CortexM4\ARM_GCC_541\Debug\cy_scb_uart.o
 .text.Cy_SCB_UART_Interrupt
                0x100831ac       0xe8 .\CortexM4\ARM_GCC_541\Debug\cy_scb_uart.o
                0x100831ac                Cy_SCB_UART_Interrupt
 .text.Cy_SysInt_SetVector
                0x10083294       0x48 .\CortexM4\ARM_GCC_541\Debug\cy_sysint.o
                0x10083294                Cy_SysInt_SetVector
 .text.Cy_SysInt_Init
                0x100832dc       0x74 .\CortexM4\ARM_GCC_541\Debug\cy_sysint.o
                0x100832dc                Cy_SysInt_Init
 .text.Cy_SysLib_Delay
                0x10083350       0x30 .\CortexM4\ARM_GCC_541\Debug\cy_syslib.o
                0x10083350                Cy_SysLib_Delay
 .text.Cy_SysLib_DelayUs
                0x10083380       0x14 .\CortexM4\ARM_GCC_541\Debug\cy_syslib.o
                0x10083380                Cy_SysLib_DelayUs
 .text.Cy_SysLib_Halt
                0x10083394        0x4 .\CortexM4\ARM_GCC_541\Debug\cy_syslib.o
                0x10083394                Cy_SysLib_Halt
 .text.Cy_SysLib_AssertFailed
                0x10083398       0x1c .\CortexM4\ARM_GCC_541\Debug\cy_syslib.o
                0x10083398                Cy_SysLib_AssertFailed
 .text.Cy_SysLib_ProcessingFault
                0x100833b4        0x4 .\CortexM4\ARM_GCC_541\Debug\cy_syslib.o
                0x100833b4                Cy_SysLib_ProcessingFault
 .text.Cy_SysLib_FaultHandler
                0x100833b8       0xa4 .\CortexM4\ARM_GCC_541\Debug\cy_syslib.o
                0x100833b8                Cy_SysLib_FaultHandler
 *fill*         0x1008345c        0x4 
 .text          0x10083460       0x20 .\CortexM4\ARM_GCC_541\Debug\cy_syslib_gcc.o
                0x10083460                Cy_SysLib_DelayCycles
                0x10083472                Cy_SysLib_EnterCriticalSection
                0x1008347a                Cy_SysLib_ExitCriticalSection
 .text.Cy_SysPm_RegisterCallback
                0x10083480       0x5c .\CortexM4\ARM_GCC_541\Debug\cy_syspm.o
                0x10083480                Cy_SysPm_RegisterCallback
 .text.Cy_SysPm_UnregisterCallback
                0x100834dc       0x68 .\CortexM4\ARM_GCC_541\Debug\cy_syspm.o
                0x100834dc                Cy_SysPm_UnregisterCallback
 .text.Cy_SysPm_ExecuteCallback
                0x10083544       0xc8 .\CortexM4\ARM_GCC_541\Debug\cy_syspm.o
                0x10083544                Cy_SysPm_ExecuteCallback
 .text.Cy_SysPm_CpuEnterSleep
                0x1008360c       0x94 .\CortexM4\ARM_GCC_541\Debug\cy_syspm.o
                0x1008360c                Cy_SysPm_CpuEnterSleep
 .text.Cy_SysPm_SaveRegisters
                0x100836a0       0x70 .\CortexM4\ARM_GCC_541\Debug\cy_syspm.o
                0x100836a0                Cy_SysPm_SaveRegisters
 .text.Cy_SysPm_RestoreRegisters
                0x10083710       0x70 .\CortexM4\ARM_GCC_541\Debug\cy_syspm.o
                0x10083710                Cy_SysPm_RestoreRegisters
 .text.Cy_SysPm_CpuEnterDeepSleep
                0x10083780      0x110 .\CortexM4\ARM_GCC_541\Debug\cy_syspm.o
                0x10083780                Cy_SysPm_CpuEnterDeepSleep
 .text.Cy_PDL_Init
                0x10083890        0xc .\CortexM4\ARM_GCC_541\Debug\cy_device.o
                0x10083890                Cy_PDL_Init
 .text.Cy_TCPWM_PWM_Init
                0x1008389c      0x16c .\CortexM4\ARM_GCC_541\Debug\cy_tcpwm_pwm.o
                0x1008389c                Cy_TCPWM_PWM_Init
 .text.Cy_BLE_DeepSleepCallback
                0x10083a08       0x88 .\CortexM4\ARM_GCC_541\Debug\cy_ble.o
                0x10083a08                Cy_BLE_DeepSleepCallback
 .text.Cy_BLE_SleepCallback
                0x10083a90       0x64 .\CortexM4\ARM_GCC_541\Debug\cy_ble.o
                0x10083a90                Cy_BLE_SleepCallback
 .text.Cy_BLE_UnregisterHostPMCallbacks
                0x10083af4       0x18 .\CortexM4\ARM_GCC_541\Debug\cy_ble.o
                0x10083af4                Cy_BLE_UnregisterHostPMCallbacks
 .text.Cy_BLE_Init
                0x10083b0c       0x54 .\CortexM4\ARM_GCC_541\Debug\cy_ble.o
                0x10083b0c                Cy_BLE_Init
 .text.Cy_BLE_Enable
                0x10083b60      0x12c .\CortexM4\ARM_GCC_541\Debug\cy_ble.o
                0x10083b60                Cy_BLE_Enable
 .text.Cy_BLE_RegisterAppHostCallback
                0x10083c8c       0x18 .\CortexM4\ARM_GCC_541\Debug\cy_ble.o
                0x10083c8c                Cy_BLE_RegisterAppHostCallback
 .text.Cy_BLE_IPC_HostMsgFlushRecvCallBack
                0x10083ca4       0x1c .\CortexM4\ARM_GCC_541\Debug\cy_ble_hal_pvt.o
 .text.Cy_BLE_IPC_HostMsgRecvCallBack
                0x10083cc0       0x1c .\CortexM4\ARM_GCC_541\Debug\cy_ble_hal_pvt.o
 .text.Cy_BLE_HAL_BlockCalcCRC8
                0x10083cdc       0x34 .\CortexM4\ARM_GCC_541\Debug\cy_ble_hal_pvt.o
                0x10083cdc                Cy_BLE_HAL_BlockCalcCRC8
 .text.Cy_BLE_HAL_CalcCRC8
                0x10083d10        0xc .\CortexM4\ARM_GCC_541\Debug\cy_ble_hal_pvt.o
                0x10083d10                Cy_BLE_HAL_CalcCRC8
 .text.Cy_BLE_HAL_EnterCriticalSection
                0x10083d1c        0x8 .\CortexM4\ARM_GCC_541\Debug\cy_ble_hal_pvt.o
                0x10083d1c                Cy_BLE_HAL_EnterCriticalSection
 .text.Cy_BLE_HAL_ExitCriticalSection
                0x10083d24        0x8 .\CortexM4\ARM_GCC_541\Debug\cy_ble_hal_pvt.o
                0x10083d24                Cy_BLE_HAL_ExitCriticalSection
 .text.Cy_BLE_HAL_EnableHostIpcPipeInterrupt
                0x10083d2c        0xc .\CortexM4\ARM_GCC_541\Debug\cy_ble_hal_pvt.o
                0x10083d2c                Cy_BLE_HAL_EnableHostIpcPipeInterrupt
 .text.Cy_BLE_HAL_DisableHostIpcPipeInterrupt
                0x10083d38        0xc .\CortexM4\ARM_GCC_541\Debug\cy_ble_hal_pvt.o
                0x10083d38                Cy_BLE_HAL_DisableHostIpcPipeInterrupt
 .text.Cy_BLE_IPC_HostRegisterClientCallbacks
                0x10083d44       0x34 .\CortexM4\ARM_GCC_541\Debug\cy_ble_hal_pvt.o
                0x10083d44                Cy_BLE_IPC_HostRegisterClientCallbacks
 .text.Cy_BLE_IPC_SendMessageToController
                0x10083d78       0x20 .\CortexM4\ARM_GCC_541\Debug\cy_ble_hal_pvt.o
                0x10083d78                Cy_BLE_IPC_SendMessageToController
 .text.Cy_BLE_HAL_EccHeapInit
                0x10083d98        0x4 .\CortexM4\ARM_GCC_541\Debug\cy_ble_hal_pvt.o
                0x10083d98                Cy_BLE_HAL_EccHeapInit
 .text.Cy_BLE_HAL_EccHeapDeInit
                0x10083d9c        0x4 .\CortexM4\ARM_GCC_541\Debug\cy_ble_hal_pvt.o
                0x10083d9c                Cy_BLE_HAL_EccHeapDeInit
 .text.Cy_BLE_HAL_EccGetFeatureHeapReq
                0x10083da0        0x4 .\CortexM4\ARM_GCC_541\Debug\cy_ble_hal_pvt.o
                0x10083da0                Cy_BLE_HAL_EccGetFeatureHeapReq
 .text.Cy_BLE_HAL_PairingLocalPublicKeyHandler
                0x10083da4        0x8 .\CortexM4\ARM_GCC_541\Debug\cy_ble_hal_pvt.o
                0x10083da4                Cy_BLE_HAL_PairingLocalPublicKeyHandler
 .text.Cy_BLE_HAL_PairingRemoteKeyHandler
                0x10083dac        0x8 .\CortexM4\ARM_GCC_541\Debug\cy_ble_hal_pvt.o
                0x10083dac                Cy_BLE_HAL_PairingRemoteKeyHandler
 .text.Cy_BLE_HAL_PairingDhkeyHandler
                0x10083db4        0x8 .\CortexM4\ARM_GCC_541\Debug\cy_ble_hal_pvt.o
                0x10083db4                Cy_BLE_HAL_PairingDhkeyHandler
 .text.Cy_BLE_HAL_PairingDhkeyCheckHandler
                0x10083dbc        0x8 .\CortexM4\ARM_GCC_541\Debug\cy_ble_hal_pvt.o
                0x10083dbc                Cy_BLE_HAL_PairingDhkeyCheckHandler
 .text.Cy_BLE_HAL_PairingKeypressNotificationHandler
                0x10083dc4        0x8 .\CortexM4\ARM_GCC_541\Debug\cy_ble_hal_pvt.o
                0x10083dc4                Cy_BLE_HAL_PairingKeypressNotificationHandler
 .text.Cy_BLE_HAL_PairingRandHandler
                0x10083dcc        0x8 .\CortexM4\ARM_GCC_541\Debug\cy_ble_hal_pvt.o
                0x10083dcc                Cy_BLE_HAL_PairingRandHandler
 .text.Cy_BLE_HAL_PairingConfirmHandler
                0x10083dd4        0x8 .\CortexM4\ARM_GCC_541\Debug\cy_ble_hal_pvt.o
                0x10083dd4                Cy_BLE_HAL_PairingConfirmHandler
 .text.Cy_BLE_HAL_PairingLrConfirmingHandler
                0x10083ddc        0x8 .\CortexM4\ARM_GCC_541\Debug\cy_ble_hal_pvt.o
                0x10083ddc                Cy_BLE_HAL_PairingLrConfirmingHandler
 .text.Cy_BLE_HAL_PairingScTbxLocalPubkeyGenerateComplete
                0x10083de4        0x8 .\CortexM4\ARM_GCC_541\Debug\cy_ble_hal_pvt.o
                0x10083de4                Cy_BLE_HAL_PairingScTbxLocalPubkeyGenerateComplete
 .text.Cy_BLE_HAL_PairingScTbxGenerateLocalP256PublicKey
                0x10083dec        0x8 .\CortexM4\ARM_GCC_541\Debug\cy_ble_hal_pvt.o
                0x10083dec                Cy_BLE_HAL_PairingScTbxGenerateLocalP256PublicKey
 .text.Cy_BLE_HAL_SeSmpScUserPasskeyHandler
                0x10083df4        0x8 .\CortexM4\ARM_GCC_541\Debug\cy_ble_hal_pvt.o
                0x10083df4                Cy_BLE_HAL_SeSmpScUserPasskeyHandler
 .text.Cy_BLE_HAL_EccPointMult
                0x10083dfc        0x4 .\CortexM4\ARM_GCC_541\Debug\cy_ble_hal_pvt.o
                0x10083dfc                Cy_BLE_HAL_EccPointMult
 .text.Cy_BLE_ServiceInit
                0x10083e00       0x10 .\CortexM4\ARM_GCC_541\Debug\cy_ble_gap.o
                0x10083e00                Cy_BLE_ServiceInit
 .text.Cy_BLE_GAPP_StartAdvertisement
                0x10083e10      0x120 .\CortexM4\ARM_GCC_541\Debug\cy_ble_gap.o
                0x10083e10                Cy_BLE_GAPP_StartAdvertisement
 .text.Cy_BLE_ChangeAdDeviceAddress
                0x10083f30       0x5c .\CortexM4\ARM_GCC_541\Debug\cy_ble_gap.o
                0x10083f30                Cy_BLE_ChangeAdDeviceAddress
 .text.Cy_BLE_GATTS_WriteAttributeValueCCCD
                0x10083f8c       0x6c .\CortexM4\ARM_GCC_541\Debug\cy_ble_gatt.o
                0x10083f8c                Cy_BLE_GATTS_WriteAttributeValueCCCD
 .text.Cy_BLE_GATTS_WriteEventHandler
                0x10083ff8       0x84 .\CortexM4\ARM_GCC_541\Debug\cy_ble_gatt.o
                0x10083ff8                Cy_BLE_GATTS_WriteEventHandler
 .text.Cy_BLE_GATTS_ReadAttributeValueCCCDReqHandler
                0x1008407c       0x58 .\CortexM4\ARM_GCC_541\Debug\cy_ble_gatt.o
                0x1008407c                Cy_BLE_GATTS_ReadAttributeValueCCCDReqHandler
 .text.Cy_BLE_GATTS_WriteAttributeValueLocal
                0x100840d4       0x48 .\CortexM4\ARM_GCC_541\Debug\cy_ble_gatt.o
                0x100840d4                Cy_BLE_GATTS_WriteAttributeValueLocal
 .text.Cy_BLE_GATTS_WriteAttributeValuePeer
                0x1008411c       0x38 .\CortexM4\ARM_GCC_541\Debug\cy_ble_gatt.o
                0x1008411c                Cy_BLE_GATTS_WriteAttributeValuePeer
 .text.Cy_BLE_GATTS_ReadCccd
                0x10084154       0xb8 .\CortexM4\ARM_GCC_541\Debug\cy_ble_gatt.o
                0x10084154                Cy_BLE_GATTS_ReadCccd
 .text.Cy_BLE_GATTS_IsNotificationEnabled
                0x1008420c       0x20 .\CortexM4\ARM_GCC_541\Debug\cy_ble_gatt.o
                0x1008420c                Cy_BLE_GATTS_IsNotificationEnabled
 .text.Cy_BLE_GATTS_SendNotification
                0x1008422c       0x7c .\CortexM4\ARM_GCC_541\Debug\cy_ble_gatt.o
                0x1008422c                Cy_BLE_GATTS_SendNotification
 .text.Cy_BLE_SendWriteResponse
                0x100842a8       0x44 .\CortexM4\ARM_GCC_541\Debug\cy_ble_event_handler.o
 .text.Cy_BLE_RegisterServiceEventHandler
                0x100842ec       0x5c .\CortexM4\ARM_GCC_541\Debug\cy_ble_event_handler.o
                0x100842ec                Cy_BLE_RegisterServiceEventHandler
 .text.Cy_BLE_InvokeServiceEventHandler
                0x10084348       0x38 .\CortexM4\ARM_GCC_541\Debug\cy_ble_event_handler.o
                0x10084348                Cy_BLE_InvokeServiceEventHandler
 .text.Cy_BLE_IsDeviceAddressValid
                0x10084380       0x20 .\CortexM4\ARM_GCC_541\Debug\cy_ble_event_handler.o
                0x10084380                Cy_BLE_IsDeviceAddressValid
 .text.Cy_BLE_EventHandler
                0x100843a0      0x724 .\CortexM4\ARM_GCC_541\Debug\cy_ble_event_handler.o
                0x100843a0                Cy_BLE_EventHandler
 .text.Cy_BLE_CUSTOM_EventHandler
                0x10084ac4        0x4 .\CortexM4\ARM_GCC_541\Debug\cy_ble_custom.o
 .text.Cy_BLE_CUSTOM_Init
                0x10084ac8       0x20 .\CortexM4\ARM_GCC_541\Debug\cy_ble_custom.o
                0x10084ac8                Cy_BLE_CUSTOM_Init
 .text._write   0x10084ae8       0x24 .\CortexM4\ARM_GCC_541\Debug\retarget.o
                0x10084ae8                _write
 .text._read    0x10084b0c       0x2c .\CortexM4\ARM_GCC_541\Debug\retarget.o
                0x10084b0c                _read
 .text.vListInitialise
                0x10084b38       0x18 .\CortexM4\ARM_GCC_541\Debug\list.o
                0x10084b38                vListInitialise
 .text.vListInitialiseItem
                0x10084b50        0x8 .\CortexM4\ARM_GCC_541\Debug\list.o
                0x10084b50                vListInitialiseItem
 .text.vListInsertEnd
                0x10084b58       0x18 .\CortexM4\ARM_GCC_541\Debug\list.o
                0x10084b58                vListInsertEnd
 .text.vListInsert
                0x10084b70       0x34 .\CortexM4\ARM_GCC_541\Debug\list.o
                0x10084b70                vListInsert
 .text.uxListRemove
                0x10084ba4       0x28 .\CortexM4\ARM_GCC_541\Debug\list.o
                0x10084ba4                uxListRemove
 .text.prvIsQueueFull
                0x10084bcc       0x20 .\CortexM4\ARM_GCC_541\Debug\queue.o
 .text.prvIsQueueEmpty
                0x10084bec       0x1c .\CortexM4\ARM_GCC_541\Debug\queue.o
 .text.prvCopyDataToQueue
                0x10084c08       0x54 .\CortexM4\ARM_GCC_541\Debug\queue.o
 .text.prvCopyDataFromQueue
                0x10084c5c       0x24 .\CortexM4\ARM_GCC_541\Debug\queue.o
 .text.prvUnlockQueue
                0x10084c80       0x68 .\CortexM4\ARM_GCC_541\Debug\queue.o
 .text.xQueueGenericReset
                0x10084ce8       0x80 .\CortexM4\ARM_GCC_541\Debug\queue.o
                0x10084ce8                xQueueGenericReset
 .text.prvInitialiseNewQueue
                0x10084d68       0x1c .\CortexM4\ARM_GCC_541\Debug\queue.o
 .text.xQueueGenericCreate
                0x10084d84       0x4c .\CortexM4\ARM_GCC_541\Debug\queue.o
                0x10084d84                xQueueGenericCreate
 .text.xQueueCreateCountingSemaphore
                0x10084dd0       0x40 .\CortexM4\ARM_GCC_541\Debug\queue.o
                0x10084dd0                xQueueCreateCountingSemaphore
 .text.xQueueGenericSend
                0x10084e10      0x190 .\CortexM4\ARM_GCC_541\Debug\queue.o
                0x10084e10                xQueueGenericSend
 .text.xQueueGenericSendFromISR
                0x10084fa0       0xe4 .\CortexM4\ARM_GCC_541\Debug\queue.o
                0x10084fa0                xQueueGenericSendFromISR
 .text.xQueueGiveFromISR
                0x10085084       0xbc .\CortexM4\ARM_GCC_541\Debug\queue.o
                0x10085084                xQueueGiveFromISR
 .text.xQueueReceive
                0x10085140      0x158 .\CortexM4\ARM_GCC_541\Debug\queue.o
                0x10085140                xQueueReceive
 .text.xQueueSemaphoreTake
                0x10085298      0x140 .\CortexM4\ARM_GCC_541\Debug\queue.o
                0x10085298                xQueueSemaphoreTake
 .text.vQueueAddToRegistry
                0x100853d8       0x28 .\CortexM4\ARM_GCC_541\Debug\queue.o
                0x100853d8                vQueueAddToRegistry
 .text.vQueueWaitForMessageRestricted
                0x10085400       0x4c .\CortexM4\ARM_GCC_541\Debug\queue.o
                0x10085400                vQueueWaitForMessageRestricted
 .text.prvResetNextTaskUnblockTime
                0x1008544c       0x2c .\CortexM4\ARM_GCC_541\Debug\tasks.o
 .text.prvDeleteTCB
                0x10085478       0x14 .\CortexM4\ARM_GCC_541\Debug\tasks.o
 .text.prvInitialiseNewTask
                0x1008548c       0xa0 .\CortexM4\ARM_GCC_541\Debug\tasks.o
 .text.prvInitialiseTaskLists
                0x1008552c       0x58 .\CortexM4\ARM_GCC_541\Debug\tasks.o
 .text.prvAddNewTaskToReadyList
                0x10085584       0xac .\CortexM4\ARM_GCC_541\Debug\tasks.o
 .text.prvCheckTasksWaitingTermination
                0x10085630       0x44 .\CortexM4\ARM_GCC_541\Debug\tasks.o
 .text.prvIdleTask
                0x10085674       0x28 .\CortexM4\ARM_GCC_541\Debug\tasks.o
 .text.prvAddCurrentTaskToDelayedList
                0x1008569c       0x68 .\CortexM4\ARM_GCC_541\Debug\tasks.o
 .text.xTaskCreate
                0x10085704       0x64 .\CortexM4\ARM_GCC_541\Debug\tasks.o
                0x10085704                xTaskCreate
 .text.vTaskStartScheduler
                0x10085768       0x7c .\CortexM4\ARM_GCC_541\Debug\tasks.o
                0x10085768                vTaskStartScheduler
 .text.vTaskSuspendAll
                0x100857e4       0x14 .\CortexM4\ARM_GCC_541\Debug\tasks.o
                0x100857e4                vTaskSuspendAll
 .text.xTaskGetTickCount
                0x100857f8        0xc .\CortexM4\ARM_GCC_541\Debug\tasks.o
                0x100857f8                xTaskGetTickCount
 .text.xTaskIncrementTick
                0x10085804       0xfc .\CortexM4\ARM_GCC_541\Debug\tasks.o
                0x10085804                xTaskIncrementTick
 .text.xTaskResumeAll
                0x10085900       0xf0 .\CortexM4\ARM_GCC_541\Debug\tasks.o
                0x10085900                xTaskResumeAll
 .text.vTaskSwitchContext
                0x100859f0       0xc8 .\CortexM4\ARM_GCC_541\Debug\tasks.o
                0x100859f0                vTaskSwitchContext
 .text.vTaskPlaceOnEventList
                0x10085ab8       0x34 .\CortexM4\ARM_GCC_541\Debug\tasks.o
                0x10085ab8                vTaskPlaceOnEventList
 .text.vTaskPlaceOnEventListRestricted
                0x10085aec       0x3c .\CortexM4\ARM_GCC_541\Debug\tasks.o
                0x10085aec                vTaskPlaceOnEventListRestricted
 .text.xTaskRemoveFromEventList
                0x10085b28       0x88 .\CortexM4\ARM_GCC_541\Debug\tasks.o
                0x10085b28                xTaskRemoveFromEventList
 .text.vTaskInternalSetTimeOutState
                0x10085bb0       0x14 .\CortexM4\ARM_GCC_541\Debug\tasks.o
                0x10085bb0                vTaskInternalSetTimeOutState
 .text.xTaskCheckForTimeOut
                0x10085bc4       0x80 .\CortexM4\ARM_GCC_541\Debug\tasks.o
                0x10085bc4                xTaskCheckForTimeOut
 .text.vTaskMissedYield
                0x10085c44       0x10 .\CortexM4\ARM_GCC_541\Debug\tasks.o
                0x10085c44                vTaskMissedYield
 .text.xTaskGetSchedulerState
                0x10085c54       0x20 .\CortexM4\ARM_GCC_541\Debug\tasks.o
                0x10085c54                xTaskGetSchedulerState
 .text.prvGetNextExpireTime
                0x10085c74       0x20 .\CortexM4\ARM_GCC_541\Debug\timers.o
 .text.prvInsertTimerInActiveList
                0x10085c94       0x44 .\CortexM4\ARM_GCC_541\Debug\timers.o
 .text.prvCheckForValidListAndQueue
                0x10085cd8       0x48 .\CortexM4\ARM_GCC_541\Debug\timers.o
 .text.xTimerCreateTimerTask
                0x10085d20       0x50 .\CortexM4\ARM_GCC_541\Debug\timers.o
                0x10085d20                xTimerCreateTimerTask
 .text.xTimerGenericCommand
                0x10085d70       0x6c .\CortexM4\ARM_GCC_541\Debug\timers.o
                0x10085d70                xTimerGenericCommand
 .text.prvSwitchTimerLists
                0x10085ddc       0x74 .\CortexM4\ARM_GCC_541\Debug\timers.o
 .text.prvSampleTimeNow
                0x10085e50       0x2c .\CortexM4\ARM_GCC_541\Debug\timers.o
 .text.prvProcessExpiredTimer
                0x10085e7c       0x5c .\CortexM4\ARM_GCC_541\Debug\timers.o
 .text.prvProcessTimerOrBlockTask
                0x10085ed8       0x70 .\CortexM4\ARM_GCC_541\Debug\timers.o
 .text.prvProcessReceivedCommands
                0x10085f48       0xbc .\CortexM4\ARM_GCC_541\Debug\timers.o
 .text.prvTimerTask
                0x10086004       0x18 .\CortexM4\ARM_GCC_541\Debug\timers.o
 .text.prvTaskExitError
                0x1008601c       0x40 .\CortexM4\ARM_GCC_541\Debug\port.o
 .text.prvPortStartFirstTask
                0x1008605c       0x28 .\CortexM4\ARM_GCC_541\Debug\port.o
 .text.vPortEnableVFP
                0x10086084       0x14 .\CortexM4\ARM_GCC_541\Debug\port.o
 .text.pxPortInitialiseStack
                0x10086098       0x2c .\CortexM4\ARM_GCC_541\Debug\port.o
                0x10086098                pxPortInitialiseStack
 *fill*         0x100860c4        0xc 
 .text.SVC_Handler
                0x100860d0       0x24 .\CortexM4\ARM_GCC_541\Debug\port.o
                0x100860d0                SVC_Handler
 .text.vPortEnterCritical
                0x100860f4       0x44 .\CortexM4\ARM_GCC_541\Debug\port.o
                0x100860f4                vPortEnterCritical
 .text.vPortExitCritical
                0x10086138       0x2c .\CortexM4\ARM_GCC_541\Debug\port.o
                0x10086138                vPortExitCritical
 *fill*         0x10086164        0xc 
 .text.PendSV_Handler
                0x10086170       0x64 .\CortexM4\ARM_GCC_541\Debug\port.o
                0x10086170                PendSV_Handler
 .text.SysTick_Handler
                0x100861d4       0x2c .\CortexM4\ARM_GCC_541\Debug\port.o
                0x100861d4                SysTick_Handler
 .text.vPortSetupTimerInterrupt
                0x10086200       0x38 .\CortexM4\ARM_GCC_541\Debug\port.o
                0x10086200                vPortSetupTimerInterrupt
 .text.xPortStartScheduler
                0x10086238       0xe0 .\CortexM4\ARM_GCC_541\Debug\port.o
                0x10086238                xPortStartScheduler
 .text.vPortValidateInterruptPriority
                0x10086318       0x58 .\CortexM4\ARM_GCC_541\Debug\port.o
                0x10086318                vPortValidateInterruptPriority
 .text.pvPortMalloc
                0x10086370       0x60 .\CortexM4\ARM_GCC_541\Debug\heap_1.o
                0x10086370                pvPortMalloc
 .text.vPortFree
                0x100863d0       0x18 .\CortexM4\ARM_GCC_541\Debug\heap_1.o
                0x100863d0                vPortFree
 .text.Cy_BLE_Start
                0x100863e8       0x38 .\CortexM4\ARM_GCC_541\Debug\BLE.o
                0x100863e8                Cy_BLE_Start
 .text.UART_Interrupt
                0x10086420       0x14 .\CortexM4\ARM_GCC_541\Debug\UART.o
 .text.UART_Start
                0x10086434       0x64 .\CortexM4\ARM_GCC_541\Debug\UART.o
                0x10086434                UART_Start
 .text.PWM_AFE_Start
                0x10086498       0x30 .\CortexM4\ARM_GCC_541\Debug\PWM_AFE.o
                0x10086498                PWM_AFE_Start
 .text.I2C_2_Interrupt
                0x100864c8       0x14 .\CortexM4\ARM_GCC_541\Debug\I2C_2.o
 .text.I2C_2_Start
                0x100864dc       0x78 .\CortexM4\ARM_GCC_541\Debug\I2C_2.o
                0x100864dc                I2C_2_Start
 .text.PWM_CYC_Start
                0x10086554       0x30 .\CortexM4\ARM_GCC_541\Debug\PWM_CYC.o
                0x10086554                PWM_CYC_Start
 .text.PWM_TIM_Start
                0x10086584       0x30 .\CortexM4\ARM_GCC_541\Debug\PWM_TIM.o
                0x10086584                PWM_TIM_Start
 .text          0x100865b4      0x370 c:/program files (x86)/cypress/psoc creator/4.4/psoc creator/import/gnu/arm/5.4.1/bin/../lib/gcc/arm-none-eabi/5.4.1/armv7e-m/softfp\libgcc.a(_arm_addsubdf3.o)
                0x100865b4                __aeabi_drsub
                0x100865bc                __aeabi_dsub
                0x100865bc                __subdf3
                0x100865c0                __aeabi_dadd
                0x100865c0                __adddf3
                0x10086838                __floatunsidf
                0x10086838                __aeabi_ui2d
                0x10086858                __floatsidf
                0x10086858                __aeabi_i2d
                0x1008687c                __aeabi_f2d
                0x1008687c                __extendsfdf2
                0x100868b8                __floatundidf
                0x100868b8                __aeabi_ul2d
                0x100868c8                __floatdidf
                0x100868c8                __aeabi_l2d
 .text          0x10086924      0x424 c:/program files (x86)/cypress/psoc creator/4.4/psoc creator/import/gnu/arm/5.4.1/bin/../lib/gcc/arm-none-eabi/5.4.1/armv7e-m/softfp\libgcc.a(_arm_muldivdf3.o)
                0x10086924                __aeabi_dmul
                0x10086924                __muldf3
                0x10086b78                __divdf3
                0x10086b78                __aeabi_ddiv
 .text          0x10086d48      0x110 c:/program files (x86)/cypress/psoc creator/4.4/psoc creator/import/gnu/arm/5.4.1/bin/../lib/gcc/arm-none-eabi/5.4.1/armv7e-m/softfp\libgcc.a(_arm_cmpdf2.o)
                0x10086d48                __gtdf2
                0x10086d48                __gedf2
                0x10086d50                __ltdf2
                0x10086d50                __ledf2
                0x10086d58                __nedf2
                0x10086d58                __eqdf2
                0x10086d58                __cmpdf2
                0x10086dd4                __aeabi_cdrcmple
                0x10086de4                __aeabi_cdcmpeq
                0x10086de4                __aeabi_cdcmple
                0x10086df4                __aeabi_dcmpeq
                0x10086e08                __aeabi_dcmplt
                0x10086e1c                __aeabi_dcmple
                0x10086e30                __aeabi_dcmpge
                0x10086e44                __aeabi_dcmpgt
 .text          0x10086e58       0x40 c:/program files (x86)/cypress/psoc creator/4.4/psoc creator/import/gnu/arm/5.4.1/bin/../lib/gcc/arm-none-eabi/5.4.1/armv7e-m/softfp\libgcc.a(_arm_fixunsdfsi.o)
                0x10086e58                __aeabi_d2uiz
                0x10086e58                __fixunsdfsi
 .text.memcmp   0x10086e98       0x1e c:/program files (x86)/cypress/psoc creator/4.4/psoc creator/import/gnu/arm/5.4.1/bin/../lib/gcc/arm-none-eabi/5.4.1/../../../../arm-none-eabi/lib/armv7e-m/softfp\libg_nano.a(lib_a-memcmp.o)
                0x10086e98                memcmp
 .text.memcpy   0x10086eb6       0x16 c:/program files (x86)/cypress/psoc creator/4.4/psoc creator/import/gnu/arm/5.4.1/bin/../lib/gcc/arm-none-eabi/5.4.1/../../../../arm-none-eabi/lib/armv7e-m/softfp\libg_nano.a(lib_a-memcpy-stub.o)
                0x10086eb6                memcpy
 .text.memset   0x10086ecc       0x10 c:/program files (x86)/cypress/psoc creator/4.4/psoc creator/import/gnu/arm/5.4.1/bin/../lib/gcc/arm-none-eabi/5.4.1/../../../../arm-none-eabi/lib/armv7e-m/softfp\libg_nano.a(lib_a-memset.o)
                0x10086ecc                memset
 .text.__cvt    0x10086edc       0xc2 c:/program files (x86)/cypress/psoc creator/4.4/psoc creator/import/gnu/arm/5.4.1/bin/../lib/gcc/arm-none-eabi/5.4.1/../../../../arm-none-eabi/lib/armv7e-m/softfp\libg_nano.a(lib_a-nano-vfprintf_float.o)
                0x10086edc                __cvt
 .text.__exponent
                0x10086f9e       0x60 c:/program files (x86)/cypress/psoc creator/4.4/psoc creator/import/gnu/arm/5.4.1/bin/../lib/gcc/arm-none-eabi/5.4.1/../../../../arm-none-eabi/lib/armv7e-m/softfp\libg_nano.a(lib_a-nano-vfprintf_float.o)
                0x10086f9e                __exponent
 *fill*         0x10086ffe        0x2 
 .text._printf_float
                0x10087000      0x488 c:/program files (x86)/cypress/psoc creator/4.4/psoc creator/import/gnu/arm/5.4.1/bin/../lib/gcc/arm-none-eabi/5.4.1/../../../../arm-none-eabi/lib/armv7e-m/softfp\libg_nano.a(lib_a-nano-vfprintf_float.o)
                0x10087000                _printf_float
 .text._printf_common
                0x10087488       0xec c:/program files (x86)/cypress/psoc creator/4.4/psoc creator/import/gnu/arm/5.4.1/bin/../lib/gcc/arm-none-eabi/5.4.1/../../../../arm-none-eabi/lib/armv7e-m/softfp\libg_nano.a(lib_a-nano-vfprintf_i.o)
                0x10087488                _printf_common
 .text._printf_i
                0x10087574      0x24c c:/program files (x86)/cypress/psoc creator/4.4/psoc creator/import/gnu/arm/5.4.1/bin/../lib/gcc/arm-none-eabi/5.4.1/../../../../arm-none-eabi/lib/armv7e-m/softfp\libg_nano.a(lib_a-nano-vfprintf_i.o)
                0x10087574                _printf_i
 .text.printf   0x100877c0       0x30 c:/program files (x86)/cypress/psoc creator/4.4/psoc creator/import/gnu/arm/5.4.1/bin/../lib/gcc/arm-none-eabi/5.4.1/../../../../arm-none-eabi/lib/armv7e-m/softfp\libg_nano.a(lib_a-printf.o)
                0x100877c0                iprintf
                0x100877c0                printf
 .text._puts_r  0x100877f0       0xb4 c:/program files (x86)/cypress/psoc creator/4.4/psoc creator/import/gnu/arm/5.4.1/bin/../lib/gcc/arm-none-eabi/5.4.1/../../../../arm-none-eabi/lib/armv7e-m/softfp\libg_nano.a(lib_a-puts.o)
                0x100877f0                _puts_r
 .text.puts     0x100878a4       0x10 c:/program files (x86)/cypress/psoc creator/4.4/psoc creator/import/gnu/arm/5.4.1/bin/../lib/gcc/arm-none-eabi/5.4.1/../../../../arm-none-eabi/lib/armv7e-m/softfp\libg_nano.a(lib_a-puts.o)
                0x100878a4                puts
 .text.setvbuf  0x100878b4      0x154 c:/program files (x86)/cypress/psoc creator/4.4/psoc creator/import/gnu/arm/5.4.1/bin/../lib/gcc/arm-none-eabi/5.4.1/../../../../arm-none-eabi/lib/armv7e-m/softfp\libg_nano.a(lib_a-setvbuf.o)
                0x100878b4                setvbuf
 .text          0x10087a08       0x10 c:/program files (x86)/cypress/psoc creator/4.4/psoc creator/import/gnu/arm/5.4.1/bin/../lib/gcc/arm-none-eabi/5.4.1/../../../../arm-none-eabi/lib/armv7e-m/softfp\libg_nano.a(lib_a-strlen.o)
                0x10087a08                strlen
 .text.strncpy  0x10087a18       0x26 c:/program files (x86)/cypress/psoc creator/4.4/psoc creator/import/gnu/arm/5.4.1/bin/../lib/gcc/arm-none-eabi/5.4.1/../../../../arm-none-eabi/lib/armv7e-m/softfp\libg_nano.a(lib_a-strncpy.o)
                0x10087a18                strncpy
 *fill*         0x10087a3e        0x2 
 .text.__swbuf_r
                0x10087a40       0xa8 c:/program files (x86)/cypress/psoc creator/4.4/psoc creator/import/gnu/arm/5.4.1/bin/../lib/gcc/arm-none-eabi/5.4.1/../../../../arm-none-eabi/lib/armv7e-m/softfp\libg_nano.a(lib_a-wbuf.o)
                0x10087a40                __swbuf_r
 .text.__swsetup_r
                0x10087ae8       0xdc c:/program files (x86)/cypress/psoc creator/4.4/psoc creator/import/gnu/arm/5.4.1/bin/../lib/gcc/arm-none-eabi/5.4.1/../../../../arm-none-eabi/lib/armv7e-m/softfp\libg_nano.a(lib_a-wsetup.o)
                0x10087ae8                __swsetup_r
 .text.quorem   0x10087bc4      0x11e c:/program files (x86)/cypress/psoc creator/4.4/psoc creator/import/gnu/arm/5.4.1/bin/../lib/gcc/arm-none-eabi/5.4.1/../../../../arm-none-eabi/lib/armv7e-m/softfp\libg_nano.a(lib_a-dtoa.o)
 *fill*         0x10087ce2        0x6 
 .text._dtoa_r  0x10087ce8      0xb38 c:/program files (x86)/cypress/psoc creator/4.4/psoc creator/import/gnu/arm/5.4.1/bin/../lib/gcc/arm-none-eabi/5.4.1/../../../../arm-none-eabi/lib/armv7e-m/softfp\libg_nano.a(lib_a-dtoa.o)
                0x10087ce8                _dtoa_r
 .text.__sflush_r
                0x10088820      0x110 c:/program files (x86)/cypress/psoc creator/4.4/psoc creator/import/gnu/arm/5.4.1/bin/../lib/gcc/arm-none-eabi/5.4.1/../../../../arm-none-eabi/lib/armv7e-m/softfp\libg_nano.a(lib_a-fflush.o)
                0x10088820                __sflush_r
 .text._fflush_r
                0x10088930       0x54 c:/program files (x86)/cypress/psoc creator/4.4/psoc creator/import/gnu/arm/5.4.1/bin/../lib/gcc/arm-none-eabi/5.4.1/../../../../arm-none-eabi/lib/armv7e-m/softfp\libg_nano.a(lib_a-fflush.o)
                0x10088930                _fflush_r
 .text._cleanup_r
                0x10088984        0xc c:/program files (x86)/cypress/psoc creator/4.4/psoc creator/import/gnu/arm/5.4.1/bin/../lib/gcc/arm-none-eabi/5.4.1/../../../../arm-none-eabi/lib/armv7e-m/softfp\libg_nano.a(lib_a-findfp.o)
                0x10088984                _cleanup_r
 .text.std.isra.0
                0x10088990       0x48 c:/program files (x86)/cypress/psoc creator/4.4/psoc creator/import/gnu/arm/5.4.1/bin/../lib/gcc/arm-none-eabi/5.4.1/../../../../arm-none-eabi/lib/armv7e-m/softfp\libg_nano.a(lib_a-findfp.o)
 .text.__sfmoreglue
                0x100889d8       0x2c c:/program files (x86)/cypress/psoc creator/4.4/psoc creator/import/gnu/arm/5.4.1/bin/../lib/gcc/arm-none-eabi/5.4.1/../../../../arm-none-eabi/lib/armv7e-m/softfp\libg_nano.a(lib_a-findfp.o)
                0x100889d8                __sfmoreglue
 .text.__sinit  0x10088a04       0x60 c:/program files (x86)/cypress/psoc creator/4.4/psoc creator/import/gnu/arm/5.4.1/bin/../lib/gcc/arm-none-eabi/5.4.1/../../../../arm-none-eabi/lib/armv7e-m/softfp\libg_nano.a(lib_a-findfp.o)
                0x10088a04                __sinit
 .text.__sfp    0x10088a64       0x78 c:/program files (x86)/cypress/psoc creator/4.4/psoc creator/import/gnu/arm/5.4.1/bin/../lib/gcc/arm-none-eabi/5.4.1/../../../../arm-none-eabi/lib/armv7e-m/softfp\libg_nano.a(lib_a-findfp.o)
                0x10088a64                __sfp
 .text._fwalk_reent
                0x10088adc       0x3c c:/program files (x86)/cypress/psoc creator/4.4/psoc creator/import/gnu/arm/5.4.1/bin/../lib/gcc/arm-none-eabi/5.4.1/../../../../arm-none-eabi/lib/armv7e-m/softfp\libg_nano.a(lib_a-fwalk.o)
                0x10088adc                _fwalk_reent
 .text._localeconv_r
                0x10088b18        0x8 c:/program files (x86)/cypress/psoc creator/4.4/psoc creator/import/gnu/arm/5.4.1/bin/../lib/gcc/arm-none-eabi/5.4.1/../../../../arm-none-eabi/lib/armv7e-m/softfp\libg_nano.a(lib_a-locale.o)
                0x10088b18                _localeconv_r
 .text.__swhatbuf_r
                0x10088b20       0x46 c:/program files (x86)/cypress/psoc creator/4.4/psoc creator/import/gnu/arm/5.4.1/bin/../lib/gcc/arm-none-eabi/5.4.1/../../../../arm-none-eabi/lib/armv7e-m/softfp\libg_nano.a(lib_a-makebuf.o)
                0x10088b20                __swhatbuf_r
 *fill*         0x10088b66        0x2 
 .text.__smakebuf_r
                0x10088b68       0x78 c:/program files (x86)/cypress/psoc creator/4.4/psoc creator/import/gnu/arm/5.4.1/bin/../lib/gcc/arm-none-eabi/5.4.1/../../../../arm-none-eabi/lib/armv7e-m/softfp\libg_nano.a(lib_a-makebuf.o)
                0x10088b68                __smakebuf_r
 .text.malloc   0x10088be0       0x10 c:/program files (x86)/cypress/psoc creator/4.4/psoc creator/import/gnu/arm/5.4.1/bin/../lib/gcc/arm-none-eabi/5.4.1/../../../../arm-none-eabi/lib/armv7e-m/softfp\libg_nano.a(lib_a-malloc.o)
                0x10088be0                malloc
 .text          0x10088bf0       0xa0 c:/program files (x86)/cypress/psoc creator/4.4/psoc creator/import/gnu/arm/5.4.1/bin/../lib/gcc/arm-none-eabi/5.4.1/../../../../arm-none-eabi/lib/armv7e-m/softfp\libg_nano.a(lib_a-memchr.o)
                0x10088bf0                memchr
 .text._Balloc  0x10088c90       0x6a c:/program files (x86)/cypress/psoc creator/4.4/psoc creator/import/gnu/arm/5.4.1/bin/../lib/gcc/arm-none-eabi/5.4.1/../../../../arm-none-eabi/lib/armv7e-m/softfp\libg_nano.a(lib_a-mprec.o)
                0x10088c90                _Balloc
 .text._Bfree   0x10088cfa       0x2e c:/program files (x86)/cypress/psoc creator/4.4/psoc creator/import/gnu/arm/5.4.1/bin/../lib/gcc/arm-none-eabi/5.4.1/../../../../arm-none-eabi/lib/armv7e-m/softfp\libg_nano.a(lib_a-mprec.o)
                0x10088cfa                _Bfree
 .text.__multadd
                0x10088d28       0x76 c:/program files (x86)/cypress/psoc creator/4.4/psoc creator/import/gnu/arm/5.4.1/bin/../lib/gcc/arm-none-eabi/5.4.1/../../../../arm-none-eabi/lib/armv7e-m/softfp\libg_nano.a(lib_a-mprec.o)
                0x10088d28                __multadd
 .text.__hi0bits
                0x10088d9e       0x40 c:/program files (x86)/cypress/psoc creator/4.4/psoc creator/import/gnu/arm/5.4.1/bin/../lib/gcc/arm-none-eabi/5.4.1/../../../../arm-none-eabi/lib/armv7e-m/softfp\libg_nano.a(lib_a-mprec.o)
                0x10088d9e                __hi0bits
 .text.__lo0bits
                0x10088dde       0x5a c:/program files (x86)/cypress/psoc creator/4.4/psoc creator/import/gnu/arm/5.4.1/bin/../lib/gcc/arm-none-eabi/5.4.1/../../../../arm-none-eabi/lib/armv7e-m/softfp\libg_nano.a(lib_a-mprec.o)
                0x10088dde                __lo0bits
 .text.__i2b    0x10088e38       0x12 c:/program files (x86)/cypress/psoc creator/4.4/psoc creator/import/gnu/arm/5.4.1/bin/../lib/gcc/arm-none-eabi/5.4.1/../../../../arm-none-eabi/lib/armv7e-m/softfp\libg_nano.a(lib_a-mprec.o)
                0x10088e38                __i2b
 .text.__multiply
                0x10088e4a      0x122 c:/program files (x86)/cypress/psoc creator/4.4/psoc creator/import/gnu/arm/5.4.1/bin/../lib/gcc/arm-none-eabi/5.4.1/../../../../arm-none-eabi/lib/armv7e-m/softfp\libg_nano.a(lib_a-mprec.o)
                0x10088e4a                __multiply
 .text.__pow5mult
                0x10088f6c       0x9c c:/program files (x86)/cypress/psoc creator/4.4/psoc creator/import/gnu/arm/5.4.1/bin/../lib/gcc/arm-none-eabi/5.4.1/../../../../arm-none-eabi/lib/armv7e-m/softfp\libg_nano.a(lib_a-mprec.o)
                0x10088f6c                __pow5mult
 .text.__lshift
                0x10089008       0xa2 c:/program files (x86)/cypress/psoc creator/4.4/psoc creator/import/gnu/arm/5.4.1/bin/../lib/gcc/arm-none-eabi/5.4.1/../../../../arm-none-eabi/lib/armv7e-m/softfp\libg_nano.a(lib_a-mprec.o)
                0x10089008                __lshift
 .text.__mcmp   0x100890aa       0x38 c:/program files (x86)/cypress/psoc creator/4.4/psoc creator/import/gnu/arm/5.4.1/bin/../lib/gcc/arm-none-eabi/5.4.1/../../../../arm-none-eabi/lib/armv7e-m/softfp\libg_nano.a(lib_a-mprec.o)
                0x100890aa                __mcmp
 .text.__mdiff  0x100890e2       0xbe c:/program files (x86)/cypress/psoc creator/4.4/psoc creator/import/gnu/arm/5.4.1/bin/../lib/gcc/arm-none-eabi/5.4.1/../../../../arm-none-eabi/lib/armv7e-m/softfp\libg_nano.a(lib_a-mprec.o)
                0x100890e2                __mdiff
 .text.__d2b    0x100891a0       0x9c c:/program files (x86)/cypress/psoc creator/4.4/psoc creator/import/gnu/arm/5.4.1/bin/../lib/gcc/arm-none-eabi/5.4.1/../../../../arm-none-eabi/lib/armv7e-m/softfp\libg_nano.a(lib_a-mprec.o)
                0x100891a0                __d2b
 .text._calloc_r
                0x1008923c       0x1c c:/program files (x86)/cypress/psoc creator/4.4/psoc creator/import/gnu/arm/5.4.1/bin/../lib/gcc/arm-none-eabi/5.4.1/../../../../arm-none-eabi/lib/armv7e-m/softfp\libg_nano.a(lib_a-nano-callocr.o)
                0x1008923c                _calloc_r
 .text._free_r  0x10089258       0x9c c:/program files (x86)/cypress/psoc creator/4.4/psoc creator/import/gnu/arm/5.4.1/bin/../lib/gcc/arm-none-eabi/5.4.1/../../../../arm-none-eabi/lib/armv7e-m/softfp\libg_nano.a(lib_a-nano-freer.o)
                0x10089258                _free_r
 .text._malloc_r
                0x100892f4       0xbc c:/program files (x86)/cypress/psoc creator/4.4/psoc creator/import/gnu/arm/5.4.1/bin/../lib/gcc/arm-none-eabi/5.4.1/../../../../arm-none-eabi/lib/armv7e-m/softfp\libg_nano.a(lib_a-nano-mallocr.o)
                0x100892f4                _malloc_r
 .text.__sfputc_r
                0x100893b0       0x30 c:/program files (x86)/cypress/psoc creator/4.4/psoc creator/import/gnu/arm/5.4.1/bin/../lib/gcc/arm-none-eabi/5.4.1/../../../../arm-none-eabi/lib/armv7e-m/softfp\libg_nano.a(lib_a-nano-vfprintf.o)
 .text.__sfputs_r
                0x100893e0       0x24 c:/program files (x86)/cypress/psoc creator/4.4/psoc creator/import/gnu/arm/5.4.1/bin/../lib/gcc/arm-none-eabi/5.4.1/../../../../arm-none-eabi/lib/armv7e-m/softfp\libg_nano.a(lib_a-nano-vfprintf.o)
                0x100893e0                __sfputs_r
 .text._vfprintf_r
                0x10089404      0x238 c:/program files (x86)/cypress/psoc creator/4.4/psoc creator/import/gnu/arm/5.4.1/bin/../lib/gcc/arm-none-eabi/5.4.1/../../../../arm-none-eabi/lib/armv7e-m/softfp\libg_nano.a(lib_a-nano-vfprintf.o)
                0x10089404                _vfprintf_r
                0x10089404                _vfiprintf_r
 .text._sbrk_r  0x1008963c       0x20 c:/program files (x86)/cypress/psoc creator/4.4/psoc creator/import/gnu/arm/5.4.1/bin/../lib/gcc/arm-none-eabi/5.4.1/../../../../arm-none-eabi/lib/armv7e-m/softfp\libg_nano.a(lib_a-sbrkr.o)
                0x1008963c                _sbrk_r
 .text.__sread  0x1008965c       0x22 c:/program files (x86)/cypress/psoc creator/4.4/psoc creator/import/gnu/arm/5.4.1/bin/../lib/gcc/arm-none-eabi/5.4.1/../../../../arm-none-eabi/lib/armv7e-m/softfp\libg_nano.a(lib_a-stdio.o)
                0x1008965c                __sread
 .text.__swrite
                0x1008967e       0x38 c:/program files (x86)/cypress/psoc creator/4.4/psoc creator/import/gnu/arm/5.4.1/bin/../lib/gcc/arm-none-eabi/5.4.1/../../../../arm-none-eabi/lib/armv7e-m/softfp\libg_nano.a(lib_a-stdio.o)
                0x1008967e                __swrite
 .text.__sseek  0x100896b6       0x24 c:/program files (x86)/cypress/psoc creator/4.4/psoc creator/import/gnu/arm/5.4.1/bin/../lib/gcc/arm-none-eabi/5.4.1/../../../../arm-none-eabi/lib/armv7e-m/softfp\libg_nano.a(lib_a-stdio.o)
                0x100896b6                __sseek
 .text.__sclose
                0x100896da        0x8 c:/program files (x86)/cypress/psoc creator/4.4/psoc creator/import/gnu/arm/5.4.1/bin/../lib/gcc/arm-none-eabi/5.4.1/../../../../arm-none-eabi/lib/armv7e-m/softfp\libg_nano.a(lib_a-stdio.o)
                0x100896da                __sclose
 *fill*         0x100896e2        0x2 
 .text._write_r
                0x100896e4       0x24 c:/program files (x86)/cypress/psoc creator/4.4/psoc creator/import/gnu/arm/5.4.1/bin/../lib/gcc/arm-none-eabi/5.4.1/../../../../arm-none-eabi/lib/armv7e-m/softfp\libg_nano.a(lib_a-writer.o)
                0x100896e4                _write_r
 .text._close_r
                0x10089708       0x20 c:/program files (x86)/cypress/psoc creator/4.4/psoc creator/import/gnu/arm/5.4.1/bin/../lib/gcc/arm-none-eabi/5.4.1/../../../../arm-none-eabi/lib/armv7e-m/softfp\libg_nano.a(lib_a-closer.o)
                0x10089708                _close_r
 .text._fstat_r
                0x10089728       0x24 c:/program files (x86)/cypress/psoc creator/4.4/psoc creator/import/gnu/arm/5.4.1/bin/../lib/gcc/arm-none-eabi/5.4.1/../../../../arm-none-eabi/lib/armv7e-m/softfp\libg_nano.a(lib_a-fstatr.o)
                0x10089728                _fstat_r
 .text._isatty_r
                0x1008974c       0x20 c:/program files (x86)/cypress/psoc creator/4.4/psoc creator/import/gnu/arm/5.4.1/bin/../lib/gcc/arm-none-eabi/5.4.1/../../../../arm-none-eabi/lib/armv7e-m/softfp\libg_nano.a(lib_a-isattyr.o)
                0x1008974c                _isatty_r
 .text._lseek_r
                0x1008976c       0x24 c:/program files (x86)/cypress/psoc creator/4.4/psoc creator/import/gnu/arm/5.4.1/bin/../lib/gcc/arm-none-eabi/5.4.1/../../../../arm-none-eabi/lib/armv7e-m/softfp\libg_nano.a(lib_a-lseekr.o)
                0x1008976c                _lseek_r
 .text.__malloc_lock
                0x10089790        0x2 c:/program files (x86)/cypress/psoc creator/4.4/psoc creator/import/gnu/arm/5.4.1/bin/../lib/gcc/arm-none-eabi/5.4.1/../../../../arm-none-eabi/lib/armv7e-m/softfp\libg_nano.a(lib_a-mlock.o)
                0x10089790                __malloc_lock
 .text.__malloc_unlock
                0x10089792        0x2 c:/program files (x86)/cypress/psoc creator/4.4/psoc creator/import/gnu/arm/5.4.1/bin/../lib/gcc/arm-none-eabi/5.4.1/../../../../arm-none-eabi/lib/armv7e-m/softfp\libg_nano.a(lib_a-mlock.o)
                0x10089792                __malloc_unlock
 .text._read_r  0x10089794       0x24 c:/program files (x86)/cypress/psoc creator/4.4/psoc creator/import/gnu/arm/5.4.1/bin/../lib/gcc/arm-none-eabi/5.4.1/../../../../arm-none-eabi/lib/armv7e-m/softfp\libg_nano.a(lib_a-readr.o)
                0x10089794                _read_r
 .text          0x100897b8       0x2c c:/program files (x86)/cypress/psoc creator/4.4/psoc creator/import/gnu/arm/5.4.1/bin/../lib/gcc/arm-none-eabi/5.4.1/armv7e-m/softfp\libgcc.a(_arm_unorddf2.o)
                0x100897b8                __unorddf2
                0x100897b8                __aeabi_dcmpun
 .text          0x100897e4       0x50 c:/program files (x86)/cypress/psoc creator/4.4/psoc creator/import/gnu/arm/5.4.1/bin/../lib/gcc/arm-none-eabi/5.4.1/armv7e-m/softfp\libgcc.a(_arm_fixdfsi.o)
                0x100897e4                __aeabi_d2iz
                0x100897e4                __fixdfsi
 .text._close   0x10089834       0x10 c:/program files (x86)/cypress/psoc creator/4.4/psoc creator/import/gnu/arm/5.4.1/bin/../lib/gcc/arm-none-eabi/5.4.1/../../../../arm-none-eabi/lib/armv7e-m/softfp\libnosys.a(close.o)
                0x10089834                _close
 .text._fstat   0x10089844       0x10 c:/program files (x86)/cypress/psoc creator/4.4/psoc creator/import/gnu/arm/5.4.1/bin/../lib/gcc/arm-none-eabi/5.4.1/../../../../arm-none-eabi/lib/armv7e-m/softfp\libnosys.a(fstat.o)
                0x10089844                _fstat
 .text._isatty  0x10089854       0x10 c:/program files (x86)/cypress/psoc creator/4.4/psoc creator/import/gnu/arm/5.4.1/bin/../lib/gcc/arm-none-eabi/5.4.1/../../../../arm-none-eabi/lib/armv7e-m/softfp\libnosys.a(isatty.o)
                0x10089854                _isatty
 .text._lseek   0x10089864       0x10 c:/program files (x86)/cypress/psoc creator/4.4/psoc creator/import/gnu/arm/5.4.1/bin/../lib/gcc/arm-none-eabi/5.4.1/../../../../arm-none-eabi/lib/armv7e-m/softfp\libnosys.a(lseek.o)
                0x10089864                _lseek
 .text._sbrk    0x10089874       0x1c c:/program files (x86)/cypress/psoc creator/4.4/psoc creator/import/gnu/arm/5.4.1/bin/../lib/gcc/arm-none-eabi/5.4.1/../../../../arm-none-eabi/lib/armv7e-m/softfp\libnosys.a(sbrk.o)
                0x10089874                _sbrk
 *(.init)
 .init          0x10089890        0x4 c:/program files (x86)/cypress/psoc creator/4.4/psoc creator/import/gnu/arm/5.4.1/bin/../lib/gcc/arm-none-eabi/5.4.1/armv7e-m/softfp/crti.o
                0x10089890                _init
 .init          0x10089894        0x8 c:/program files (x86)/cypress/psoc creator/4.4/psoc creator/import/gnu/arm/5.4.1/bin/../lib/gcc/arm-none-eabi/5.4.1/armv7e-m/softfp/crtn.o
 *(.fini)
 .fini          0x1008989c        0x4 c:/program files (x86)/cypress/psoc creator/4.4/psoc creator/import/gnu/arm/5.4.1/bin/../lib/gcc/arm-none-eabi/5.4.1/armv7e-m/softfp/crti.o
                0x1008989c                _fini
 .fini          0x100898a0        0x8 c:/program files (x86)/cypress/psoc creator/4.4/psoc creator/import/gnu/arm/5.4.1/bin/../lib/gcc/arm-none-eabi/5.4.1/armv7e-m/softfp/crtn.o
 .fini.__stub   0x100898a8       0x10 linker stubs
 *crtbegin.o(.ctors)
 *crtbegin?.o(.ctors)
 *(EXCLUDE_FILE(*crtend.o *crtend?.o) .ctors)
 *(SORT(.ctors.*))
 *(.ctors)
 *crtbegin.o(.dtors)
 *crtbegin?.o(.dtors)
 *(EXCLUDE_FILE(*crtend.o *crtend?.o) .dtors)
 *(SORT(.dtors.*))
 *(.dtors)
 *(.rodata .rodata.* .constdata .constdata.* .conststring .conststring.*)
 .rodata        0x100898b8      0x168 .\CortexM4\ARM_GCC_541\Debug\led_task.o
 .rodata.str1.4
                0x10089a20      0x165 .\CortexM4\ARM_GCC_541\Debug\led_task.o
 *fill*         0x10089b85        0x3 
 .rodata.str1.4
                0x10089b88       0x7f .\CortexM4\ARM_GCC_541\Debug\main_cm4.o
 *fill*         0x10089c07        0x1 
 .rodata        0x10089c08       0x34 .\CortexM4\ARM_GCC_541\Debug\system_psoc6_cm4.o
 .rodata        0x10089c3c       0x38 .\CortexM4\ARM_GCC_541\Debug\cyfitter_sysint_cfg.o
                0x10089c3c                ISR_TIM_cfg
                0x10089c44                ISR_CYC_cfg
                0x10089c4c                ISR_AFE1_cfg
                0x10089c54                ISR_AFE0_cfg
                0x10089c5c                UART_SCB_IRQ_cfg
                0x10089c64                I2C_2_SCB_IRQ_cfg
                0x10089c6c                I2C_1_SCB_IRQ_cfg
 .rodata        0x10089c74       0x14 .\CortexM4\ARM_GCC_541\Debug\I2C_1.o
                0x10089c74                I2C_1_config
 .rodata.str1.4
                0x10089c88       0x3f .\CortexM4\ARM_GCC_541\Debug\cy_flash.o
 *fill*         0x10089cc7        0x1 
 .rodata.str1.4
                0x10089cc8       0x7f .\CortexM4\ARM_GCC_541\Debug\cy_ipc_drv.o
 .rodata.str1.4
                0x10089d47       0x3f .\CortexM4\ARM_GCC_541\Debug\cy_ipc_sema.o
 *fill*         0x10089d47        0x1 
 .rodata.str1.4
                0x10089d48       0x40 .\CortexM4\ARM_GCC_541\Debug\cy_ipc_pipe.o
                                 0x7f (size before relaxing)
 .rodata.str1.4
                0x10089d88       0xc3 .\CortexM4\ARM_GCC_541\Debug\cy_scb_i2c.o
 *fill*         0x10089e4b        0x1 
 .rodata.str1.4
                0x10089e4c       0x80 .\CortexM4\ARM_GCC_541\Debug\cy_scb_uart.o
                                 0xc4 (size before relaxing)
 .rodata.str1.4
                0x10089ecc       0x41 .\CortexM4\ARM_GCC_541\Debug\cy_sysint.o
 *fill*         0x10089f0d        0x3 
 .rodata.str1.4
                0x10089f10       0x3f .\CortexM4\ARM_GCC_541\Debug\cy_syspm.o
                                 0x7f (size before relaxing)
 *fill*         0x10089f4f        0x1 
 .rodata        0x10089f50      0x170 .\CortexM4\ARM_GCC_541\Debug\cy_device.o
                0x10089f50                cy_deviceIpBlockCfgPSoC6_02
                0x1008a008                cy_deviceIpBlockCfgPSoC6_01
 .rodata        0x1008a0c0       0x14 .\CortexM4\ARM_GCC_541\Debug\cy_ble.o
 .rodata        0x1008a0d4      0x100 .\CortexM4\ARM_GCC_541\Debug\cy_ble_hal_pvt.o
 .rodata        0x1008a1d4        0x2 .\CortexM4\ARM_GCC_541\Debug\cy_ble_event_handler.o
 *fill*         0x1008a1d6        0x2 
 .rodata.str1.4
                0x1008a1d8       0x37 .\CortexM4\ARM_GCC_541\Debug\cy_ble_event_handler.o
 *fill*         0x1008a20f        0x1 
 .rodata.str1.4
                0x1008a210        0x5 .\CortexM4\ARM_GCC_541\Debug\tasks.o
 *fill*         0x1008a215        0x3 
 .rodata.str1.4
                0x1008a218       0x10 .\CortexM4\ARM_GCC_541\Debug\timers.o
 .rodata        0x1008a228      0x216 .\CortexM4\ARM_GCC_541\Debug\BLE_config.o
 *fill*         0x1008a43e        0x2 
 .rodata        0x1008a440        0xe .\CortexM4\ARM_GCC_541\Debug\BLE_custom_config.o
 *fill*         0x1008a44e        0x2 
 .rodata        0x1008a450       0x40 .\CortexM4\ARM_GCC_541\Debug\UART.o
                0x1008a450                UART_config
 .rodata        0x1008a490       0x64 .\CortexM4\ARM_GCC_541\Debug\PWM_AFE.o
                0x1008a490                PWM_AFE_config
 .rodata        0x1008a4f4       0x14 .\CortexM4\ARM_GCC_541\Debug\I2C_2.o
                0x1008a4f4                I2C_2_config
 .rodata        0x1008a508       0x64 .\CortexM4\ARM_GCC_541\Debug\PWM_CYC.o
                0x1008a508                PWM_CYC_config
 .rodata        0x1008a56c       0x64 .\CortexM4\ARM_GCC_541\Debug\PWM_TIM.o
                0x1008a56c                PWM_TIM_config
 .constdata     0x1008a5d0       0x18 Generated_Source\PSoC6\pdl\middleware\ble\lib\cy_ble_stack_gcc_host_ipc_cm4.a(BT_os.o)
                0x1008a5d0                cyBleStackMemoryConfig
 .constdata     0x1008a5e8       0x58 Generated_Source\PSoC6\pdl\middleware\ble\lib\cy_ble_stack_gcc_host_ipc_cm4.a(l2cap_init.o)
                0x1008a5e8                l2cap_le_sig_handler
 .constdata     0x1008a640       0x3c Generated_Source\PSoC6\pdl\middleware\ble\lib\cy_ble_stack_gcc_host_ipc_cm4.a(fsm_engine_pl.o)
                0x1008a640                fsm_module_table
 .constdata     0x1008a67c      0x110 Generated_Source\PSoC6\pdl\middleware\ble\lib\cy_ble_stack_gcc_host_ipc_cm4.a(gap_hci_iface.o)
                0x1008a67c                hciCommandCompleteEventHandlers
 .constdata     0x1008a78c       0x20 Generated_Source\PSoC6\pdl\middleware\ble\lib\cy_ble_stack_gcc_host_ipc_cm4.a(gap_privacy.o)
 .constdata     0x1008a7ac       0x32 Generated_Source\PSoC6\pdl\middleware\ble\lib\cy_ble_stack_gcc_host_ipc_cm4.a(smp_core.o)
                0x1008a7ac                smp_iocap_assoc_map
                0x1008a7c5                smp_sc_iocap_assoc_map
 *fill*         0x1008a7de        0x2 
 .constdata     0x1008a7e0        0xc Generated_Source\PSoC6\pdl\middleware\ble\lib\cy_ble_stack_gcc_host_ipc_cm4.a(smp_interface.o)
                0x1008a7e0                smp_event_fp
 .constdata     0x1008a7ec       0x22 Generated_Source\PSoC6\pdl\middleware\ble\lib\cy_ble_stack_gcc_host_ipc_cm4.a(smp_utils.o)
                0x1008a7ec                smp_event_map
 *fill*         0x1008a80e        0x2 
 .constdata     0x1008a810       0xb4 Generated_Source\PSoC6\pdl\middleware\ble\lib\cy_ble_stack_gcc_host_ipc_cm4.a(smp_fsm_table.o)
                0x1008a810                smp_state_event_table
 .constdata     0x1008a8c4      0x110 Generated_Source\PSoC6\pdl\middleware\ble\lib\cy_ble_stack_gcc_host_ipc_cm4.a(smp_fsm_table.o)
                0x1008a8c4                smp_event_handler_table
 .constdata     0x1008a9d4       0x20 Generated_Source\PSoC6\pdl\middleware\ble\lib\cy_ble_stack_gcc_host_ipc_cm4.a(aes_cmac.o)
                0x1008a9d4                cmac_zero_data
                0x1008a9e4                cmac_rb_data
 .constdata     0x1008a9f4       0x60 Generated_Source\PSoC6\pdl\middleware\ble\lib\cy_ble_stack_gcc_host_ipc_cm4.a(att_fsm_table.o)
                0x1008a9f4                att_state_event_table
 .constdata     0x1008aa54       0x58 Generated_Source\PSoC6\pdl\middleware\ble\lib\cy_ble_stack_gcc_host_ipc_cm4.a(att_fsm_table.o)
                0x1008aa54                att_event_handler_table
 .rodata.str1.1
                0x1008aaac        0x2 c:/program files (x86)/cypress/psoc creator/4.4/psoc creator/import/gnu/arm/5.4.1/bin/../lib/gcc/arm-none-eabi/5.4.1/../../../../arm-none-eabi/lib/armv7e-m/softfp\libg_nano.a(lib_a-impure.o)
 *fill*         0x1008aaae        0x2 
 .rodata._global_impure_ptr
                0x1008aab0        0x4 c:/program files (x86)/cypress/psoc creator/4.4/psoc creator/import/gnu/arm/5.4.1/bin/../lib/gcc/arm-none-eabi/5.4.1/../../../../arm-none-eabi/lib/armv7e-m/softfp\libg_nano.a(lib_a-impure.o)
                0x1008aab0                _global_impure_ptr
 .rodata.str1.1
                0x1008aab4       0x12 c:/program files (x86)/cypress/psoc creator/4.4/psoc creator/import/gnu/arm/5.4.1/bin/../lib/gcc/arm-none-eabi/5.4.1/../../../../arm-none-eabi/lib/armv7e-m/softfp\libg_nano.a(lib_a-nano-vfprintf_float.o)
 .rodata.str1.1
                0x1008aac6       0x22 c:/program files (x86)/cypress/psoc creator/4.4/psoc creator/import/gnu/arm/5.4.1/bin/../lib/gcc/arm-none-eabi/5.4.1/../../../../arm-none-eabi/lib/armv7e-m/softfp\libg_nano.a(lib_a-nano-vfprintf_i.o)
 .rodata.str1.1
                0x1008aae8        0xd c:/program files (x86)/cypress/psoc creator/4.4/psoc creator/import/gnu/arm/5.4.1/bin/../lib/gcc/arm-none-eabi/5.4.1/../../../../arm-none-eabi/lib/armv7e-m/softfp\libg_nano.a(lib_a-dtoa.o)
                                  0xf (size before relaxing)
 *fill*         0x1008aaf5        0x3 
 .rodata.__sf_fake_stdin
                0x1008aaf8       0x20 c:/program files (x86)/cypress/psoc creator/4.4/psoc creator/import/gnu/arm/5.4.1/bin/../lib/gcc/arm-none-eabi/5.4.1/../../../../arm-none-eabi/lib/armv7e-m/softfp\libg_nano.a(lib_a-findfp.o)
                0x1008aaf8                __sf_fake_stdin
 .rodata.__sf_fake_stdout
                0x1008ab18       0x20 c:/program files (x86)/cypress/psoc creator/4.4/psoc creator/import/gnu/arm/5.4.1/bin/../lib/gcc/arm-none-eabi/5.4.1/../../../../arm-none-eabi/lib/armv7e-m/softfp\libg_nano.a(lib_a-findfp.o)
                0x1008ab18                __sf_fake_stdout
 .rodata.__sf_fake_stderr
                0x1008ab38       0x20 c:/program files (x86)/cypress/psoc creator/4.4/psoc creator/import/gnu/arm/5.4.1/bin/../lib/gcc/arm-none-eabi/5.4.1/../../../../arm-none-eabi/lib/armv7e-m/softfp\libg_nano.a(lib_a-findfp.o)
                0x1008ab38                __sf_fake_stderr
 .rodata.str1.1
                0x1008ab58        0x8 c:/program files (x86)/cypress/psoc creator/4.4/psoc creator/import/gnu/arm/5.4.1/bin/../lib/gcc/arm-none-eabi/5.4.1/../../../../arm-none-eabi/lib/armv7e-m/softfp\libg_nano.a(lib_a-locale.o)
                                  0xb (size before relaxing)
 .rodata.p05.5410
                0x1008ab60        0xc c:/program files (x86)/cypress/psoc creator/4.4/psoc creator/import/gnu/arm/5.4.1/bin/../lib/gcc/arm-none-eabi/5.4.1/../../../../arm-none-eabi/lib/armv7e-m/softfp\libg_nano.a(lib_a-mprec.o)
 *fill*         0x1008ab6c        0x4 
 .rodata.__mprec_bigtens
                0x1008ab70       0x28 c:/program files (x86)/cypress/psoc creator/4.4/psoc creator/import/gnu/arm/5.4.1/bin/../lib/gcc/arm-none-eabi/5.4.1/../../../../arm-none-eabi/lib/armv7e-m/softfp\libg_nano.a(lib_a-mprec.o)
                0x1008ab70                __mprec_bigtens
 .rodata.__mprec_tens
                0x1008ab98       0xc8 c:/program files (x86)/cypress/psoc creator/4.4/psoc creator/import/gnu/arm/5.4.1/bin/../lib/gcc/arm-none-eabi/5.4.1/../../../../arm-none-eabi/lib/armv7e-m/softfp\libg_nano.a(lib_a-mprec.o)
                0x1008ab98                __mprec_tens
 .rodata.str1.1
                0x1008ac60       0x11 c:/program files (x86)/cypress/psoc creator/4.4/psoc creator/import/gnu/arm/5.4.1/bin/../lib/gcc/arm-none-eabi/5.4.1/../../../../arm-none-eabi/lib/armv7e-m/softfp\libg_nano.a(lib_a-nano-vfprintf.o)
 *(.eh_frame*)
 *fill*         0x1008ac71        0x3 
 .eh_frame      0x1008ac74        0x0 c:/program files (x86)/cypress/psoc creator/4.4/psoc creator/import/gnu/arm/5.4.1/bin/../lib/gcc/arm-none-eabi/5.4.1/armv7e-m/softfp/crtbegin.o
 .eh_frame      0x1008ac74        0x4 c:/program files (x86)/cypress/psoc creator/4.4/psoc creator/import/gnu/arm/5.4.1/bin/../lib/gcc/arm-none-eabi/5.4.1/armv7e-m/softfp/crtend.o

.glue_7         0x1008ac78        0x0
 .glue_7        0x1008ac78        0x0 linker stubs

.glue_7t        0x1008ac78        0x0
 .glue_7t       0x1008ac78        0x0 linker stubs

.vfp11_veneer   0x1008ac78        0x0
 .vfp11_veneer  0x1008ac78        0x0 linker stubs

.v4_bx          0x1008ac78        0x0
 .v4_bx         0x1008ac78        0x0 linker stubs

.iplt           0x1008ac78        0x0
 .iplt          0x1008ac78        0x0 c:/program files (x86)/cypress/psoc creator/4.4/psoc creator/import/gnu/arm/5.4.1/bin/../lib/gcc/arm-none-eabi/5.4.1/armv7e-m/softfp/crtbegin.o

i.CyBleStackMgr_Init
                0x1008ac78       0xdc
 i.CyBleStackMgr_Init
                0x1008ac78       0xdc Generated_Source\PSoC6\pdl\middleware\ble\lib\cy_ble_stack_gcc_host_ipc_cm4.a(CyBleStackMgrIP_Interface.o)
                0x1008ac78                CyBleStackMgr_Init

i.CyBleStackMgr_ProcessBleEvents
                0x1008ad54       0x14
 i.CyBleStackMgr_ProcessBleEvents
                0x1008ad54       0x14 Generated_Source\PSoC6\pdl\middleware\ble\lib\cy_ble_stack_gcc_host_ipc_cm4.a(CyBleStackMgrIP_Interface.o)
                0x1008ad54                CyBleStackMgr_ProcessBleEvents

i.CyBleStackMgr_Shutdown
                0x1008ad68       0x20
 i.CyBleStackMgr_Shutdown
                0x1008ad68       0x20 Generated_Source\PSoC6\pdl\middleware\ble\lib\cy_ble_stack_gcc_host_ipc_cm4.a(CyBleStackMgrIP_Interface.o)
                0x1008ad68                CyBleStackMgr_Shutdown

i.CyBle_GetHeapMemory
                0x1008ad88       0x3c
 i.CyBle_GetHeapMemory
                0x1008ad88       0x3c Generated_Source\PSoC6\pdl\middleware\ble\lib\cy_ble_stack_gcc_host_ipc_cm4.a(CyBleStackMgrIP_Interface.o)
                0x1008ad88                CyBle_GetHeapMemory

i.CyBle_GetNumAppBufferPools
                0x1008adc4        0xc
 i.CyBle_GetNumAppBufferPools
                0x1008adc4        0xc Generated_Source\PSoC6\pdl\middleware\ble\lib\cy_ble_stack_gcc_host_ipc_cm4.a(CyBleStackMgrIP_Interface.o)
                0x1008adc4                CyBle_GetNumAppBufferPools

i.CyBle_HostStackBufferPoolInit
                0x1008add0       0xc4
 i.CyBle_HostStackBufferPoolInit
                0x1008add0       0xc4 Generated_Source\PSoC6\pdl\middleware\ble\lib\cy_ble_stack_gcc_host_ipc_cm4.a(CyBleStackMgrIP_Interface.o)

i.CyBle_SortBufers
                0x1008ae94       0x40
 i.CyBle_SortBufers
                0x1008ae94       0x40 Generated_Source\PSoC6\pdl\middleware\ble\lib\cy_ble_stack_gcc_host_ipc_cm4.a(CyBleStackMgrIP_Interface.o)
                0x1008ae94                CyBle_SortBufers

i.CyBle_StackGetConfigPtr
                0x1008aed4        0x8
 i.CyBle_StackGetConfigPtr
                0x1008aed4        0x8 Generated_Source\PSoC6\pdl\middleware\ble\lib\cy_ble_stack_gcc_host_ipc_cm4.a(CyBleStackMgrIP_Interface.o)
                0x1008aed4                CyBle_StackGetConfigPtr

i.Cy_BLE_ProcessEvents
                0x1008aedc        0x4
 i.Cy_BLE_ProcessEvents
                0x1008aedc        0x4 Generated_Source\PSoC6\pdl\middleware\ble\lib\cy_ble_stack_gcc_host_ipc_cm4.a(CyBleStackMgrIP_Interface.o)
                0x1008aedc                Cy_BLE_ProcessEvents

i.Cy_BLE_StackEnterLPM
                0x1008aee0       0x16
 i.Cy_BLE_StackEnterLPM